Archive member included to satisfy reference by file (symbol)

/usr/lib/gcc/arm-none-eabi/9.2.1/thumb/v6-m/nofp/libgcc.a(_dvmd_tls.o)
                              CMakeFiles/sn74hc164_test.dir/home/adept/Donovan/pico/pico-sdk/src/rp2_common/pico_divider/divider_hardware.S.o (__aeabi_idiv0)
/usr/lib/gcc/arm-none-eabi/9.2.1/../../../arm-none-eabi/lib/thumb/v6-m/nofp/libg.a(lib_a-atexit.o)
                              /usr/lib/gcc/arm-none-eabi/9.2.1/../../../arm-none-eabi/lib/thumb/v6-m/nofp/crt0.o (atexit)
/usr/lib/gcc/arm-none-eabi/9.2.1/../../../arm-none-eabi/lib/thumb/v6-m/nofp/libg.a(lib_a-calloc.o)
                              CMakeFiles/sn74hc164_test.dir/home/adept/Donovan/pico/pico-sdk/src/rp2_common/pico_malloc/malloc.c.o (calloc)
/usr/lib/gcc/arm-none-eabi/9.2.1/../../../arm-none-eabi/lib/thumb/v6-m/nofp/libg.a(lib_a-callocr.o)
                              /usr/lib/gcc/arm-none-eabi/9.2.1/../../../arm-none-eabi/lib/thumb/v6-m/nofp/libg.a(lib_a-calloc.o) (_calloc_r)
/usr/lib/gcc/arm-none-eabi/9.2.1/../../../arm-none-eabi/lib/thumb/v6-m/nofp/libg.a(lib_a-fflush.o)
                              CMakeFiles/sn74hc164_test.dir/src/sn74hc164_test.c.o (fflush)
/usr/lib/gcc/arm-none-eabi/9.2.1/../../../arm-none-eabi/lib/thumb/v6-m/nofp/libg.a(lib_a-findfp.o)
                              /usr/lib/gcc/arm-none-eabi/9.2.1/../../../arm-none-eabi/lib/thumb/v6-m/nofp/libg.a(lib_a-fflush.o) (__sinit)
/usr/lib/gcc/arm-none-eabi/9.2.1/../../../arm-none-eabi/lib/thumb/v6-m/nofp/libg.a(lib_a-fini.o)
                              /usr/lib/gcc/arm-none-eabi/9.2.1/../../../arm-none-eabi/lib/thumb/v6-m/nofp/crt0.o (__libc_fini_array)
/usr/lib/gcc/arm-none-eabi/9.2.1/../../../arm-none-eabi/lib/thumb/v6-m/nofp/libg.a(lib_a-freer.o)
                              /usr/lib/gcc/arm-none-eabi/9.2.1/../../../arm-none-eabi/lib/thumb/v6-m/nofp/libg.a(lib_a-fflush.o) (_free_r)
/usr/lib/gcc/arm-none-eabi/9.2.1/../../../arm-none-eabi/lib/thumb/v6-m/nofp/libg.a(lib_a-fwalk.o)
                              /usr/lib/gcc/arm-none-eabi/9.2.1/../../../arm-none-eabi/lib/thumb/v6-m/nofp/libg.a(lib_a-findfp.o) (_fwalk)
/usr/lib/gcc/arm-none-eabi/9.2.1/../../../arm-none-eabi/lib/thumb/v6-m/nofp/libg.a(lib_a-impure.o)
                              /usr/lib/gcc/arm-none-eabi/9.2.1/../../../arm-none-eabi/lib/thumb/v6-m/nofp/libg.a(lib_a-fflush.o) (_global_impure_ptr)
/usr/lib/gcc/arm-none-eabi/9.2.1/../../../arm-none-eabi/lib/thumb/v6-m/nofp/libg.a(lib_a-init.o)
                              /usr/lib/gcc/arm-none-eabi/9.2.1/../../../arm-none-eabi/lib/thumb/v6-m/nofp/crt0.o (__libc_init_array)
/usr/lib/gcc/arm-none-eabi/9.2.1/../../../arm-none-eabi/lib/thumb/v6-m/nofp/libg.a(lib_a-lcltime_r.o)
                              CMakeFiles/sn74hc164_test.dir/home/adept/Donovan/pico/pico-sdk/src/common/pico_util/datetime.c.o (localtime_r)
/usr/lib/gcc/arm-none-eabi/9.2.1/../../../arm-none-eabi/lib/thumb/v6-m/nofp/libg.a(lib_a-malloc.o)
                              CMakeFiles/sn74hc164_test.dir/home/adept/Donovan/pico/pico-sdk/src/rp2_common/pico_malloc/malloc.c.o (malloc)
/usr/lib/gcc/arm-none-eabi/9.2.1/../../../arm-none-eabi/lib/thumb/v6-m/nofp/libg.a(lib_a-mallocr.o)
                              /usr/lib/gcc/arm-none-eabi/9.2.1/../../../arm-none-eabi/lib/thumb/v6-m/nofp/libg.a(lib_a-callocr.o) (_malloc_r)
/usr/lib/gcc/arm-none-eabi/9.2.1/../../../arm-none-eabi/lib/thumb/v6-m/nofp/libg.a(lib_a-memcmp.o)
                              CMakeFiles/sn74hc164_test.dir/home/adept/Donovan/pico/pico-sdk/src/rp2_common/pico_atomic/atomic.c.o (memcmp)
/usr/lib/gcc/arm-none-eabi/9.2.1/../../../arm-none-eabi/lib/thumb/v6-m/nofp/libg.a(lib_a-mktime.o)
                              CMakeFiles/sn74hc164_test.dir/home/adept/Donovan/pico/pico-sdk/src/common/pico_util/datetime.c.o (mktime)
/usr/lib/gcc/arm-none-eabi/9.2.1/../../../arm-none-eabi/lib/thumb/v6-m/nofp/libg.a(lib_a-mlock.o)
                              /usr/lib/gcc/arm-none-eabi/9.2.1/../../../arm-none-eabi/lib/thumb/v6-m/nofp/libg.a(lib_a-freer.o) (__malloc_lock)
/usr/lib/gcc/arm-none-eabi/9.2.1/../../../arm-none-eabi/lib/thumb/v6-m/nofp/libg.a(lib_a-month_lengths.o)
                              /usr/lib/gcc/arm-none-eabi/9.2.1/../../../arm-none-eabi/lib/thumb/v6-m/nofp/libg.a(lib_a-lcltime_r.o) (__month_lengths)
/usr/lib/gcc/arm-none-eabi/9.2.1/../../../arm-none-eabi/lib/thumb/v6-m/nofp/libg.a(lib_a-realloc.o)
                              CMakeFiles/sn74hc164_test.dir/home/adept/Donovan/pico/pico-sdk/src/rp2_common/pico_malloc/malloc.c.o (realloc)
/usr/lib/gcc/arm-none-eabi/9.2.1/../../../arm-none-eabi/lib/thumb/v6-m/nofp/libg.a(lib_a-reallocr.o)
                              /usr/lib/gcc/arm-none-eabi/9.2.1/../../../arm-none-eabi/lib/thumb/v6-m/nofp/libg.a(lib_a-realloc.o) (_realloc_r)
/usr/lib/gcc/arm-none-eabi/9.2.1/../../../arm-none-eabi/lib/thumb/v6-m/nofp/libg.a(lib_a-sbrkr.o)
[...]
Memory Configuration

Name             Origin             Length             Attributes
FLASH            0x0000000010000000 0x0000000000200000 xr
RAM              0x0000000020000000 0x0000000000040000 xrw
SCRATCH_X        0x0000000020040000 0x0000000000001000 xrw
SCRATCH_Y        0x0000000020041000 0x0000000000001000 xrw
*default*        0x0000000000000000 0xffffffffffffffff

Linker script and memory map

LOAD /usr/lib/gcc/arm-none-eabi/9.2.1/thumb/v6-m/nofp/crti.o
LOAD /usr/lib/gcc/arm-none-eabi/9.2.1/thumb/v6-m/nofp/crtbegin.o
LOAD /usr/lib/gcc/arm-none-eabi/9.2.1/../../../arm-none-eabi/lib/thumb/v6-m/nofp/crt0.o

.flash_begin    0x0000000010000000        0x0
                0x0000000010000000                __flash_binary_start = .

.boot2          0x0000000010000000      0x100
                0x0000000010000000                __boot2_start__ = .
 *(.boot2)
 .boot2         0x0000000010000000      0x100 pico-sdk/src/rp2040/boot_stage2/CMakeFiles/bs2_default_library.dir/bs2_default_padded_checksummed.S.o
                0x0000000010000100                __boot2_end__ = .
                0x0000000000000001                ASSERT (((__boot2_end__ - __boot2_start__) == 0x100), ERROR: Pico second stage bootloader must be 256 bytes in size)

.text           0x0000000010000100     0x7c5c
                0x0000000010000100                __logical_binary_start = .
 *(.vectors)
 .vectors       0x0000000010000100       0xd4 CMakeFiles/sn74hc164_test.dir/home/adept/Donovan/pico/pico-sdk/src/rp2_common/pico_crt0/crt0.S.o
                0x0000000010000100                __vectors
                0x0000000010000100                __VECTOR_TABLE
                0x00000000100001c0                isr_irq30
                0x00000000100001c0                __unhandled_user_irq
                0x00000000100001c0                isr_irq13
                0x00000000100001c0                isr_irq27
                0x00000000100001c0                isr_irq31
                0x00000000100001c0                isr_irq5
                0x00000000100001c0                isr_irq11
                0x00000000100001c0                isr_irq23
                0x00000000100001c0                isr_irq18
                0x00000000100001c0                isr_irq28
                0x00000000100001c0                isr_irq19
                0x00000000100001c0                isr_irq0
                0x00000000100001c0                isr_irq6
                0x00000000100001c0                isr_irq22
                0x00000000100001c0                isr_irq17
                0x00000000100001c0                isr_irq14
                0x00000000100001c0                __vectors_end
                0x00000000100001c0                __default_isrs_start
                0x00000000100001c0                isr_irq2
                0x00000000100001c0                isr_irq10
                0x00000000100001c0                isr_irq8
                0x00000000100001c0                isr_irq24
                0x00000000100001c0                isr_irq1
                0x00000000100001c0                isr_irq7
                0x00000000100001c0                isr_irq21
                0x00000000100001c0                isr_irq20
                0x00000000100001c0                isr_irq15
                0x00000000100001c0                isr_irq25
                0x00000000100001c0                isr_irq4
                0x00000000100001c0                isr_irq16
                0x00000000100001c0                isr_irq29
                0x00000000100001c0                isr_irq26
                0x00000000100001c0                isr_irq3
                0x00000000100001c0                isr_irq12
                0x00000000100001c0                isr_irq9
                0x00000000100001c6                unhandled_user_irq_num_in_r0
                0x00000000100001c8                isr_invalid
                0x00000000100001ca                isr_nmi
                0x00000000100001cc                isr_hardfault
                0x00000000100001ce                isr_svcall
                0x00000000100001d0                isr_pendsv
                0x00000000100001d2                isr_systick
                0x00000000100001d4                __default_isrs_end
 *(.binary_info_header)
 .binary_info_header
                0x00000000100001d4       0x14 CMakeFiles/sn74hc164_test.dir/home/adept/Donovan/pico/pico-sdk/src/rp2_common/pico_crt0/crt0.S.o
                0x00000000100001e8                __binary_info_header_end = .
 *(.embedded_block)
                0x00000000100001e8                __embedded_block_end = .
 *(.reset)
 .reset         0x00000000100001e8       0x9c CMakeFiles/sn74hc164_test.dir/home/adept/Donovan/pico/pico-sdk/src/rp2_common/pico_crt0/crt0.S.o
                0x00000000100001e8                _entry_point
 *(.init)
 .init          0x0000000010000284        0x4 /usr/lib/gcc/arm-none-eabi/9.2.1/thumb/v6-m/nofp/crti.o
                0x0000000010000284                _init
 *(EXCLUDE_FILE(*libm.a: *libc.a:*lib_a-mem*.o *libgcc.a:) .text*)
 .text          0x0000000010000288       0x98 /usr/lib/gcc/arm-none-eabi/9.2.1/thumb/v6-m/nofp/crtbegin.o
 .text.clear_register
                0x0000000010000320       0x20 CMakeFiles/sn74hc164_test.dir/src/sn74hc164_test.c.o
 .text.startup.main
                0x0000000010000340      0x324 CMakeFiles/sn74hc164_test.dir/src/sn74hc164_test.c.o
                0x0000000010000340                main
 .text.gpio_set_pulls
                0x0000000010000664       0x34 CMakeFiles/sn74hc164_test.dir/home/adept/Donovan/pico/pico-sdk/src/rp2_common/hardware_gpio/gpio.c.o
                0x0000000010000664                gpio_set_pulls
 .text.gpio_init
                0x0000000010000698       0x40 CMakeFiles/sn74hc164_test.dir/home/adept/Donovan/pico/pico-sdk/src/rp2_common/hardware_gpio/gpio.c.o
                0x0000000010000698                gpio_init
 .text.rp2040_chip_version
                0x00000000100006d8        0xc CMakeFiles/sn74hc164_test.dir/home/adept/Donovan/pico/pico-sdk/src/rp2040/pico_platform/platform.c.o
                0x00000000100006d8                rp2040_chip_version
 .text.panic    0x00000000100006e4       0x30 CMakeFiles/sn74hc164_test.dir/home/adept/Donovan/pico/pico-sdk/src/rp2_common/pico_platform_panic/panic.c.o
                0x00000000100006e4                panic
 .text.hw_claim_or_assert
                0x0000000010000714       0x48 CMakeFiles/sn74hc164_test.dir/home/adept/Donovan/pico/pico-sdk/src/common/hardware_claim/claim.c.o
                0x0000000010000714                hw_claim_or_assert
 .text.hw_claim_unused_from_range
                0x000000001000075c       0x9c CMakeFiles/sn74hc164_test.dir/home/adept/Donovan/pico/pico-sdk/src/common/hardware_claim/claim.c.o
                0x000000001000075c                hw_claim_unused_from_range
 .text.next_striped_spin_lock_num
                0x00000000100007f8       0x18 CMakeFiles/sn74hc164_test.dir/home/adept/Donovan/pico/pico-sdk/src/rp2_common/hardware_sync/sync.c.o
                0x00000000100007f8                next_striped_spin_lock_num
 .text.spin_lock_claim_unused
                0x0000000010000810       0x20 CMakeFiles/sn74hc164_test.dir/home/adept/Donovan/pico/pico-sdk/src/rp2_common/hardware_sync/sync.c.o
                0x0000000010000810                spin_lock_claim_unused
 .text.spin_locks_reset
                0x0000000010000830       0x1c CMakeFiles/sn74hc164_test.dir/home/adept/Donovan/pico/pico-sdk/src/rp2_common/hardware_sync_spin_lock/sync_spin_lock.c.o
                0x0000000010000830                spin_locks_reset
 .text.runtime_init_per_core_irq_priorities
                0x000000001000084c       0x24 CMakeFiles/sn74hc164_test.dir/home/adept/Donovan/pico/pico-sdk/src/rp2_common/hardware_irq/irq.c.o
                0x000000001000084c                runtime_init_per_core_irq_priorities
 .text.irq_set_enabled
                0x0000000010000870       0x24 CMakeFiles/sn74hc164_test.dir/home/adept/Donovan/pico/pico-sdk/src/rp2_common/hardware_irq/irq.c.o
                0x0000000010000870                irq_set_enabled
 .text.irq_is_enabled
                0x0000000010000894       0x18 CMakeFiles/sn74hc164_test.dir/home/adept/Donovan/pico/pico-sdk/src/rp2_common/hardware_irq/irq.c.o
                0x0000000010000894                irq_is_enabled
 .text.irq_set_pending
                0x00000000100008ac       0x10 CMakeFiles/sn74hc164_test.dir/home/adept/Donovan/pico/pico-sdk/src/rp2_common/hardware_irq/irq.c.o
                0x00000000100008ac                irq_set_pending
 .text.irq_has_shared_handler
                0x00000000100008bc       0x24 CMakeFiles/sn74hc164_test.dir/home/adept/Donovan/pico/pico-sdk/src/rp2_common/hardware_irq/irq.c.o
                0x00000000100008bc                irq_has_shared_handler
 .text.irq_set_exclusive_handler
                0x00000000100008e0       0x54 CMakeFiles/sn74hc164_test.dir/home/adept/Donovan/pico/pico-sdk/src/rp2_common/hardware_irq/irq.c.o
                0x00000000100008e0                irq_set_exclusive_handler
 .text.irq_add_shared_handler
                0x0000000010000934      0x1c4 CMakeFiles/sn74hc164_test.dir/home/adept/Donovan/pico/pico-sdk/src/rp2_common/hardware_irq/irq.c.o
                0x0000000010000934                irq_add_shared_handler
 .text.irq_add_tail_to_free_list
                0x0000000010000af8       0xb4 CMakeFiles/sn74hc164_test.dir/home/adept/Donovan/pico/pico-sdk/src/rp2_common/hardware_irq/irq.c.o
                0x0000000010000af8                irq_add_tail_to_free_list
 .text.user_irq_claim_unused
                0x0000000010000bac       0x28 CMakeFiles/sn74hc164_test.dir/home/adept/Donovan/pico/pico-sdk/src/rp2_common/hardware_irq/irq.c.o
                0x0000000010000bac                user_irq_claim_unused
 .text.lock_init
                0x0000000010000bd4       0x10 CMakeFiles/sn74hc164_test.dir/home/adept/Donovan/pico/pico-sdk/src/common/pico_sync/lock_core.c.o
                0x0000000010000bd4                lock_init
 .text.runtime_init_mutex
                0x0000000010000be4       0x58 CMakeFiles/sn74hc164_test.dir/home/adept/Donovan/pico/pico-sdk/src/common/pico_sync/mutex.c.o
                0x0000000010000be4                runtime_init_mutex
 .text.mutex_init
                0x0000000010000c3c       0x1c CMakeFiles/sn74hc164_test.dir/home/adept/Donovan/pico/pico-sdk/src/common/pico_sync/mutex.c.o
                0x0000000010000c3c                mutex_init
 .text.critical_section_init
                0x0000000010000c58       0x1c CMakeFiles/sn74hc164_test.dir/home/adept/Donovan/pico/pico-sdk/src/common/pico_sync/critical_section.c.o
                0x0000000010000c58                critical_section_init
 .text.critical_section_init_with_lock_num
                0x0000000010000c74       0x14 CMakeFiles/sn74hc164_test.dir/home/adept/Donovan/pico/pico-sdk/src/common/pico_sync/critical_section.c.o
                0x0000000010000c74                critical_section_init_with_lock_num
 .text.sleep_until_callback
                0x0000000010000c88       0x30 CMakeFiles/sn74hc164_test.dir/home/adept/Donovan/pico/pico-sdk/src/common/pico_time/time.c.o
 .text.alarm_pool_irq_handler
                0x0000000010000cb8      0x308 CMakeFiles/sn74hc164_test.dir/home/adept/Donovan/pico/pico-sdk/src/common/pico_time/time.c.o
 .text.runtime_init_default_alarm_pool
                0x0000000010000fc0       0xdc CMakeFiles/sn74hc164_test.dir/home/adept/Donovan/pico/pico-sdk/src/common/pico_time/time.c.o
                0x0000000010000fc0                runtime_init_default_alarm_pool
 .text.alarm_pool_get_default
                0x000000001000109c        0x8 CMakeFiles/sn74hc164_test.dir/home/adept/Donovan/pico/pico-sdk/src/common/pico_time/time.c.o
                0x000000001000109c                alarm_pool_get_default
 .text.alarm_pool_add_alarm_at
                0x00000000100010a4       0xc8 CMakeFiles/sn74hc164_test.dir/home/adept/Donovan/pico/pico-sdk/src/common/pico_time/time.c.o
                0x00000000100010a4                alarm_pool_add_alarm_at
 .text.alarm_pool_add_alarm_at_force_in_context
                0x000000001000116c       0xa8 CMakeFiles/sn74hc164_test.dir/home/adept/Donovan/pico/pico-sdk/src/common/pico_time/time.c.o
                0x000000001000116c                alarm_pool_add_alarm_at_force_in_context
 .text.alarm_pool_cancel_alarm
                0x0000000010001214       0x7c CMakeFiles/sn74hc164_test.dir/home/adept/Donovan/pico/pico-sdk/src/common/pico_time/time.c.o
                0x0000000010001214                alarm_pool_cancel_alarm
 .text.alarm_pool_core_num
                0x0000000010001290        0x4 CMakeFiles/sn74hc164_test.dir/home/adept/Donovan/pico/pico-sdk/src/common/pico_time/time.c.o
                0x0000000010001290                alarm_pool_core_num
 .text.sleep_until
                0x0000000010001294       0xd0 CMakeFiles/sn74hc164_test.dir/home/adept/Donovan/pico/pico-sdk/src/common/pico_time/time.c.o
                0x0000000010001294                sleep_until
 .text.sleep_us
                0x0000000010001364       0x24 CMakeFiles/sn74hc164_test.dir/home/adept/Donovan/pico/pico-sdk/src/common/pico_time/time.c.o
                0x0000000010001364                sleep_us
 .text.sleep_ms
                0x0000000010001388       0x34 CMakeFiles/sn74hc164_test.dir/home/adept/Donovan/pico/pico-sdk/src/common/pico_time/time.c.o
                0x0000000010001388                sleep_ms
 .text.best_effort_wfe_or_timeout
                0x00000000100013bc       0xfc CMakeFiles/sn74hc164_test.dir/home/adept/Donovan/pico/pico-sdk/src/common/pico_time/time.c.o
                0x00000000100013bc                best_effort_wfe_or_timeout
 .text.timer_hardware_alarm_claim
                0x00000000100014b8       0x14 CMakeFiles/sn74hc164_test.dir/home/adept/Donovan/pico/pico-sdk/src/rp2_common/hardware_timer/timer.c.o
                0x00000000100014b8                timer_hardware_alarm_claim
 .text.timer_time_us_64
                0x00000000100014cc       0x10 CMakeFiles/sn74hc164_test.dir/home/adept/Donovan/pico/pico-sdk/src/rp2_common/hardware_timer/timer.c.o
                0x00000000100014cc                timer_time_us_64
 .text.time_us_64
                0x00000000100014dc       0x14 CMakeFiles/sn74hc164_test.dir/home/adept/Donovan/pico/pico-sdk/src/rp2_common/hardware_timer/timer.c.o
                0x00000000100014dc                time_us_64
 .text.busy_wait_us
                0x00000000100014f0       0x54 CMakeFiles/sn74hc164_test.dir/home/adept/Donovan/pico/pico-sdk/src/rp2_common/hardware_timer/timer.c.o
                0x00000000100014f0                busy_wait_us
 .text.busy_wait_until
                0x0000000010001544       0x20 CMakeFiles/sn74hc164_test.dir/home/adept/Donovan/pico/pico-sdk/src/rp2_common/hardware_timer/timer.c.o
                0x0000000010001544                busy_wait_until
 .text.clock_configure_int_divider
                0x0000000010001564       0xf4 CMakeFiles/sn74hc164_test.dir/home/adept/Donovan/pico/pico-sdk/src/rp2_common/hardware_clocks/clocks.c.o
                0x0000000010001564                clock_configure_int_divider
 .text.clock_configure_undivided
                0x0000000010001658       0xe4 CMakeFiles/sn74hc164_test.dir/home/adept/Donovan/pico/pico-sdk/src/rp2_common/hardware_clocks/clocks.c.o
                0x0000000010001658                clock_configure_undivided
 .text.clock_get_hz
                0x000000001000173c        0xc CMakeFiles/sn74hc164_test.dir/home/adept/Donovan/pico/pico-sdk/src/rp2_common/hardware_clocks/clocks.c.o
                0x000000001000173c                clock_get_hz
 .text.pll_init
                0x0000000010001748       0xa0 CMakeFiles/sn74hc164_test.dir/home/adept/Donovan/pico/pico-sdk/src/rp2_common/hardware_pll/pll.c.o
                0x0000000010001748                pll_init
 .text.watchdog_reboot
                0x00000000100017e8       0x98 CMakeFiles/sn74hc164_test.dir/home/adept/Donovan/pico/pico-sdk/src/rp2_common/hardware_watchdog/watchdog.c.o
                0x00000000100017e8                watchdog_reboot
 .text.tick_start
                0x0000000010001880       0x10 CMakeFiles/sn74hc164_test.dir/home/adept/Donovan/pico/pico-sdk/src/rp2_common/hardware_ticks/ticks.c.o
                0x0000000010001880                tick_start
 .text.rom_func_lookup
                0x0000000010001890       0x10 CMakeFiles/sn74hc164_test.dir/home/adept/Donovan/pico/pico-sdk/src/rp2_common/pico_bootrom/bootrom.c.o
                0x0000000010001890                rom_func_lookup
 .text.rom_data_lookup
                0x00000000100018a0       0x10 CMakeFiles/sn74hc164_test.dir/home/adept/Donovan/pico/pico-sdk/src/rp2_common/pico_bootrom/bootrom.c.o
                0x00000000100018a0                rom_data_lookup
 .text.rom_funcs_lookup
                0x00000000100018b0       0x3c CMakeFiles/sn74hc164_test.dir/home/adept/Donovan/pico/pico-sdk/src/rp2_common/pico_bootrom/bootrom.c.o
                0x00000000100018b0                rom_funcs_lookup
 .text.rom_reset_usb_boot_extra
                0x00000000100018ec       0x28 CMakeFiles/sn74hc164_test.dir/home/adept/Donovan/pico/pico-sdk/src/rp2_common/pico_bootrom/bootrom.c.o
                0x00000000100018ec                rom_reset_usb_boot_extra
 .text.xosc_init
                0x0000000010001914       0x28 CMakeFiles/sn74hc164_test.dir/home/adept/Donovan/pico/pico-sdk/src/rp2_common/hardware_xosc/xosc.c.o
                0x0000000010001914                xosc_init
 .text.first_per_core_initializer
                0x000000001000193c        0x4 CMakeFiles/sn74hc164_test.dir/home/adept/Donovan/pico/pico-sdk/src/rp2_common/pico_runtime/runtime.c.o
 .text.hard_assertion_failure
                0x0000000010001940        0xc CMakeFiles/sn74hc164_test.dir/home/adept/Donovan/pico/pico-sdk/src/rp2_common/pico_runtime/runtime.c.o
                0x0000000010001940                hard_assertion_failure
 .text.runtime_run_initializers
                0x000000001000194c       0x28 CMakeFiles/sn74hc164_test.dir/home/adept/Donovan/pico/pico-sdk/src/rp2_common/pico_runtime/runtime.c.o
                0x000000001000194c                runtime_run_initializers
 .text.runtime_init_early_resets
                0x0000000010001974       0x2c CMakeFiles/sn74hc164_test.dir/home/adept/Donovan/pico/pico-sdk/src/rp2_common/pico_runtime_init/runtime_init.c.o
                0x0000000010001974                runtime_init_early_resets
 .text.runtime_init_usb_power_down
                0x00000000100019a0       0x1c CMakeFiles/sn74hc164_test.dir/home/adept/Donovan/pico/pico-sdk/src/rp2_common/pico_runtime_init/runtime_init.c.o
                0x00000000100019a0                runtime_init_usb_power_down
 .text.runtime_init_post_clock_resets
                0x00000000100019bc       0x20 CMakeFiles/sn74hc164_test.dir/home/adept/Donovan/pico/pico-sdk/src/rp2_common/pico_runtime_init/runtime_init.c.o
                0x00000000100019bc                runtime_init_post_clock_resets
 .text.runtime_init_rp2040_gpio_ie_disable
                0x00000000100019dc       0x14 CMakeFiles/sn74hc164_test.dir/home/adept/Donovan/pico/pico-sdk/src/rp2_common/pico_runtime_init/runtime_init.c.o
                0x00000000100019dc                runtime_init_rp2040_gpio_ie_disable
 .text.runtime_init_spin_locks_reset
                0x00000000100019f0        0x8 CMakeFiles/sn74hc164_test.dir/home/adept/Donovan/pico/pico-sdk/src/rp2_common/pico_runtime_init/runtime_init.c.o
                0x00000000100019f0                runtime_init_spin_locks_reset
 .text.runtime_init_install_ram_vector_table
                0x00000000100019f8       0xb8 CMakeFiles/sn74hc164_test.dir/home/adept/Donovan/pico/pico-sdk/src/rp2_common/pico_runtime_init/runtime_init.c.o
                0x00000000100019f8                runtime_init_install_ram_vector_table
 .text.runtime_init_clocks
                0x0000000010001ab0       0xd8 CMakeFiles/sn74hc164_test.dir/home/adept/Donovan/pico/pico-sdk/src/rp2_common/pico_runtime_init/runtime_init_clocks.c.o
                0x0000000010001ab0                runtime_init_clocks
 .text          0x0000000010001b88       0x10 CMakeFiles/sn74hc164_test.dir/home/adept/Donovan/pico/pico-sdk/src/rp2_common/pico_bit_ops/bit_ops_aeabi.S.o
 .text.__wrap___aeabi_idiv
                0x0000000010001b98       0x50 CMakeFiles/sn74hc164_test.dir/home/adept/Donovan/pico/pico-sdk/src/rp2_common/pico_divider/divider_hardware.S.o
                0x0000000010001b98                __wrap___aeabi_idivmod
                0x0000000010001b98                divmod_s32s32
                0x0000000010001b98                div_s32s32
                0x0000000010001b98                __wrap___aeabi_idiv
                0x0000000010001ba0                divmod_s32s32_unsafe
                0x0000000010001bcc                divmod_s32s32_savestate
 .text.__wrap___aeabi_uidiv
                0x0000000010001be8       0x4c CMakeFiles/sn74hc164_test.dir/home/adept/Donovan/pico/pico-sdk/src/rp2_common/pico_divider/divider_hardware.S.o
                0x0000000010001be8                __wrap___aeabi_uidiv
                0x0000000010001be8                __wrap___aeabi_uidivmod
                0x0000000010001be8                div_u32u32
                0x0000000010001be8                divmod_u32u32
                0x0000000010001bf0                divmod_u32u32_unsafe
                0x0000000010001c18                divmod_u32u32_savestate
 .text.__wrap___aeabi_ldiv
                0x0000000010001c34      0x424 CMakeFiles/sn74hc164_test.dir/home/adept/Donovan/pico/pico-sdk/src/rp2_common/pico_divider/divider_hardware.S.o
                0x0000000010001c34                div_s64s64
                0x0000000010001c34                divmod_s64s64
                0x0000000010001c34                __wrap___aeabi_ldivmod
                0x0000000010001c64                div_u64u64
                0x0000000010001c64                divmod_u64u64
                0x0000000010001c64                __wrap___aeabi_uldivmod
                0x0000000010001c74                divmod_u64u64_savestate
                0x0000000010001c94                divmod_s64s64_unsafe
                0x0000000010001d1c                divmod_u64u64_unsafe
 .text.__wrap___aeabi_darithmetic
                0x0000000010002058       0x80 CMakeFiles/sn74hc164_test.dir/home/adept/Donovan/pico/pico-sdk/src/rp2_common/pico_double/double_aeabi_rp2040.S.o
                0x0000000010002058                __wrap___aeabi_drsub
                0x000000001000205e                __wrap___aeabi_dsub
                0x0000000010002070                __wrap___aeabi_dadd
                0x0000000010002082                __wrap___aeabi_ddiv
                0x00000000100020be                __wrap___aeabi_dmul
 .text.__wrap___aeabi_cdcmple
                0x00000000100020d8       0x6c CMakeFiles/sn74hc164_test.dir/home/adept/Donovan/pico/pico-sdk/src/rp2_common/pico_double/double_aeabi_rp2040.S.o
                0x00000000100020d8                __wrap___aeabi_cdrcmple
                0x00000000100020e8                __wrap___aeabi_cdcmple
                0x00000000100020e8                __wrap___aeabi_cdcmpeq
 .text.__wrap___aeabi_dcmplt
                0x0000000010002144        0xc CMakeFiles/sn74hc164_test.dir/home/adept/Donovan/pico/pico-sdk/src/rp2_common/pico_double/double_aeabi_rp2040.S.o
                0x0000000010002144                __wrap___aeabi_dcmplt
 .text.__wrap___aeabi_dcmple
                0x0000000010002150       0x10 CMakeFiles/sn74hc164_test.dir/home/adept/Donovan/pico/pico-sdk/src/rp2_common/pico_double/double_aeabi_rp2040.S.o
                0x0000000010002150                __wrap___aeabi_dcmple
 .text.__wrap___aeabi_dcmpge
                0x0000000010002160       0x10 CMakeFiles/sn74hc164_test.dir/home/adept/Donovan/pico/pico-sdk/src/rp2_common/pico_double/double_aeabi_rp2040.S.o
                0x0000000010002160                __wrap___aeabi_dcmpge
 .text.__wrap___aeabi_dcmpgt
                0x0000000010002170        0xa CMakeFiles/sn74hc164_test.dir/home/adept/Donovan/pico/pico-sdk/src/rp2_common/pico_double/double_aeabi_rp2040.S.o
                0x0000000010002170                __wrap___aeabi_dcmpgt
 .text.__wrap___aeabi_dcmpun
                0x000000001000217a       0x18 CMakeFiles/sn74hc164_test.dir/home/adept/Donovan/pico/pico-sdk/src/rp2_common/pico_double/double_aeabi_rp2040.S.o
                0x000000001000217a                __wrap___aeabi_dcmpun
 *fill*         0x0000000010002192        0x2 
 .text.__wrap___aeabi_i2d
                0x0000000010002194       0x38 CMakeFiles/sn74hc164_test.dir/home/adept/Donovan/pico/pico-sdk/src/rp2_common/pico_double/double_aeabi_rp2040.S.o
                0x0000000010002194                __wrap___aeabi_ui2d
                0x0000000010002194                uint2double
                0x000000001000219c                __wrap___aeabi_i2d
                0x000000001000219c                int2double
 .text.__wrap___aeabi_d2iz
                0x00000000100021cc       0x48 CMakeFiles/sn74hc164_test.dir/home/adept/Donovan/pico/pico-sdk/src/rp2_common/pico_double/double_aeabi_rp2040.S.o
                0x00000000100021cc                __wrap___aeabi_d2iz
                0x00000000100021cc                double2int_z
 .text.__wrap___aeabi_d2uiz
                0x0000000010002214       0x18 CMakeFiles/sn74hc164_test.dir/home/adept/Donovan/pico/pico-sdk/src/rp2_common/pico_double/double_aeabi_rp2040.S.o
                0x0000000010002214                double2uint_z
                0x0000000010002214                double2uint
                0x0000000010002214                __wrap___aeabi_d2uiz
 .text.__aeabi_double_init
                0x000000001000222c       0xcc CMakeFiles/sn74hc164_test.dir/home/adept/Donovan/pico/pico-sdk/src/rp2_common/pico_double/double_init_rom_rp2040.c.o
                0x000000001000222c                __aeabi_double_init
 .text.double_table_shim_on_use_helper
                0x00000000100022f8       0x2c CMakeFiles/sn74hc164_test.dir/home/adept/Donovan/pico/pico-sdk/src/rp2_common/pico_double/double_v1_rom_shim_rp2040.S.o
                0x00000000100022f8                double_table_shim_on_use_helper
 .text.__wrap___aeabi_dsub
                0x0000000010002324       0x10 CMakeFiles/sn74hc164_test.dir/home/adept/Donovan/pico/pico-sdk/src/rp2_common/pico_double/double_v1_rom_shim_rp2040.S.o
                0x0000000010002324                drsub_shim
                0x000000001000232a                dsub_shim
 .text.dadd_shim
                0x0000000010002334      0x15c CMakeFiles/sn74hc164_test.dir/home/adept/Donovan/pico/pico-sdk/src/rp2_common/pico_double/double_v1_rom_shim_rp2040.S.o
                0x0000000010002334                dadd_shim
 .text.dmul_shim
                0x0000000010002490      0x15c CMakeFiles/sn74hc164_test.dir/home/adept/Donovan/pico/pico-sdk/src/rp2_common/pico_double/double_v1_rom_shim_rp2040.S.o
                0x0000000010002490                dmul_shim
 .text.ddiv_shim
                0x00000000100025ec      0x1b0 CMakeFiles/sn74hc164_test.dir/home/adept/Donovan/pico/pico-sdk/src/rp2_common/pico_double/double_v1_rom_shim_rp2040.S.o
                0x00000000100025ec                ddiv_shim
 .text.double2uint_shim
                0x000000001000279c        0xe CMakeFiles/sn74hc164_test.dir/home/adept/Donovan/pico/pico-sdk/src/rp2_common/pico_double/double_v1_rom_shim_rp2040.S.o
                0x000000001000279c                double2uint_shim
                0x000000001000279e                double2ufix_shim
 *fill*         0x00000000100027aa        0x2 
 .text.double2uint64_shim
                0x00000000100027ac       0x70 CMakeFiles/sn74hc164_test.dir/home/adept/Donovan/pico/pico-sdk/src/rp2_common/pico_double/double_v1_rom_shim_rp2040.S.o
                0x00000000100027ac                double2uint64_shim
                0x00000000100027ae                double2ufix64_shim
                0x00000000100027ce                d2fix_a
 .text.dunpacks
                0x000000001000281c       0x3c CMakeFiles/sn74hc164_test.dir/home/adept/Donovan/pico/pico-sdk/src/rp2_common/pico_double/double_v1_rom_shim_rp2040.S.o
                0x000000001000281c                dunpacks
 .text.__aeabi_lmul
                0x0000000010002858       0x32 CMakeFiles/sn74hc164_test.dir/home/adept/Donovan/pico/pico-sdk/src/rp2_common/pico_int64_ops/pico_int64_ops_aeabi.S.o
                0x0000000010002858                __wrap___aeabi_lmul
 *fill*         0x000000001000288a        0x2 
 .text.__aeabi_float_init
                0x000000001000288c       0x64 CMakeFiles/sn74hc164_test.dir/home/adept/Donovan/pico/pico-sdk/src/rp2_common/pico_float/float_init_rom_rp2040.c.o
                0x000000001000288c                __aeabi_float_init
 .text.float_table_shim_on_use_helper
                0x00000000100028f0       0x2c CMakeFiles/sn74hc164_test.dir/home/adept/Donovan/pico/pico-sdk/src/rp2_common/pico_float/float_v1_rom_shim_rp2040.S.o
                0x00000000100028f0                float_table_shim_on_use_helper
 .text          0x000000001000291c       0x10 CMakeFiles/sn74hc164_test.dir/home/adept/Donovan/pico/pico-sdk/src/rp2_common/pico_mem_ops/mem_ops_aeabi.S.o
                0x000000001000291c                __aeabi_mem_init
 .text.memset   0x000000001000292c        0xc CMakeFiles/sn74hc164_test.dir/home/adept/Donovan/pico/pico-sdk/src/rp2_common/pico_mem_ops/mem_ops_aeabi.S.o
                0x000000001000292c                __wrap_memset
 .text.memcpy   0x0000000010002938        0xc CMakeFiles/sn74hc164_test.dir/home/adept/Donovan/pico/pico-sdk/src/rp2_common/pico_mem_ops/mem_ops_aeabi.S.o
                0x0000000010002938                __wrap___aeabi_memcpy
                0x0000000010002938                __wrap_memcpy
 .text._out_null
                0x0000000010002944        0x4 CMakeFiles/sn74hc164_test.dir/home/adept/Donovan/pico/pico-sdk/src/rp2_common/pico_printf/printf.c.o
 .text._out_rev
                0x0000000010002948       0xd0 CMakeFiles/sn74hc164_test.dir/home/adept/Donovan/pico/pico-sdk/src/rp2_common/pico_printf/printf.c.o
 .text._ntoa_format
                0x0000000010002a18      0x1d0 CMakeFiles/sn74hc164_test.dir/home/adept/Donovan/pico/pico-sdk/src/rp2_common/pico_printf/printf.c.o
 .text._out_char
                0x0000000010002be8       0x10 CMakeFiles/sn74hc164_test.dir/home/adept/Donovan/pico/pico-sdk/src/rp2_common/pico_printf/printf.c.o
 .text._out_fct
                0x0000000010002bf8       0x10 CMakeFiles/sn74hc164_test.dir/home/adept/Donovan/pico/pico-sdk/src/rp2_common/pico_printf/printf.c.o
 .text._etoa    0x0000000010002c08      0x478 CMakeFiles/sn74hc164_test.dir/home/adept/Donovan/pico/pico-sdk/src/rp2_common/pico_printf/printf.c.o
 .text._ftoa    0x0000000010003080      0x3e0 CMakeFiles/sn74hc164_test.dir/home/adept/Donovan/pico/pico-sdk/src/rp2_common/pico_printf/printf.c.o
 .text._vsnprintf
                0x0000000010003460      0xb08 CMakeFiles/sn74hc164_test.dir/home/adept/Donovan/pico/pico-sdk/src/rp2_common/pico_printf/printf.c.o
 .text.vfctprintf
                0x0000000010003f68       0x20 CMakeFiles/sn74hc164_test.dir/home/adept/Donovan/pico/pico-sdk/src/rp2_common/pico_printf/printf.c.o
                0x0000000010003f68                vfctprintf
 .text.weak_raw_vprintf
                0x0000000010003f88       0x30 CMakeFiles/sn74hc164_test.dir/home/adept/Donovan/pico/pico-sdk/src/rp2_common/pico_printf/printf.c.o
                0x0000000010003f88                weak_raw_vprintf
 .text._exit    0x0000000010003fb8        0x4 CMakeFiles/sn74hc164_test.dir/home/adept/Donovan/pico/pico-sdk/src/rp2_common/pico_clib_interface/newlib_interface.c.o
                0x0000000010003fb8                _exit
 .text._sbrk    0x0000000010003fbc       0x34 CMakeFiles/sn74hc164_test.dir/home/adept/Donovan/pico/pico-sdk/src/rp2_common/pico_clib_interface/newlib_interface.c.o
                0x0000000010003fbc                _sbrk
 .text._read    0x0000000010003ff0       0x24 CMakeFiles/sn74hc164_test.dir/home/adept/Donovan/pico/pico-sdk/src/rp2_common/pico_clib_interface/newlib_interface.c.o
                0x0000000010003ff0                _read
 .text._write   0x0000000010004014       0x24 CMakeFiles/sn74hc164_test.dir/home/adept/Donovan/pico/pico-sdk/src/rp2_common/pico_clib_interface/newlib_interface.c.o
                0x0000000010004014                _write
 .text._close   0x0000000010004038        0x8 CMakeFiles/sn74hc164_test.dir/home/adept/Donovan/pico/pico-sdk/src/rp2_common/pico_clib_interface/newlib_interface.c.o
                0x0000000010004038                _close
 .text._lseek   0x0000000010004040        0x8 CMakeFiles/sn74hc164_test.dir/home/adept/Donovan/pico/pico-sdk/src/rp2_common/pico_clib_interface/newlib_interface.c.o
                0x0000000010004040                _lseek
 .text.exit     0x0000000010004048        0x8 CMakeFiles/sn74hc164_test.dir/home/adept/Donovan/pico/pico-sdk/src/rp2_common/pico_clib_interface/newlib_interface.c.o
                0x0000000010004048                exit
 .text.runtime_init
                0x0000000010004050       0x2c CMakeFiles/sn74hc164_test.dir/home/adept/Donovan/pico/pico-sdk/src/rp2_common/pico_clib_interface/newlib_interface.c.o
                0x0000000010004050                runtime_init
 .text.stdio_out_chars_no_crlf
                0x000000001000407c       0x10 CMakeFiles/sn74hc164_test.dir/home/adept/Donovan/pico/pico-sdk/src/rp2_common/pico_stdio/stdio.c.o
 .text.stdio_out_chars_crlf
                0x000000001000408c       0x94 CMakeFiles/sn74hc164_test.dir/home/adept/Donovan/pico/pico-sdk/src/rp2_common/pico_stdio/stdio.c.o
 .text.stdio_buffered_printer
                0x0000000010004120       0x64 CMakeFiles/sn74hc164_test.dir/home/adept/Donovan/pico/pico-sdk/src/rp2_common/pico_stdio/stdio.c.o
 .text.stdio_put_string
                0x0000000010004184      0x100 CMakeFiles/sn74hc164_test.dir/home/adept/Donovan/pico/pico-sdk/src/rp2_common/pico_stdio/stdio.c.o
                0x0000000010004184                stdio_put_string
 .text.stdio_get_until
                0x0000000010004284       0x84 CMakeFiles/sn74hc164_test.dir/home/adept/Donovan/pico/pico-sdk/src/rp2_common/pico_stdio/stdio.c.o
                0x0000000010004284                stdio_get_until
 .text.stdio_set_driver_enabled
                0x0000000010004308       0x30 CMakeFiles/sn74hc164_test.dir/home/adept/Donovan/pico/pico-sdk/src/rp2_common/pico_stdio/stdio.c.o
                0x0000000010004308                stdio_set_driver_enabled
 .text.stdio_init_all
                0x0000000010004338        0x8 CMakeFiles/sn74hc164_test.dir/home/adept/Donovan/pico/pico-sdk/src/rp2_common/pico_stdio/stdio.c.o
                0x0000000010004338                stdio_init_all
 .text.__wrap_putchar
                0x0000000010004340       0x98 CMakeFiles/sn74hc164_test.dir/home/adept/Donovan/pico/pico-sdk/src/rp2_common/pico_stdio/stdio.c.o
                0x0000000010004340                stdio_putchar
                0x0000000010004340                __wrap_putchar
 .text.__wrap_puts
                0x00000000100043d8       0x3c CMakeFiles/sn74hc164_test.dir/home/adept/Donovan/pico/pico-sdk/src/rp2_common/pico_stdio/stdio.c.o
                0x00000000100043d8                __wrap_puts
                0x00000000100043d8                stdio_puts
 .text.__wrap_vprintf
                0x0000000010004414       0xd8 CMakeFiles/sn74hc164_test.dir/home/adept/Donovan/pico/pico-sdk/src/rp2_common/pico_stdio/stdio.c.o
                0x0000000010004414                __wrap_vprintf
                0x0000000010004414                stdio_vprintf
 .text.__wrap_printf
                0x00000000100044ec       0x18 CMakeFiles/sn74hc164_test.dir/home/adept/Donovan/pico/pico-sdk/src/rp2_common/pico_stdio/stdio.c.o
                0x00000000100044ec                stdio_printf
                0x00000000100044ec                __wrap_printf
 .text.resetd_init
                0x0000000010004504        0x4 CMakeFiles/sn74hc164_test.dir/home/adept/Donovan/pico/pico-sdk/src/rp2_common/pico_stdio_usb/reset_interface.c.o
 .text.resetd_reset
                0x0000000010004508        0xc CMakeFiles/sn74hc164_test.dir/home/adept/Donovan/pico/pico-sdk/src/rp2_common/pico_stdio_usb/reset_interface.c.o
 .text.resetd_open
                0x0000000010004514       0x28 CMakeFiles/sn74hc164_test.dir/home/adept/Donovan/pico/pico-sdk/src/rp2_common/pico_stdio_usb/reset_interface.c.o
 .text.resetd_xfer_cb
                0x000000001000453c        0x4 CMakeFiles/sn74hc164_test.dir/home/adept/Donovan/pico/pico-sdk/src/rp2_common/pico_stdio_usb/reset_interface.c.o
 .text.resetd_control_xfer_cb
                0x0000000010004540       0x60 CMakeFiles/sn74hc164_test.dir/home/adept/Donovan/pico/pico-sdk/src/rp2_common/pico_stdio_usb/reset_interface.c.o
 .text.tud_descriptor_bos_cb
                0x00000000100045a0        0x8 CMakeFiles/sn74hc164_test.dir/home/adept/Donovan/pico/pico-sdk/src/rp2_common/pico_stdio_usb/reset_interface.c.o
                0x00000000100045a0                tud_descriptor_bos_cb
 .text.tud_vendor_control_xfer_cb
                0x00000000100045a8       0x34 CMakeFiles/sn74hc164_test.dir/home/adept/Donovan/pico/pico-sdk/src/rp2_common/pico_stdio_usb/reset_interface.c.o
                0x00000000100045a8                tud_vendor_control_xfer_cb
 .text.usbd_app_driver_get_cb
                0x00000000100045dc        0xc CMakeFiles/sn74hc164_test.dir/home/adept/Donovan/pico/pico-sdk/src/rp2_common/pico_stdio_usb/reset_interface.c.o
                0x00000000100045dc                usbd_app_driver_get_cb
 .text.tud_cdc_line_coding_cb
                0x00000000100045e8       0x2c CMakeFiles/sn74hc164_test.dir/home/adept/Donovan/pico/pico-sdk/src/rp2_common/pico_stdio_usb/reset_interface.c.o
                0x00000000100045e8                tud_cdc_line_coding_cb
 .text.stdio_usb_set_chars_available_callback
                0x0000000010004614       0x14 CMakeFiles/sn74hc164_test.dir/home/adept/Donovan/pico/pico-sdk/src/rp2_common/pico_stdio_usb/stdio_usb.c.o
                0x0000000010004614                stdio_usb_set_chars_available_callback
 .text.usb_irq  0x0000000010004628       0x10 CMakeFiles/sn74hc164_test.dir/home/adept/Donovan/pico/pico-sdk/src/rp2_common/pico_stdio_usb/stdio_usb.c.o
 .text.timer_task
                0x0000000010004638       0x64 CMakeFiles/sn74hc164_test.dir/home/adept/Donovan/pico/pico-sdk/src/rp2_common/pico_stdio_usb/stdio_usb.c.o
 .text.stdio_usb_in_chars
                0x000000001000469c       0x90 CMakeFiles/sn74hc164_test.dir/home/adept/Donovan/pico/pico-sdk/src/rp2_common/pico_stdio_usb/stdio_usb.c.o
                0x000000001000469c                stdio_usb_in_chars
 .text.stdio_usb_out_flush
                0x000000001000472c       0x50 CMakeFiles/sn74hc164_test.dir/home/adept/Donovan/pico/pico-sdk/src/rp2_common/pico_stdio_usb/stdio_usb.c.o
 .text.stdio_usb_out_chars
                0x000000001000477c      0x100 CMakeFiles/sn74hc164_test.dir/home/adept/Donovan/pico/pico-sdk/src/rp2_common/pico_stdio_usb/stdio_usb.c.o
 .text.low_priority_worker_irq
                0x000000001000487c       0xc8 CMakeFiles/sn74hc164_test.dir/home/adept/Donovan/pico/pico-sdk/src/rp2_common/pico_stdio_usb/stdio_usb.c.o
 .text.stdio_usb_init
                0x0000000010004944       0xe8 CMakeFiles/sn74hc164_test.dir/home/adept/Donovan/pico/pico-sdk/src/rp2_common/pico_stdio_usb/stdio_usb.c.o
                0x0000000010004944                stdio_usb_init
 .text.stdio_usb_connected
                0x0000000010004a2c        0xc CMakeFiles/sn74hc164_test.dir/home/adept/Donovan/pico/pico-sdk/src/rp2_common/pico_stdio_usb/stdio_usb.c.o
                0x0000000010004a2c                stdio_usb_connected
 .text.tud_descriptor_device_cb
                0x0000000010004a38        0x8 CMakeFiles/sn74hc164_test.dir/home/adept/Donovan/pico/pico-sdk/src/rp2_common/pico_stdio_usb/stdio_usb_descriptors.c.o
                0x0000000010004a38                tud_descriptor_device_cb
 .text.tud_descriptor_configuration_cb
                0x0000000010004a40        0x8 CMakeFiles/sn74hc164_test.dir/home/adept/Donovan/pico/pico-sdk/src/rp2_common/pico_stdio_usb/stdio_usb_descriptors.c.o
                0x0000000010004a40                tud_descriptor_configuration_cb
 .text.tud_descriptor_string_cb
                0x0000000010004a48       0x70 CMakeFiles/sn74hc164_test.dir/home/adept/Donovan/pico/pico-sdk/src/rp2_common/pico_stdio_usb/stdio_usb_descriptors.c.o
                0x0000000010004a48                tud_descriptor_string_cb
 .text.startup._retrieve_unique_id_on_boot
                0x0000000010004ab8       0x10 CMakeFiles/sn74hc164_test.dir/home/adept/Donovan/pico/pico-sdk/src/rp2_common/pico_unique_id/unique_id.c.o
 .text.pico_get_unique_board_id_string
                0x0000000010004ac8      0x1bc CMakeFiles/sn74hc164_test.dir/home/adept/Donovan/pico/pico-sdk/src/rp2_common/pico_unique_id/unique_id.c.o
                0x0000000010004ac8                pico_get_unique_board_id_string
 .text.flash_get_unique_id
                0x0000000010004c84       0x40 CMakeFiles/sn74hc164_test.dir/home/adept/Donovan/pico/pico-sdk/src/rp2_common/hardware_flash/flash.c.o
                0x0000000010004c84                flash_get_unique_id
 .text.dcd_init
                0x0000000010004cc4       0x94 CMakeFiles/sn74hc164_test.dir/home/adept/Donovan/pico/pico-sdk/lib/tinyusb/src/portable/raspberrypi/rp2040/dcd_rp2040.c.o
                0x0000000010004cc4                dcd_init
 .text.dcd_int_enable
                0x0000000010004d58        0xc CMakeFiles/sn74hc164_test.dir/home/adept/Donovan/pico/pico-sdk/lib/tinyusb/src/portable/raspberrypi/rp2040/dcd_rp2040.c.o
                0x0000000010004d58                dcd_int_enable
 .text.dcd_set_address
                0x0000000010004d64       0x14 CMakeFiles/sn74hc164_test.dir/home/adept/Donovan/pico/pico-sdk/lib/tinyusb/src/portable/raspberrypi/rp2040/dcd_rp2040.c.o
                0x0000000010004d64                dcd_set_address
 .text.dcd_sof_enable
                0x0000000010004d78       0x1c CMakeFiles/sn74hc164_test.dir/home/adept/Donovan/pico/pico-sdk/lib/tinyusb/src/portable/raspberrypi/rp2040/dcd_rp2040.c.o
                0x0000000010004d78                dcd_sof_enable
 .text.dcd_edpt0_status_complete
                0x0000000010004d94       0x1c CMakeFiles/sn74hc164_test.dir/home/adept/Donovan/pico/pico-sdk/lib/tinyusb/src/portable/raspberrypi/rp2040/dcd_rp2040.c.o
                0x0000000010004d94                dcd_edpt0_status_complete
 .text.dcd_edpt_open
                0x0000000010004db0      0x114 CMakeFiles/sn74hc164_test.dir/home/adept/Donovan/pico/pico-sdk/lib/tinyusb/src/portable/raspberrypi/rp2040/dcd_rp2040.c.o
                0x0000000010004db0                dcd_edpt_open
 .text.dcd_edpt_close_all
                0x0000000010004ec4        0x8 CMakeFiles/sn74hc164_test.dir/home/adept/Donovan/pico/pico-sdk/lib/tinyusb/src/portable/raspberrypi/rp2040/dcd_rp2040.c.o
                0x0000000010004ec4                dcd_edpt_close_all
 .text.dcd_edpt_xfer
                0x0000000010004ecc       0x24 CMakeFiles/sn74hc164_test.dir/home/adept/Donovan/pico/pico-sdk/lib/tinyusb/src/portable/raspberrypi/rp2040/dcd_rp2040.c.o
                0x0000000010004ecc                dcd_edpt_xfer
 .text.dcd_edpt_stall
                0x0000000010004ef0       0x38 CMakeFiles/sn74hc164_test.dir/home/adept/Donovan/pico/pico-sdk/lib/tinyusb/src/portable/raspberrypi/rp2040/dcd_rp2040.c.o
                0x0000000010004ef0                dcd_edpt_stall
 .text.dcd_edpt_clear_stall
                0x0000000010004f28       0x30 CMakeFiles/sn74hc164_test.dir/home/adept/Donovan/pico/pico-sdk/lib/tinyusb/src/portable/raspberrypi/rp2040/dcd_rp2040.c.o
                0x0000000010004f28                dcd_edpt_clear_stall
 .text.rp2040_usb_init
                0x0000000010004f58       0x40 CMakeFiles/sn74hc164_test.dir/home/adept/Donovan/pico/pico-sdk/lib/tinyusb/src/portable/raspberrypi/rp2040/rp2040_usb.c.o
                0x0000000010004f58                rp2040_usb_init
 .text.hw_endpoint_xfer_start
                0x0000000010004f98       0x54 CMakeFiles/sn74hc164_test.dir/home/adept/Donovan/pico/pico-sdk/lib/tinyusb/src/portable/raspberrypi/rp2040/rp2040_usb.c.o
                0x0000000010004f98                hw_endpoint_xfer_start
 .text.tud_event_hook_cb
                0x0000000010004fec        0x4 CMakeFiles/sn74hc164_test.dir/home/adept/Donovan/pico/pico-sdk/lib/tinyusb/src/device/usbd.c.o
                0x0000000010004fec                tud_event_hook_cb
 .text.tud_sof_cb
                0x0000000010004ff0        0x4 CMakeFiles/sn74hc164_test.dir/home/adept/Donovan/pico/pico-sdk/lib/tinyusb/src/device/usbd.c.o
                0x0000000010004ff0                tud_sof_cb
 .text.tud_descriptor_device_qualifier_cb
                0x0000000010004ff4        0x4 CMakeFiles/sn74hc164_test.dir/home/adept/Donovan/pico/pico-sdk/lib/tinyusb/src/device/usbd.c.o
                0x0000000010004ff4                tud_descriptor_device_qualifier_cb
 .text.tud_descriptor_other_speed_configuration_cb
                0x0000000010004ff8        0x4 CMakeFiles/sn74hc164_test.dir/home/adept/Donovan/pico/pico-sdk/lib/tinyusb/src/device/usbd.c.o
                0x0000000010004ff8                tud_descriptor_other_speed_configuration_cb
 .text.tud_mount_cb
                0x0000000010004ffc        0x4 CMakeFiles/sn74hc164_test.dir/home/adept/Donovan/pico/pico-sdk/lib/tinyusb/src/device/usbd.c.o
                0x0000000010004ffc                tud_mount_cb
 .text.tud_umount_cb
                0x0000000010005000        0x4 CMakeFiles/sn74hc164_test.dir/home/adept/Donovan/pico/pico-sdk/lib/tinyusb/src/device/usbd.c.o
                0x0000000010005000                tud_umount_cb
 .text.tud_suspend_cb
                0x0000000010005004        0x4 CMakeFiles/sn74hc164_test.dir/home/adept/Donovan/pico/pico-sdk/lib/tinyusb/src/device/usbd.c.o
                0x0000000010005004                tud_suspend_cb
 .text.tud_resume_cb
                0x0000000010005008        0x4 CMakeFiles/sn74hc164_test.dir/home/adept/Donovan/pico/pico-sdk/lib/tinyusb/src/device/usbd.c.o
                0x0000000010005008                tud_resume_cb
 .text.tud_mounted
                0x000000001000500c       0x10 CMakeFiles/sn74hc164_test.dir/home/adept/Donovan/pico/pico-sdk/lib/tinyusb/src/device/usbd.c.o
                0x000000001000500c                tud_mounted
 .text.tud_suspended
                0x000000001000501c       0x10 CMakeFiles/sn74hc164_test.dir/home/adept/Donovan/pico/pico-sdk/lib/tinyusb/src/device/usbd.c.o
                0x000000001000501c                tud_suspended
 .text.tud_rhport_init
                0x000000001000502c       0xf4 CMakeFiles/sn74hc164_test.dir/home/adept/Donovan/pico/pico-sdk/lib/tinyusb/src/device/usbd.c.o
                0x000000001000502c                tud_rhport_init
 .text.tud_task_ext
                0x0000000010005120      0x7dc CMakeFiles/sn74hc164_test.dir/home/adept/Donovan/pico/pico-sdk/lib/tinyusb/src/device/usbd.c.o
                0x0000000010005120                tud_task_ext
 .text.usbd_open_edpt_pair
                0x00000000100058fc       0x9c CMakeFiles/sn74hc164_test.dir/home/adept/Donovan/pico/pico-sdk/lib/tinyusb/src/device/usbd.c.o
                0x00000000100058fc                usbd_open_edpt_pair
 .text.usbd_edpt_open
                0x0000000010005998       0x34 CMakeFiles/sn74hc164_test.dir/home/adept/Donovan/pico/pico-sdk/lib/tinyusb/src/device/usbd.c.o
                0x0000000010005998                usbd_edpt_open
 .text.usbd_edpt_claim
                0x00000000100059cc       0x28 CMakeFiles/sn74hc164_test.dir/home/adept/Donovan/pico/pico-sdk/lib/tinyusb/src/device/usbd.c.o
                0x00000000100059cc                usbd_edpt_claim
 .text.usbd_edpt_release
                0x00000000100059f4       0x28 CMakeFiles/sn74hc164_test.dir/home/adept/Donovan/pico/pico-sdk/lib/tinyusb/src/device/usbd.c.o
                0x00000000100059f4                usbd_edpt_release
 .text.usbd_edpt_xfer
                0x0000000010005a1c       0x4c CMakeFiles/sn74hc164_test.dir/home/adept/Donovan/pico/pico-sdk/lib/tinyusb/src/device/usbd.c.o
                0x0000000010005a1c                usbd_edpt_xfer
 .text.tud_control_status
                0x0000000010005a68       0x30 CMakeFiles/sn74hc164_test.dir/home/adept/Donovan/pico/pico-sdk/lib/tinyusb/src/device/usbd_control.c.o
                0x0000000010005a68                tud_control_status
 .text.tud_control_xfer
                0x0000000010005a98       0xb8 CMakeFiles/sn74hc164_test.dir/home/adept/Donovan/pico/pico-sdk/lib/tinyusb/src/device/usbd_control.c.o
                0x0000000010005a98                tud_control_xfer
 .text.usbd_control_reset
                0x0000000010005b50       0x14 CMakeFiles/sn74hc164_test.dir/home/adept/Donovan/pico/pico-sdk/lib/tinyusb/src/device/usbd_control.c.o
                0x0000000010005b50                usbd_control_reset
 .text.usbd_control_set_complete_callback
                0x0000000010005b64        0xc CMakeFiles/sn74hc164_test.dir/home/adept/Donovan/pico/pico-sdk/lib/tinyusb/src/device/usbd_control.c.o
                0x0000000010005b64                usbd_control_set_complete_callback
 .text.usbd_control_set_request
                0x0000000010005b70       0x1c CMakeFiles/sn74hc164_test.dir/home/adept/Donovan/pico/pico-sdk/lib/tinyusb/src/device/usbd_control.c.o
                0x0000000010005b70                usbd_control_set_request
 .text.usbd_control_xfer_cb
                0x0000000010005b8c       0xf0 CMakeFiles/sn74hc164_test.dir/home/adept/Donovan/pico/pico-sdk/lib/tinyusb/src/device/usbd_control.c.o
                0x0000000010005b8c                usbd_control_xfer_cb
 .text.tud_cdc_n_connected
                0x0000000010005c7c       0x2c CMakeFiles/sn74hc164_test.dir/home/adept/Donovan/pico/pico-sdk/lib/tinyusb/src/class/cdc/cdc_device.c.o
                0x0000000010005c7c                tud_cdc_n_connected
 .text.tud_cdc_n_available
                0x0000000010005ca8       0x18 CMakeFiles/sn74hc164_test.dir/home/adept/Donovan/pico/pico-sdk/lib/tinyusb/src/class/cdc/cdc_device.c.o
                0x0000000010005ca8                tud_cdc_n_available
 .text.tud_cdc_n_read
                0x0000000010005cc0       0x94 CMakeFiles/sn74hc164_test.dir/home/adept/Donovan/pico/pico-sdk/lib/tinyusb/src/class/cdc/cdc_device.c.o
                0x0000000010005cc0                tud_cdc_n_read
 .text.tud_cdc_n_write_flush
                0x0000000010005d54       0x78 CMakeFiles/sn74hc164_test.dir/home/adept/Donovan/pico/pico-sdk/lib/tinyusb/src/class/cdc/cdc_device.c.o
                0x0000000010005d54                tud_cdc_n_write_flush
 .text.tud_cdc_n_write
                0x0000000010005dcc       0x44 CMakeFiles/sn74hc164_test.dir/home/adept/Donovan/pico/pico-sdk/lib/tinyusb/src/class/cdc/cdc_device.c.o
                0x0000000010005dcc                tud_cdc_n_write
 .text.tud_cdc_n_write_available
                0x0000000010005e10       0x18 CMakeFiles/sn74hc164_test.dir/home/adept/Donovan/pico/pico-sdk/lib/tinyusb/src/class/cdc/cdc_device.c.o
                0x0000000010005e10                tud_cdc_n_write_available
 .text.cdcd_init
                0x0000000010005e28       0x74 CMakeFiles/sn74hc164_test.dir/home/adept/Donovan/pico/pico-sdk/lib/tinyusb/src/class/cdc/cdc_device.c.o
                0x0000000010005e28                cdcd_init
 .text.cdcd_deinit
                0x0000000010005e9c       0x24 CMakeFiles/sn74hc164_test.dir/home/adept/Donovan/pico/pico-sdk/lib/tinyusb/src/class/cdc/cdc_device.c.o
                0x0000000010005e9c                cdcd_deinit
 .text.cdcd_reset
                0x0000000010005ec0       0x4c CMakeFiles/sn74hc164_test.dir/home/adept/Donovan/pico/pico-sdk/lib/tinyusb/src/class/cdc/cdc_device.c.o
                0x0000000010005ec0                cdcd_reset
 .text.cdcd_open
                0x0000000010005f0c      0x100 CMakeFiles/sn74hc164_test.dir/home/adept/Donovan/pico/pico-sdk/lib/tinyusb/src/class/cdc/cdc_device.c.o
                0x0000000010005f0c                cdcd_open
 .text.cdcd_control_xfer_cb
                0x000000001000600c       0xe8 CMakeFiles/sn74hc164_test.dir/home/adept/Donovan/pico/pico-sdk/lib/tinyusb/src/class/cdc/cdc_device.c.o
                0x000000001000600c                cdcd_control_xfer_cb
 .text.cdcd_xfer_cb
                0x00000000100060f4      0x1b0 CMakeFiles/sn74hc164_test.dir/home/adept/Donovan/pico/pico-sdk/lib/tinyusb/src/class/cdc/cdc_device.c.o
                0x00000000100060f4                cdcd_xfer_cb
 .text.vendord_init
                0x00000000100062a4       0x5c CMakeFiles/sn74hc164_test.dir/home/adept/Donovan/pico/pico-sdk/lib/tinyusb/src/class/vendor/vendor_device.c.o
                0x00000000100062a4                vendord_init
 .text.vendord_deinit
                0x0000000010006300       0x1c CMakeFiles/sn74hc164_test.dir/home/adept/Donovan/pico/pico-sdk/lib/tinyusb/src/class/vendor/vendor_device.c.o
                0x0000000010006300                vendord_deinit
 .text.vendord_reset
                0x000000001000631c       0x28 CMakeFiles/sn74hc164_test.dir/home/adept/Donovan/pico/pico-sdk/lib/tinyusb/src/class/vendor/vendor_device.c.o
                0x000000001000631c                vendord_reset
 .text.vendord_open
                0x0000000010006344      0x128 CMakeFiles/sn74hc164_test.dir/home/adept/Donovan/pico/pico-sdk/lib/tinyusb/src/class/vendor/vendor_device.c.o
                0x0000000010006344                vendord_open
 .text.vendord_xfer_cb
                0x000000001000646c       0x9c CMakeFiles/sn74hc164_test.dir/home/adept/Donovan/pico/pico-sdk/lib/tinyusb/src/class/vendor/vendor_device.c.o
                0x000000001000646c                vendord_xfer_cb
 .text.tusb_rhport_init
                0x0000000010006508       0x48 CMakeFiles/sn74hc164_test.dir/home/adept/Donovan/pico/pico-sdk/lib/tinyusb/src/tusb.c.o
                0x0000000010006508                tusb_rhport_init
 .text.tu_edpt_claim
                0x0000000010006550       0x50 CMakeFiles/sn74hc164_test.dir/home/adept/Donovan/pico/pico-sdk/lib/tinyusb/src/tusb.c.o
                0x0000000010006550                tu_edpt_claim
 .text.tu_edpt_release
                0x00000000100065a0       0x38 CMakeFiles/sn74hc164_test.dir/home/adept/Donovan/pico/pico-sdk/lib/tinyusb/src/tusb.c.o
                0x00000000100065a0                tu_edpt_release
 .text.tu_edpt_validate
                0x00000000100065d8       0x78 CMakeFiles/sn74hc164_test.dir/home/adept/Donovan/pico/pico-sdk/lib/tinyusb/src/tusb.c.o
                0x00000000100065d8                tu_edpt_validate
 .text.tu_edpt_bind_driver
                0x0000000010006650       0x34 CMakeFiles/sn74hc164_test.dir/home/adept/Donovan/pico/pico-sdk/lib/tinyusb/src/tusb.c.o
                0x0000000010006650                tu_edpt_bind_driver
 .text.tu_edpt_stream_init
                0x0000000010006684       0x6c CMakeFiles/sn74hc164_test.dir/home/adept/Donovan/pico/pico-sdk/lib/tinyusb/src/tusb.c.o
                0x0000000010006684                tu_edpt_stream_init
 .text.tu_edpt_stream_deinit
                0x00000000100066f0        0x4 CMakeFiles/sn74hc164_test.dir/home/adept/Donovan/pico/pico-sdk/lib/tinyusb/src/tusb.c.o
                0x00000000100066f0                tu_edpt_stream_deinit
 .text.tu_edpt_stream_write_zlp_if_needed
                0x00000000100066f4       0x58 CMakeFiles/sn74hc164_test.dir/home/adept/Donovan/pico/pico-sdk/lib/tinyusb/src/tusb.c.o
                0x00000000100066f4                tu_edpt_stream_write_zlp_if_needed
 .text.tu_edpt_stream_write_xfer
                0x000000001000674c       0x64 CMakeFiles/sn74hc164_test.dir/home/adept/Donovan/pico/pico-sdk/lib/tinyusb/src/tusb.c.o
                0x000000001000674c                tu_edpt_stream_write_xfer
 .text.tu_edpt_stream_read_xfer
                0x00000000100067b0       0xdc CMakeFiles/sn74hc164_test.dir/home/adept/Donovan/pico/pico-sdk/lib/tinyusb/src/tusb.c.o
                0x00000000100067b0                tu_edpt_stream_read_xfer
 .text.tu_fifo_config
                0x000000001000688c       0x70 CMakeFiles/sn74hc164_test.dir/home/adept/Donovan/pico/pico-sdk/lib/tinyusb/src/common/tusb_fifo.c.o
                0x000000001000688c                tu_fifo_config
 .text.tu_fifo_count
                0x00000000100068fc       0x2c CMakeFiles/sn74hc164_test.dir/home/adept/Donovan/pico/pico-sdk/lib/tinyusb/src/common/tusb_fifo.c.o
                0x00000000100068fc                tu_fifo_count
 .text.tu_fifo_empty
                0x0000000010006928       0x10 CMakeFiles/sn74hc164_test.dir/home/adept/Donovan/pico/pico-sdk/lib/tinyusb/src/common/tusb_fifo.c.o
                0x0000000010006928                tu_fifo_empty
 .text.tu_fifo_remaining
                0x0000000010006938       0x2c CMakeFiles/sn74hc164_test.dir/home/adept/Donovan/pico/pico-sdk/lib/tinyusb/src/common/tusb_fifo.c.o
                0x0000000010006938                tu_fifo_remaining
 .text.tu_fifo_read
                0x0000000010006964       0x9c CMakeFiles/sn74hc164_test.dir/home/adept/Donovan/pico/pico-sdk/lib/tinyusb/src/common/tusb_fifo.c.o
                0x0000000010006964                tu_fifo_read
 .text.tu_fifo_read_n
                0x0000000010006a00       0xf0 CMakeFiles/sn74hc164_test.dir/home/adept/Donovan/pico/pico-sdk/lib/tinyusb/src/common/tusb_fifo.c.o
                0x0000000010006a00                tu_fifo_read_n
 .text.tu_fifo_write
                0x0000000010006af0       0x88 CMakeFiles/sn74hc164_test.dir/home/adept/Donovan/pico/pico-sdk/lib/tinyusb/src/common/tusb_fifo.c.o
                0x0000000010006af0                tu_fifo_write
 .text.tu_fifo_write_n
                0x0000000010006b78      0x158 CMakeFiles/sn74hc164_test.dir/home/adept/Donovan/pico/pico-sdk/lib/tinyusb/src/common/tusb_fifo.c.o
                0x0000000010006b78                tu_fifo_write_n
 .text.tu_fifo_clear
                0x0000000010006cd0       0x40 CMakeFiles/sn74hc164_test.dir/home/adept/Donovan/pico/pico-sdk/lib/tinyusb/src/common/tusb_fifo.c.o
                0x0000000010006cd0                tu_fifo_clear
 .text.tu_fifo_set_overwritable
                0x0000000010006d10       0x48 CMakeFiles/sn74hc164_test.dir/home/adept/Donovan/pico/pico-sdk/lib/tinyusb/src/common/tusb_fifo.c.o
                0x0000000010006d10                tu_fifo_set_overwritable
 .text          0x0000000010006d58      0x1b4 /usr/lib/gcc/arm-none-eabi/9.2.1/../../../arm-none-eabi/lib/thumb/v6-m/nofp/libg.a(lib_a-fflush.o)
                0x0000000010006d58                __sflush_r
                0x0000000010006eb8                _fflush_r
                0x0000000010006ee4                fflush
 .text          0x0000000010006f0c      0x220 /usr/lib/gcc/arm-none-eabi/9.2.1/../../../arm-none-eabi/lib/thumb/v6-m/nofp/libg.a(lib_a-findfp.o)
                0x0000000010006f10                _cleanup_r
                0x000000001000700c                __sfmoreglue
                0x000000001000703c                __sfp
                0x00000000100070c4                _cleanup
                0x00000000100070dc                __sinit
                0x00000000100070ec                __sfp_lock_acquire
                0x00000000100070f0                __sfp_lock_release
                0x00000000100070f4                __sinit_lock_acquire
                0x00000000100070f8                __sinit_lock_release
                0x00000000100070fc                __fp_lock_all
                0x0000000010007114                __fp_unlock_all
 .text          0x000000001000712c      0x27c /usr/lib/gcc/arm-none-eabi/9.2.1/../../../arm-none-eabi/lib/thumb/v6-m/nofp/libg.a(lib_a-freer.o)
                0x000000001000712c                _malloc_trim_r
                0x00000000100071cc                _free_r
 .text          0x00000000100073a8       0x90 /usr/lib/gcc/arm-none-eabi/9.2.1/../../../arm-none-eabi/lib/thumb/v6-m/nofp/libg.a(lib_a-fwalk.o)
                0x00000000100073a8                _fwalk
                0x00000000100073ec                _fwalk_reent
 .text          0x0000000010007438      0x58c /usr/lib/gcc/arm-none-eabi/9.2.1/../../../arm-none-eabi/lib/thumb/v6-m/nofp/libg.a(lib_a-mallocr.o)
                0x0000000010007438                _malloc_r
 .text          0x00000000100079c4        0x8 /usr/lib/gcc/arm-none-eabi/9.2.1/../../../arm-none-eabi/lib/thumb/v6-m/nofp/libg.a(lib_a-mlock.o)
                0x00000000100079c4                __malloc_lock
                0x00000000100079c8                __malloc_unlock
 .text          0x00000000100079cc       0x24 /usr/lib/gcc/arm-none-eabi/9.2.1/../../../arm-none-eabi/lib/thumb/v6-m/nofp/libg.a(lib_a-sbrkr.o)
                0x00000000100079cc                _sbrk_r
 .text          0x00000000100079f0       0xa4 /usr/lib/gcc/arm-none-eabi/9.2.1/../../../arm-none-eabi/lib/thumb/v6-m/nofp/libg.a(lib_a-stdio.o)
                0x00000000100079f0                __sread
                0x0000000010007a18                __seofread
                0x0000000010007a1c                __swrite
                0x0000000010007a5c                __sseek
                0x0000000010007a88                __sclose
 .text          0x0000000010007a94       0x68 /usr/lib/gcc/arm-none-eabi/9.2.1/../../../arm-none-eabi/lib/thumb/v6-m/nofp/libg.a(lib_a-strlen-stub.o)
                0x0000000010007a94                strlen
 .text          0x0000000010007afc       0x28 /usr/lib/gcc/arm-none-eabi/9.2.1/../../../arm-none-eabi/lib/thumb/v6-m/nofp/libg.a(lib_a-writer.o)
                0x0000000010007afc                _write_r
 .text          0x0000000010007b24       0x24 /usr/lib/gcc/arm-none-eabi/9.2.1/../../../arm-none-eabi/lib/thumb/v6-m/nofp/libg.a(lib_a-closer.o)
                0x0000000010007b24                _close_r
 .text          0x0000000010007b48       0xac /usr/lib/gcc/arm-none-eabi/9.2.1/../../../arm-none-eabi/lib/thumb/v6-m/nofp/libg.a(lib_a-fclose.o)
                0x0000000010007b48                _fclose_r
                0x0000000010007be0                fclose
 .text          0x0000000010007bf4       0x28 /usr/lib/gcc/arm-none-eabi/9.2.1/../../../arm-none-eabi/lib/thumb/v6-m/nofp/libg.a(lib_a-lseekr.o)
                0x0000000010007bf4                _lseek_r
 .text          0x0000000010007c1c       0x28 /usr/lib/gcc/arm-none-eabi/9.2.1/../../../arm-none-eabi/lib/thumb/v6-m/nofp/libg.a(lib_a-readr.o)
                0x0000000010007c1c                _read_r
 *(.fini)
 .fini          0x0000000010007c44        0x4 /usr/lib/gcc/arm-none-eabi/9.2.1/thumb/v6-m/nofp/crti.o
                0x0000000010007c44                _fini
 .fini.__stub   0x0000000010007c48       0xd0 linker stubs
 *crtbegin.o(.ctors)
 *crtbegin?.o(.ctors)
 *(EXCLUDE_FILE(*crtend.o *crtend?.o) .ctors)
 *(SORT_BY_NAME(.ctors.*))
 *(.ctors)
 *crtbegin.o(.dtors)
 *crtbegin?.o(.dtors)
 *(EXCLUDE_FILE(*crtend.o *crtend?.o) .dtors)
 *(SORT_BY_NAME(.dtors.*))
 *(.dtors)
                0x0000000010007d18                . = ALIGN (0x4)
                0x0000000010007d18                PROVIDE (__preinit_array_start = .)
 *(SORT_BY_NAME(.preinit_array.*))
 .preinit_array.00100
                0x0000000010007d18        0x4 CMakeFiles/sn74hc164_test.dir/home/adept/Donovan/pico/pico-sdk/src/rp2_common/pico_runtime_init/runtime_init.c.o
                0x0000000010007d18                __pre_init_runtime_init_early_resets
 .preinit_array.00101
                0x0000000010007d1c        0x4 CMakeFiles/sn74hc164_test.dir/home/adept/Donovan/pico/pico-sdk/src/rp2_common/pico_runtime_init/runtime_init.c.o
                0x0000000010007d1c                __pre_init_runtime_init_usb_power_down
 .preinit_array.00275
                0x0000000010007d20        0x4 CMakeFiles/sn74hc164_test.dir/home/adept/Donovan/pico/pico-sdk/src/rp2_common/pico_bit_ops/bit_ops_aeabi.S.o
 .preinit_array.00300
                0x0000000010007d24        0x4 CMakeFiles/sn74hc164_test.dir/home/adept/Donovan/pico/pico-sdk/src/rp2_common/pico_mem_ops/mem_ops_aeabi.S.o
 .preinit_array.00350
                0x0000000010007d28        0x4 CMakeFiles/sn74hc164_test.dir/home/adept/Donovan/pico/pico-sdk/src/rp2_common/pico_double/double_aeabi_rp2040.S.o
 .preinit_array.00350
                0x0000000010007d2c        0x4 CMakeFiles/sn74hc164_test.dir/home/adept/Donovan/pico/pico-sdk/src/rp2_common/pico_float/float_aeabi_rp2040.S.o
 .preinit_array.00500
                0x0000000010007d30        0x4 CMakeFiles/sn74hc164_test.dir/home/adept/Donovan/pico/pico-sdk/src/rp2_common/pico_runtime_init/runtime_init.c.o
                0x0000000010007d30                __pre_init_runtime_init_clocks
 .preinit_array.00600
                0x0000000010007d34        0x4 CMakeFiles/sn74hc164_test.dir/home/adept/Donovan/pico/pico-sdk/src/rp2_common/pico_runtime_init/runtime_init.c.o
                0x0000000010007d34                __pre_init_runtime_init_post_clock_resets
 .preinit_array.00700
                0x0000000010007d38        0x4 CMakeFiles/sn74hc164_test.dir/home/adept/Donovan/pico/pico-sdk/src/rp2_common/pico_runtime_init/runtime_init.c.o
                0x0000000010007d38                __pre_init_runtime_init_rp2040_gpio_ie_disable
 .preinit_array.01000
                0x0000000010007d3c        0x4 CMakeFiles/sn74hc164_test.dir/home/adept/Donovan/pico/pico-sdk/src/rp2_common/pico_runtime_init/runtime_init.c.o
                0x0000000010007d3c                __pre_init_runtime_init_spin_locks_reset
 .preinit_array.01100
                0x0000000010007d40        0x4 CMakeFiles/sn74hc164_test.dir/home/adept/Donovan/pico/pico-sdk/src/common/pico_sync/mutex.c.o
                0x0000000010007d40                __pre_init_runtime_init_mutex
 .preinit_array.10080
                0x0000000010007d44        0x4 CMakeFiles/sn74hc164_test.dir/home/adept/Donovan/pico/pico-sdk/src/rp2_common/pico_runtime_init/runtime_init.c.o
                0x0000000010007d44                __pre_init_runtime_init_install_ram_vector_table
 .preinit_array.11000
                0x0000000010007d48        0x4 CMakeFiles/sn74hc164_test.dir/home/adept/Donovan/pico/pico-sdk/src/common/pico_time/time.c.o
                0x0000000010007d48                __pre_init_runtime_init_default_alarm_pool
 .preinit_array.YYYYY
                0x0000000010007d4c        0x4 CMakeFiles/sn74hc164_test.dir/home/adept/Donovan/pico/pico-sdk/src/rp2_common/pico_runtime/runtime.c.o
                0x0000000010007d4c                __pre_init_first_per_core_initializer
 .preinit_array.ZZZZZ.01200
                0x0000000010007d50        0x4 CMakeFiles/sn74hc164_test.dir/home/adept/Donovan/pico/pico-sdk/src/rp2_common/hardware_irq/irq.c.o
                0x0000000010007d50                __pre_init_runtime_init_per_core_irq_priorities
 *(.preinit_array)
                0x0000000010007d54                PROVIDE (__preinit_array_end = .)
                0x0000000010007d54                . = ALIGN (0x4)
                0x0000000010007d54                PROVIDE (__init_array_start = .)
 *(SORT_BY_NAME(.init_array.*))
 .init_array.01000
                0x0000000010007d54        0x4 CMakeFiles/sn74hc164_test.dir/home/adept/Donovan/pico/pico-sdk/src/rp2_common/pico_unique_id/unique_id.c.o
 *(.init_array)
 .init_array    0x0000000010007d58        0x4 /usr/lib/gcc/arm-none-eabi/9.2.1/thumb/v6-m/nofp/crtbegin.o
                0x0000000010007d5c                PROVIDE (__init_array_end = .)
                0x0000000010007d5c                . = ALIGN (0x4)
                0x0000000010007d5c                PROVIDE (__fini_array_start = .)
 *(SORT_BY_NAME(.fini_array.*))
 *(.fini_array)
                0x0000000010007d5c                PROVIDE (__fini_array_end = .)
 *(.eh_frame*)
 .eh_frame      0x0000000010007d5c        0x0 /usr/lib/gcc/arm-none-eabi/9.2.1/thumb/v6-m/nofp/crtbegin.o
                0x0000000010007d5c                . = ALIGN (0x4)

.glue_7         0x0000000010007d5c        0x0
 .glue_7        0x0000000010007d5c        0x0 linker stubs

.glue_7t        0x0000000010007d5c        0x0
 .glue_7t       0x0000000010007d5c        0x0 linker stubs

.vfp11_veneer   0x0000000010007d5c        0x0
 .vfp11_veneer  0x0000000010007d5c        0x0 linker stubs

.v4_bx          0x0000000010007d5c        0x0
 .v4_bx         0x0000000010007d5c        0x0 linker stubs

.iplt           0x0000000010007d5c        0x0
 .iplt          0x0000000010007d5c        0x0 /usr/lib/gcc/arm-none-eabi/9.2.1/thumb/v6-m/nofp/crtbegin.o

.rodata         0x0000000010007d60      0x854
 *(EXCLUDE_FILE(*libm.a: *libc.a:*lib_a-mem*.o *libgcc.a:) .rodata*)
 .rodata.main.str1.4
                0x0000000010007d60      0x1c1 CMakeFiles/sn74hc164_test.dir/src/sn74hc164_test.c.o
 *fill*         0x0000000010007f21        0x3 
 .rodata        0x0000000010007f24        0x6 CMakeFiles/sn74hc164_test.dir/src/sn74hc164_test.c.o
 *fill*         0x0000000010007f2a        0x2 
 .rodata.q_gpios
                0x0000000010007f2c       0x20 CMakeFiles/sn74hc164_test.dir/src/sn74hc164_test.c.o
 .rodata.panic.str1.4
                0x0000000010007f4c       0x10 CMakeFiles/sn74hc164_test.dir/home/adept/Donovan/pico/pico-sdk/src/rp2_common/pico_platform_panic/panic.c.o
                                         0x12 (size before relaxing)
 .rodata.spin_lock_claim_unused.str1.4
                0x0000000010007f5c       0x1b CMakeFiles/sn74hc164_test.dir/home/adept/Donovan/pico/pico-sdk/src/rp2_common/hardware_sync/sync.c.o
 *fill*         0x0000000010007f77        0x1 
 .rodata.user_irq_claim_unused.str1.4
                0x0000000010007f78       0x1b CMakeFiles/sn74hc164_test.dir/home/adept/Donovan/pico/pico-sdk/src/rp2_common/hardware_irq/irq.c.o
 *fill*         0x0000000010007f93        0x5 
 .rodata.at_the_end_of_time
                0x0000000010007f98        0x8 CMakeFiles/sn74hc164_test.dir/home/adept/Donovan/pico/pico-sdk/src/common/pico_time/time.c.o
                0x0000000010007f98                at_the_end_of_time
 .rodata.timer_hardware_alarm_claim.str1.4
                0x0000000010007fa0       0x22 CMakeFiles/sn74hc164_test.dir/home/adept/Donovan/pico/pico-sdk/src/rp2_common/hardware_timer/timer.c.o
 *fill*         0x0000000010007fc2        0x2 
 .rodata.hard_assertion_failure.str1.4
                0x0000000010007fc4        0xc CMakeFiles/sn74hc164_test.dir/home/adept/Donovan/pico/pico-sdk/src/rp2_common/pico_runtime/runtime.c.o
 .rodata.str1.4
                0x0000000010007fd0       0x44 CMakeFiles/sn74hc164_test.dir/home/adept/Donovan/pico/pico-sdk/src/rp2_common/pico_standard_binary_info/standard_binary_info.c.o
 .rodata.__bi_26
                0x0000000010008014        0xc CMakeFiles/sn74hc164_test.dir/home/adept/Donovan/pico/pico-sdk/src/rp2_common/pico_standard_binary_info/standard_binary_info.c.o
 .rodata.__bi_34
                0x0000000010008020        0xc CMakeFiles/sn74hc164_test.dir/home/adept/Donovan/pico/pico-sdk/src/rp2_common/pico_standard_binary_info/standard_binary_info.c.o
 .rodata.__bi_42
                0x000000001000802c        0xc CMakeFiles/sn74hc164_test.dir/home/adept/Donovan/pico/pico-sdk/src/rp2_common/pico_standard_binary_info/standard_binary_info.c.o
 .rodata.__bi_48
                0x0000000010008038        0xc CMakeFiles/sn74hc164_test.dir/home/adept/Donovan/pico/pico-sdk/src/rp2_common/pico_standard_binary_info/standard_binary_info.c.o
 .rodata.__bi_54
                0x0000000010008044        0xc CMakeFiles/sn74hc164_test.dir/home/adept/Donovan/pico/pico-sdk/src/rp2_common/pico_standard_binary_info/standard_binary_info.c.o
 .rodata.__bi_78
                0x0000000010008050        0xc CMakeFiles/sn74hc164_test.dir/home/adept/Donovan/pico/pico-sdk/src/rp2_common/pico_standard_binary_info/standard_binary_info.c.o
 .rodata.__bi_84
                0x000000001000805c        0xc CMakeFiles/sn74hc164_test.dir/home/adept/Donovan/pico/pico-sdk/src/rp2_common/pico_standard_binary_info/standard_binary_info.c.o
 .rodata._ftoa.str1.4
                0x0000000010008068       0x15 CMakeFiles/sn74hc164_test.dir/home/adept/Donovan/pico/pico-sdk/src/rp2_common/pico_printf/printf.c.o
 *fill*         0x000000001000807d        0x3 
 .rodata._vsnprintf
                0x0000000010008080      0x1e0 CMakeFiles/sn74hc164_test.dir/home/adept/Donovan/pico/pico-sdk/src/rp2_common/pico_printf/printf.c.o
 .rodata.pow10.5460
                0x0000000010008260       0x50 CMakeFiles/sn74hc164_test.dir/home/adept/Donovan/pico/pico-sdk/src/rp2_common/pico_printf/printf.c.o
 .rodata.crlf_str.6145
                0x00000000100082b0        0x2 CMakeFiles/sn74hc164_test.dir/home/adept/Donovan/pico/pico-sdk/src/rp2_common/pico_stdio/stdio.c.o
 *fill*         0x00000000100082b2        0x2 
 .rodata._resetd_driver
                0x00000000100082b4       0x20 CMakeFiles/sn74hc164_test.dir/home/adept/Donovan/pico/pico-sdk/src/rp2_common/pico_stdio_usb/reset_interface.c.o
 .rodata.desc_bos
                0x00000000100082d4       0x21 CMakeFiles/sn74hc164_test.dir/home/adept/Donovan/pico/pico-sdk/src/rp2_common/pico_stdio_usb/reset_interface.c.o
                0x00000000100082d4                desc_bos
 *fill*         0x00000000100082f5        0x3 
 .rodata.desc_ms_os_20
                0x00000000100082f8       0xa6 CMakeFiles/sn74hc164_test.dir/home/adept/Donovan/pico/pico-sdk/src/rp2_common/pico_stdio_usb/reset_interface.c.o
 *fill*         0x000000001000839e        0x2 
 .rodata.str1.4
                0x00000000100083a0       0x13 CMakeFiles/sn74hc164_test.dir/home/adept/Donovan/pico/pico-sdk/src/rp2_common/pico_stdio_usb/stdio_usb.c.o
 *fill*         0x00000000100083b3        0x1 
 .rodata.__bi_202.7904
                0x00000000100083b4        0xc CMakeFiles/sn74hc164_test.dir/home/adept/Donovan/pico/pico-sdk/src/rp2_common/pico_stdio_usb/stdio_usb.c.o
 .rodata.str1.4
                0x00000000100083c0       0x2a CMakeFiles/sn74hc164_test.dir/home/adept/Donovan/pico/pico-sdk/src/rp2_common/pico_stdio_usb/stdio_usb_descriptors.c.o
 *fill*         0x00000000100083ea        0x2 
 .rodata.usbd_desc_cfg
                0x00000000100083ec       0x54 CMakeFiles/sn74hc164_test.dir/home/adept/Donovan/pico/pico-sdk/src/rp2_common/pico_stdio_usb/stdio_usb_descriptors.c.o
 .rodata.usbd_desc_device
                0x0000000010008440       0x12 CMakeFiles/sn74hc164_test.dir/home/adept/Donovan/pico/pico-sdk/src/rp2_common/pico_stdio_usb/stdio_usb_descriptors.c.o
 *fill*         0x0000000010008452        0x2 
 .rodata.usbd_desc_str
                0x0000000010008454       0x18 CMakeFiles/sn74hc164_test.dir/home/adept/Donovan/pico/pico-sdk/src/rp2_common/pico_stdio_usb/stdio_usb_descriptors.c.o
 .rodata.str1.4
                0x000000001000846c       0x14 CMakeFiles/sn74hc164_test.dir/home/adept/Donovan/pico/pico-sdk/lib/tinyusb/src/portable/raspberrypi/rp2040/dcd_rp2040.c.o
 .rodata.str1.4
                0x0000000010008480       0x48 CMakeFiles/sn74hc164_test.dir/home/adept/Donovan/pico/pico-sdk/lib/tinyusb/src/portable/raspberrypi/rp2040/rp2040_usb.c.o
 .rodata.tud_task_ext
                0x00000000100084c8       0x8c CMakeFiles/sn74hc164_test.dir/home/adept/Donovan/pico/pico-sdk/lib/tinyusb/src/device/usbd.c.o
 .rodata        0x0000000010008554       0x1c CMakeFiles/sn74hc164_test.dir/home/adept/Donovan/pico/pico-sdk/lib/tinyusb/src/device/usbd.c.o
 .rodata._usbd_driver
                0x0000000010008570       0x40 CMakeFiles/sn74hc164_test.dir/home/adept/Donovan/pico/pico-sdk/lib/tinyusb/src/device/usbd.c.o
 .rodata        0x00000000100085b0        0x4 /usr/lib/gcc/arm-none-eabi/9.2.1/../../../arm-none-eabi/lib/thumb/v6-m/nofp/libg.a(lib_a-impure.o)
                0x00000000100085b0                _global_impure_ptr
                0x00000000100085b4                . = ALIGN (0x4)
 *(SORT_BY_ALIGNMENT(SORT_BY_NAME(.flashdata*)))
                0x00000000100085b4                . = ALIGN (0x4)

.ARM.extab
 *(.ARM.extab* .gnu.linkonce.armextab.*)
                0x00000000100085b4                __exidx_start = .

.ARM.exidx
 *(.ARM.exidx* .gnu.linkonce.armexidx.*)
                0x00000000100085b4                __exidx_end = .
                0x00000000100085b4                . = ALIGN (0x4)
                0x00000000100085b4                __binary_info_start = .

.binary_info    0x00000000100085b4       0x20
 *(.binary_info.keep.*)
 .binary_info.keep.__bi_ptr26
                0x00000000100085b4        0x4 CMakeFiles/sn74hc164_test.dir/home/adept/Donovan/pico/pico-sdk/src/rp2_common/pico_standard_binary_info/standard_binary_info.c.o
 .binary_info.keep.__bi_ptr34
                0x00000000100085b8        0x4 CMakeFiles/sn74hc164_test.dir/home/adept/Donovan/pico/pico-sdk/src/rp2_common/pico_standard_binary_info/standard_binary_info.c.o
 .binary_info.keep.__bi_ptr42
                0x00000000100085bc        0x4 CMakeFiles/sn74hc164_test.dir/home/adept/Donovan/pico/pico-sdk/src/rp2_common/pico_standard_binary_info/standard_binary_info.c.o
 .binary_info.keep.__bi_ptr48
                0x00000000100085c0        0x4 CMakeFiles/sn74hc164_test.dir/home/adept/Donovan/pico/pico-sdk/src/rp2_common/pico_standard_binary_info/standard_binary_info.c.o
 .binary_info.keep.__bi_ptr54
                0x00000000100085c4        0x4 CMakeFiles/sn74hc164_test.dir/home/adept/Donovan/pico/pico-sdk/src/rp2_common/pico_standard_binary_info/standard_binary_info.c.o
 .binary_info.keep.__bi_ptr78
                0x00000000100085c8        0x4 CMakeFiles/sn74hc164_test.dir/home/adept/Donovan/pico/pico-sdk/src/rp2_common/pico_standard_binary_info/standard_binary_info.c.o
 .binary_info.keep.__bi_ptr84
                0x00000000100085cc        0x4 CMakeFiles/sn74hc164_test.dir/home/adept/Donovan/pico/pico-sdk/src/rp2_common/pico_standard_binary_info/standard_binary_info.c.o
 *(.binary_info.*)
 .binary_info.__bi_ptr202
                0x00000000100085d0        0x4 CMakeFiles/sn74hc164_test.dir/home/adept/Donovan/pico/pico-sdk/src/rp2_common/pico_stdio_usb/stdio_usb.c.o
                0x00000000100085d4                __binary_info_end = .
                0x00000000100085d4                . = ALIGN (0x4)

.ram_vector_table
                0x0000000020000000       0xc0
 *(.ram_vector_table)
 .ram_vector_table
                0x0000000020000000       0xc0 CMakeFiles/sn74hc164_test.dir/home/adept/Donovan/pico/pico-sdk/src/rp2_common/pico_runtime_init/runtime_init.c.o
                0x0000000020000000                ram_vector_table

.uninitialized_data
                0x00000000200000c0        0x0
                0x00000000200000c0                . = ALIGN (0x4)
 *(.uninitialized_data*)

.data           0x00000000200000c0     0x18d0 load address 0x00000000100085d4
                0x00000000200000c0                __data_start__ = .
 *(vtable)
 *(.time_critical*)
 .time_critical.mutex_try_enter
                0x00000000200000c0       0x48 CMakeFiles/sn74hc164_test.dir/home/adept/Donovan/pico/pico-sdk/src/common/pico_sync/mutex.c.o
                0x00000000200000c0                mutex_try_enter
 .time_critical.mutex_try_enter_block_until
                0x0000000020000108       0xb0 CMakeFiles/sn74hc164_test.dir/home/adept/Donovan/pico/pico-sdk/src/common/pico_sync/mutex.c.o
                0x0000000020000108                mutex_try_enter_block_until
 .time_critical.mutex_enter_timeout_ms
                0x00000000200001b8       0x90 CMakeFiles/sn74hc164_test.dir/home/adept/Donovan/pico/pico-sdk/src/common/pico_sync/mutex.c.o
                0x00000000200001b8                mutex_enter_timeout_ms
 .time_critical.mutex_exit
                0x0000000020000248       0x28 CMakeFiles/sn74hc164_test.dir/home/adept/Donovan/pico/pico-sdk/src/common/pico_sync/mutex.c.o
                0x0000000020000248                mutex_exit
 .time_critical.flash_init_boot2_copyout
                0x0000000020000270       0x30 CMakeFiles/sn74hc164_test.dir/home/adept/Donovan/pico/pico-sdk/src/rp2_common/hardware_flash/flash.c.o
 .time_critical.flash_enable_xip_via_boot2
                0x00000000200002a0       0x10 CMakeFiles/sn74hc164_test.dir/home/adept/Donovan/pico/pico-sdk/src/rp2_common/hardware_flash/flash.c.o
 .time_critical.flash_save_hardware_state
                0x00000000200002b0       0x28 CMakeFiles/sn74hc164_test.dir/home/adept/Donovan/pico/pico-sdk/src/rp2_common/hardware_flash/flash.c.o
 .time_critical.flash_restore_hardware_state
                0x00000000200002d8       0x28 CMakeFiles/sn74hc164_test.dir/home/adept/Donovan/pico/pico-sdk/src/rp2_common/hardware_flash/flash.c.o
 .time_critical.flash_cs_force
                0x0000000020000300       0x38 CMakeFiles/sn74hc164_test.dir/home/adept/Donovan/pico/pico-sdk/src/rp2_common/hardware_flash/flash.c.o
 .time_critical.flash_do_cmd
                0x0000000020000338       0xd4 CMakeFiles/sn74hc164_test.dir/home/adept/Donovan/pico/pico-sdk/src/rp2_common/hardware_flash/flash.c.o
                0x0000000020000338                flash_do_cmd
 .time_critical.reset_non_control_endpoints
                0x000000002000040c       0xbc CMakeFiles/sn74hc164_test.dir/home/adept/Donovan/pico/pico-sdk/lib/tinyusb/src/portable/raspberrypi/rp2040/dcd_rp2040.c.o
 .time_critical.hw_handle_buff_status
                0x00000000200004c8       0x98 CMakeFiles/sn74hc164_test.dir/home/adept/Donovan/pico/pico-sdk/lib/tinyusb/src/portable/raspberrypi/rp2040/dcd_rp2040.c.o
 .time_critical.dcd_rp2040_irq
                0x0000000020000560      0x564 CMakeFiles/sn74hc164_test.dir/home/adept/Donovan/pico/pico-sdk/lib/tinyusb/src/portable/raspberrypi/rp2040/dcd_rp2040.c.o
 .time_critical.prepare_ep_buffer
                0x0000000020000ac4      0x100 CMakeFiles/sn74hc164_test.dir/home/adept/Donovan/pico/pico-sdk/lib/tinyusb/src/portable/raspberrypi/rp2040/rp2040_usb.c.o
 .time_critical.sync_ep_buffer
                0x0000000020000bc4       0xbc CMakeFiles/sn74hc164_test.dir/home/adept/Donovan/pico/pico-sdk/lib/tinyusb/src/portable/raspberrypi/rp2040/rp2040_usb.c.o
 .time_critical._hw_endpoint_xfer_sync
                0x0000000020000c80       0x28 CMakeFiles/sn74hc164_test.dir/home/adept/Donovan/pico/pico-sdk/lib/tinyusb/src/portable/raspberrypi/rp2040/rp2040_usb.c.o
 .time_critical.e15_is_bulkin_ep
                0x0000000020000ca8       0x28 CMakeFiles/sn74hc164_test.dir/home/adept/Donovan/pico/pico-sdk/lib/tinyusb/src/portable/raspberrypi/rp2040/rp2040_usb.c.o
 .time_critical.e15_is_critical_frame_period
                0x0000000020000cd0       0x38 CMakeFiles/sn74hc164_test.dir/home/adept/Donovan/pico/pico-sdk/lib/tinyusb/src/portable/raspberrypi/rp2040/rp2040_usb.c.o
 .time_critical.hw_endpoint_reset_transfer
                0x0000000020000d08        0xc CMakeFiles/sn74hc164_test.dir/home/adept/Donovan/pico/pico-sdk/lib/tinyusb/src/portable/raspberrypi/rp2040/rp2040_usb.c.o
                0x0000000020000d08                hw_endpoint_reset_transfer
 .time_critical._hw_endpoint_buffer_control_update32
                0x0000000020000d14       0x50 CMakeFiles/sn74hc164_test.dir/home/adept/Donovan/pico/pico-sdk/lib/tinyusb/src/portable/raspberrypi/rp2040/rp2040_usb.c.o
                0x0000000020000d14                _hw_endpoint_buffer_control_update32
 .time_critical.hw_endpoint_start_next_buffer
                0x0000000020000d64       0x6c CMakeFiles/sn74hc164_test.dir/home/adept/Donovan/pico/pico-sdk/lib/tinyusb/src/portable/raspberrypi/rp2040/rp2040_usb.c.o
                0x0000000020000d64                hw_endpoint_start_next_buffer
 .time_critical.hw_endpoint_xfer_continue
                0x0000000020000dd0       0x40 CMakeFiles/sn74hc164_test.dir/home/adept/Donovan/pico/pico-sdk/lib/tinyusb/src/portable/raspberrypi/rp2040/rp2040_usb.c.o
                0x0000000020000dd0                hw_endpoint_xfer_continue
 .time_critical.tinyusb
                0x0000000020000e10      0x1f0 CMakeFiles/sn74hc164_test.dir/home/adept/Donovan/pico/pico-sdk/lib/tinyusb/src/device/usbd.c.o
                0x0000000020000e10                dcd_event_handler
 *(.text*)
 .text          0x0000000020001000        0x4 /usr/lib/gcc/arm-none-eabi/9.2.1/thumb/v6-m/nofp/libgcc.a(_dvmd_tls.o)
                0x0000000020001000                __aeabi_ldiv0
                0x0000000020001000                __aeabi_idiv0
 *fill*         0x0000000020001004        0x4 
 .text.__stub   0x0000000020001008       0x80 linker stubs
                0x0000000020001088                . = ALIGN (0x4)
 *(.rodata*)
                0x0000000020001088                . = ALIGN (0x4)
 *(.data*)
 .data.striped_spin_lock_num
                0x0000000020001088        0x1 CMakeFiles/sn74hc164_test.dir/home/adept/Donovan/pico/pico-sdk/src/rp2_common/hardware_sync/sync.c.o
 *fill*         0x0000000020001089        0x3 
 .data          0x000000002000108c       0x48 CMakeFiles/sn74hc164_test.dir/home/adept/Donovan/pico/pico-sdk/src/rp2_common/hardware_irq/irq_handler_chain.S.o
                0x000000002000108c                irq_handler_chain_slots
                0x00000000200010bc                irq_handler_chain_first_slot
                0x00000000200010c6                irq_handler_chain_remove_tail
 .data.default_alarm_pool
                0x00000000200010d4       0x18 CMakeFiles/sn74hc164_test.dir/home/adept/Donovan/pico/pico-sdk/src/common/pico_time/time.c.o
 *fill*         0x00000000200010ec        0x4 
 .data.aeabi_bits_funcs
                0x00000000200010f0       0x10 CMakeFiles/sn74hc164_test.dir/home/adept/Donovan/pico/pico-sdk/src/rp2_common/pico_bit_ops/bit_ops_aeabi.S.o
                0x00000000200010f0                aeabi_bits_funcs
                0x0000000020001100                aeabi_bits_funcs_end
 .data.aeabi_mem_funcs
                0x0000000020001100       0x10 CMakeFiles/sn74hc164_test.dir/home/adept/Donovan/pico/pico-sdk/src/rp2_common/pico_mem_ops/mem_ops_aeabi.S.o
                0x0000000020001100                aeabi_mem_funcs
                0x0000000020001110                aeabi_mem_funcs_end
 .data.stdio_usb
                0x0000000020001110       0x18 CMakeFiles/sn74hc164_test.dir/home/adept/Donovan/pico/pico-sdk/src/rp2_common/pico_stdio_usb/stdio_usb.c.o
                0x0000000020001110                stdio_usb
 .data._usbd_qdef
                0x0000000020001128       0x1c CMakeFiles/sn74hc164_test.dir/home/adept/Donovan/pico/pico-sdk/lib/tinyusb/src/device/usbd.c.o
                0x0000000020001128                _usbd_qdef
 .data._usbd_rhport
                0x0000000020001144        0x1 CMakeFiles/sn74hc164_test.dir/home/adept/Donovan/pico/pico-sdk/lib/tinyusb/src/device/usbd.c.o
 *fill*         0x0000000020001145        0x3 
 .data          0x0000000020001148      0x430 /usr/lib/gcc/arm-none-eabi/9.2.1/../../../arm-none-eabi/lib/thumb/v6-m/nofp/libg.a(lib_a-impure.o)
                0x0000000020001148                _impure_ptr
 .data          0x0000000020001578      0x410 /usr/lib/gcc/arm-none-eabi/9.2.1/../../../arm-none-eabi/lib/thumb/v6-m/nofp/libg.a(lib_a-mallocr.o)
                0x0000000020001578                __malloc_sbrk_base
                0x000000002000157c                __malloc_trim_threshold
                0x0000000020001580                __malloc_av_
                0x0000000020001988                . = ALIGN (0x4)
 *(.after_data.*)
                0x0000000020001988                . = ALIGN (0x4)
                0x0000000020001988                PROVIDE (__mutex_array_start = .)
 *(SORT_BY_NAME(.mutex_array.*))
 *(.mutex_array)
 .mutex_array   0x0000000020001988        0x8 CMakeFiles/sn74hc164_test.dir/home/adept/Donovan/pico/pico-sdk/src/rp2_common/pico_stdio/stdio.c.o
                0x0000000020001990                PROVIDE (__mutex_array_end = .)
                0x0000000020001990                . = ALIGN (0x4)
 *(.jcr)
                0x0000000020001990                . = ALIGN (0x4)

.tm_clone_table
                0x0000000020001990        0x0 load address 0x0000000010009ea4
 .tm_clone_table
                0x0000000020001990        0x0 /usr/lib/gcc/arm-none-eabi/9.2.1/thumb/v6-m/nofp/crtbegin.o
 .tm_clone_table
                0x0000000020001990        0x0 /usr/lib/gcc/arm-none-eabi/9.2.1/thumb/v6-m/nofp/crtend.o

.igot.plt       0x0000000020001990        0x0 load address 0x0000000010009ea4
 .igot.plt      0x0000000020001990        0x0 /usr/lib/gcc/arm-none-eabi/9.2.1/thumb/v6-m/nofp/crtbegin.o

.tdata          0x0000000020001990        0x0 load address 0x0000000010009ea4
                0x0000000020001990                . = ALIGN (0x4)
 *(.tdata .tdata.* .gnu.linkonce.td.*)
                0x0000000020001990                __tdata_end = .
                0x0000000020001990                PROVIDE (__data_end__ = .)
                0x00000000100085d4                __etext = LOADADDR (.data)

.tbss           0x0000000020001990        0x0 load address 0x0000000010009ea4
                0x0000000020001990                . = ALIGN (0x4)
                0x0000000020001990                __bss_start__ = .
                0x0000000020001990                __tls_base = .
 *(.tbss .tbss.* .gnu.linkonce.tb.*)
 *(.tcommon)
                0x0000000020001990                __tls_end = .

.bss            0x0000000020001990      0xf3c load address 0x0000000010009ea4
                0x0000000020001990                . = ALIGN (0x4)
                0x0000000020001990                __tbss_end = .
 *(SORT_BY_ALIGNMENT(SORT_BY_NAME(.bss*)))
 .bss.default_alarm_pool_entries
                0x0000000020001990      0x180 CMakeFiles/sn74hc164_test.dir/home/adept/Donovan/pico/pico-sdk/src/common/pico_time/time.c.o
 .bss.last_avail_time.7872
                0x0000000020001b10        0x8 CMakeFiles/sn74hc164_test.dir/home/adept/Donovan/pico/pico-sdk/src/rp2_common/pico_stdio_usb/stdio_usb.c.o
 .bss           0x0000000020001b18       0x1c /usr/lib/gcc/arm-none-eabi/9.2.1/thumb/v6-m/nofp/crtbegin.o
 .bss           0x0000000020001b34       0x34 /usr/lib/gcc/arm-none-eabi/9.2.1/../../../arm-none-eabi/lib/thumb/v6-m/nofp/libg.a(lib_a-mallocr.o)
                0x0000000020001b34                __malloc_top_pad
                0x0000000020001b38                __malloc_current_mallinfo
                0x0000000020001b60                __malloc_max_sbrked_mem
                0x0000000020001b64                __malloc_max_total_mem
 .bss._app_driver
                0x0000000020001b68        0x4 CMakeFiles/sn74hc164_test.dir/home/adept/Donovan/pico/pico-sdk/lib/tinyusb/src/device/usbd.c.o
 .bss._cdcd_epbuf
                0x0000000020001b6c       0x80 CMakeFiles/sn74hc164_test.dir/home/adept/Donovan/pico/pico-sdk/lib/tinyusb/src/class/cdc/cdc_device.c.o
 .bss._cdcd_fifo_cfg
                0x0000000020001bec        0x1 CMakeFiles/sn74hc164_test.dir/home/adept/Donovan/pico/pico-sdk/lib/tinyusb/src/class/cdc/cdc_device.c.o
 *fill*         0x0000000020001bed        0x3 
 .bss._cdcd_itf
                0x0000000020001bf0       0xc8 CMakeFiles/sn74hc164_test.dir/home/adept/Donovan/pico/pico-sdk/lib/tinyusb/src/class/cdc/cdc_device.c.o
 .bss._ctrl_epbuf
                0x0000000020001cb8       0x40 CMakeFiles/sn74hc164_test.dir/home/adept/Donovan/pico/pico-sdk/lib/tinyusb/src/device/usbd_control.c.o
 .bss._ctrl_xfer
                0x0000000020001cf8       0x14 CMakeFiles/sn74hc164_test.dir/home/adept/Donovan/pico/pico-sdk/lib/tinyusb/src/device/usbd_control.c.o
 .bss._tusb_rhport_role
                0x0000000020001d0c        0x2 CMakeFiles/sn74hc164_test.dir/home/adept/Donovan/pico/pico-sdk/lib/tinyusb/src/tusb.c.o
                0x0000000020001d0c                _tusb_rhport_role
 *fill*         0x0000000020001d0e        0x2 
 .bss._ubsd_mutexdef
                0x0000000020001d10        0x8 CMakeFiles/sn74hc164_test.dir/home/adept/Donovan/pico/pico-sdk/lib/tinyusb/src/device/usbd.c.o
 .bss._usbd_dev
                0x0000000020001d18       0x54 CMakeFiles/sn74hc164_test.dir/home/adept/Donovan/pico/pico-sdk/lib/tinyusb/src/device/usbd.c.o
 .bss._usbd_mutex
                0x0000000020001d6c        0x4 CMakeFiles/sn74hc164_test.dir/home/adept/Donovan/pico/pico-sdk/lib/tinyusb/src/device/usbd.c.o
 .bss._usbd_q   0x0000000020001d70        0x4 CMakeFiles/sn74hc164_test.dir/home/adept/Donovan/pico/pico-sdk/lib/tinyusb/src/device/usbd.c.o
 .bss._vendord_epbuf
                0x0000000020001d74       0x80 CMakeFiles/sn74hc164_test.dir/home/adept/Donovan/pico/pico-sdk/lib/tinyusb/src/class/vendor/vendor_device.c.o
 .bss._vendord_itf
                0x0000000020001df4      0x24c CMakeFiles/sn74hc164_test.dir/home/adept/Donovan/pico/pico-sdk/lib/tinyusb/src/class/vendor/vendor_device.c.o
 .bss.boot2_copyout
                0x0000000020002040      0x100 CMakeFiles/sn74hc164_test.dir/home/adept/Donovan/pico/pico-sdk/src/rp2_common/hardware_flash/flash.c.o
 .bss.chars_available_callback
                0x0000000020002140        0x4 CMakeFiles/sn74hc164_test.dir/home/adept/Donovan/pico/pico-sdk/src/rp2_common/pico_stdio_usb/stdio_usb.c.o
 .bss.chars_available_param
                0x0000000020002144        0x4 CMakeFiles/sn74hc164_test.dir/home/adept/Donovan/pico/pico-sdk/src/rp2_common/pico_stdio_usb/stdio_usb.c.o
 .bss.claimed   0x0000000020002148        0x4 CMakeFiles/sn74hc164_test.dir/home/adept/Donovan/pico/pico-sdk/src/rp2_common/hardware_sync/sync.c.o
 .bss.claimed   0x000000002000214c        0x1 CMakeFiles/sn74hc164_test.dir/home/adept/Donovan/pico/pico-sdk/src/rp2_common/hardware_timer/timer.c.o
 *fill*         0x000000002000214d        0x3 
 .bss.configured_freq
                0x0000000020002150       0x28 CMakeFiles/sn74hc164_test.dir/home/adept/Donovan/pico/pico-sdk/src/rp2_common/hardware_clocks/clocks.c.o
 .bss.desc_str.7467
                0x0000000020002178       0x28 CMakeFiles/sn74hc164_test.dir/home/adept/Donovan/pico/pico-sdk/src/rp2_common/pico_stdio_usb/stdio_usb_descriptors.c.o
 .bss.drivers   0x00000000200021a0        0x4 CMakeFiles/sn74hc164_test.dir/home/adept/Donovan/pico/pico-sdk/src/rp2_common/pico_stdio/stdio.c.o
 .bss.e15_last_sof
                0x00000000200021a4        0x4 CMakeFiles/sn74hc164_test.dir/home/adept/Donovan/pico/pico-sdk/lib/tinyusb/src/portable/raspberrypi/rp2040/rp2040_usb.c.o
                0x00000000200021a4                e15_last_sof