Archive member included to satisfy reference by file (symbol)

/usr/lib/gcc/arm-none-eabi/9.2.1/thumb/v6-m/nofp/libgcc.a(_dvmd_tls.o)
                              CMakeFiles/sn74hc08_test.dir/home/adept/Donovan/pico/pico-sdk/src/rp2_common/pico_divider/divider_hardware.S.o (__aeabi_idiv0)
/usr/lib/gcc/arm-none-eabi/9.2.1/../../../arm-none-eabi/lib/thumb/v6-m/nofp/libg.a(lib_a-atexit.o)
                              /usr/lib/gcc/arm-none-eabi/9.2.1/../../../arm-none-eabi/lib/thumb/v6-m/nofp/crt0.o (atexit)
/usr/lib/gcc/arm-none-eabi/9.2.1/../../../arm-none-eabi/lib/thumb/v6-m/nofp/libg.a(lib_a-calloc.o)
                              CMakeFiles/sn74hc08_test.dir/home/adept/Donovan/pico/pico-sdk/src/rp2_common/pico_malloc/malloc.c.o (calloc)
/usr/lib/gcc/arm-none-eabi/9.2.1/../../../arm-none-eabi/lib/thumb/v6-m/nofp/libg.a(lib_a-callocr.o)
                              /usr/lib/gcc/arm-none-eabi/9.2.1/../../../arm-none-eabi/lib/thumb/v6-m/nofp/libg.a(lib_a-calloc.o) (_calloc_r)
/usr/lib/gcc/arm-none-eabi/9.2.1/../../../arm-none-eabi/lib/thumb/v6-m/nofp/libg.a(lib_a-fflush.o)
                              CMakeFiles/sn74hc08_test.dir/src/sn74hc08_test.c.o (fflush)
/usr/lib/gcc/arm-none-eabi/9.2.1/../../../arm-none-eabi/lib/thumb/v6-m/nofp/libg.a(lib_a-findfp.o)
                              /usr/lib/gcc/arm-none-eabi/9.2.1/../../../arm-none-eabi/lib/thumb/v6-m/nofp/libg.a(lib_a-fflush.o) (__sinit)
/usr/lib/gcc/arm-none-eabi/9.2.1/../../../arm-none-eabi/lib/thumb/v6-m/nofp/libg.a(lib_a-fini.o)
                              /usr/lib/gcc/arm-none-eabi/9.2.1/../../../arm-none-eabi/lib/thumb/v6-m/nofp/crt0.o (__libc_fini_array)
/usr/lib/gcc/arm-none-eabi/9.2.1/../../../arm-none-eabi/lib/thumb/v6-m/nofp/libg.a(lib_a-freer.o)
                              /usr/lib/gcc/arm-none-eabi/9.2.1/../../../arm-none-eabi/lib/thumb/v6-m/nofp/libg.a(lib_a-fflush.o) (_free_r)
/usr/lib/gcc/arm-none-eabi/9.2.1/../../../arm-none-eabi/lib/thumb/v6-m/nofp/libg.a(lib_a-fwalk.o)
                              /usr/lib/gcc/arm-none-eabi/9.2.1/../../../arm-none-eabi/lib/thumb/v6-m/nofp/libg.a(lib_a-findfp.o) (_fwalk)
/usr/lib/gcc/arm-none-eabi/9.2.1/../../../arm-none-eabi/lib/thumb/v6-m/nofp/libg.a(lib_a-impure.o)
                              /usr/lib/gcc/arm-none-eabi/9.2.1/../../../arm-none-eabi/lib/thumb/v6-m/nofp/libg.a(lib_a-fflush.o) (_global_impure_ptr)
/usr/lib/gcc/arm-none-eabi/9.2.1/../../../arm-none-eabi/lib/thumb/v6-m/nofp/libg.a(lib_a-init.o)
                              /usr/lib/gcc/arm-none-eabi/9.2.1/../../../arm-none-eabi/lib/thumb/v6-m/nofp/crt0.o (__libc_init_array)
/usr/lib/gcc/arm-none-eabi/9.2.1/../../../arm-none-eabi/lib/thumb/v6-m/nofp/libg.a(lib_a-lcltime_r.o)
                              CMakeFiles/sn74hc08_test.dir/home/adept/Donovan/pico/pico-sdk/src/common/pico_util/datetime.c.o (localtime_r)
/usr/lib/gcc/arm-none-eabi/9.2.1/../../../arm-none-eabi/lib/thumb/v6-m/nofp/libg.a(lib_a-malloc.o)
                              CMakeFiles/sn74hc08_test.dir/home/adept/Donovan/pico/pico-sdk/src/rp2_common/pico_malloc/malloc.c.o (malloc)
/usr/lib/gcc/arm-none-eabi/9.2.1/../../../arm-none-eabi/lib/thumb/v6-m/nofp/libg.a(lib_a-mallocr.o)
                              /usr/lib/gcc/arm-none-eabi/9.2.1/../../../arm-none-eabi/lib/thumb/v6-m/nofp/libg.a(lib_a-callocr.o) (_malloc_r)
/usr/lib/gcc/arm-none-eabi/9.2.1/../../../arm-none-eabi/lib/thumb/v6-m/nofp/libg.a(lib_a-memcmp.o)
                              CMakeFiles/sn74hc08_test.dir/home/adept/Donovan/pico/pico-sdk/src/rp2_common/pico_atomic/atomic.c.o (memcmp)
/usr/lib/gcc/arm-none-eabi/9.2.1/../../../arm-none-eabi/lib/thumb/v6-m/nofp/libg.a(lib_a-mktime.o)
                              CMakeFiles/sn74hc08_test.dir/home/adept/Donovan/pico/pico-sdk/src/common/pico_util/datetime.c.o (mktime)
/usr/lib/gcc/arm-none-eabi/9.2.1/../../../arm-none-eabi/lib/thumb/v6-m/nofp/libg.a(lib_a-mlock.o)
                              /usr/lib/gcc/arm-none-eabi/9.2.1/../../../arm-none-eabi/lib/thumb/v6-m/nofp/libg.a(lib_a-freer.o) (__malloc_lock)
/usr/lib/gcc/arm-none-eabi/9.2.1/../../../arm-none-eabi/lib/thumb/v6-m/nofp/libg.a(lib_a-month_lengths.o)
                              /usr/lib/gcc/arm-none-eabi/9.2.1/../../../arm-none-eabi/lib/thumb/v6-m/nofp/libg.a(lib_a-lcltime_r.o) (__month_lengths)
/usr/lib/gcc/arm-none-eabi/9.2.1/../../../arm-none-eabi/lib/thumb/v6-m/nofp/libg.a(lib_a-realloc.o)
                              CMakeFiles/sn74hc08_test.dir/home/adept/Donovan/pico/pico-sdk/src/rp2_common/pico_malloc/malloc.c.o (realloc)
/usr/lib/gcc/arm-none-eabi/9.2.1/../../../arm-none-eabi/lib/thumb/v6-m/nofp/libg.a(lib_a-reallocr.o)
                              /usr/lib/gcc/arm-none-eabi/9.2.1/../../../arm-none-eabi/lib/thumb/v6-m/nofp/libg.a(lib_a-realloc.o) (_realloc_r)
/usr/lib/gcc/arm-none-eabi/9.2.1/../../../arm-none-eabi/lib/thumb/v6-m/nofp/libg.a(lib_a-sbrkr.o)
[...]
Memory Configuration

Name             Origin             Length             Attributes
FLASH            0x0000000010000000 0x0000000000200000 xr
RAM              0x0000000020000000 0x0000000000040000 xrw
SCRATCH_X        0x0000000020040000 0x0000000000001000 xrw
SCRATCH_Y        0x0000000020041000 0x0000000000001000 xrw
*default*        0x0000000000000000 0xffffffffffffffff

Linker script and memory map

LOAD /usr/lib/gcc/arm-none-eabi/9.2.1/thumb/v6-m/nofp/crti.o
LOAD /usr/lib/gcc/arm-none-eabi/9.2.1/thumb/v6-m/nofp/crtbegin.o
LOAD /usr/lib/gcc/arm-none-eabi/9.2.1/../../../arm-none-eabi/lib/thumb/v6-m/nofp/crt0.o

.flash_begin    0x0000000010000000        0x0
                0x0000000010000000                __flash_binary_start = .

.boot2          0x0000000010000000      0x100
                0x0000000010000000                __boot2_start__ = .
 *(.boot2)
 .boot2         0x0000000010000000      0x100 pico-sdk/src/rp2040/boot_stage2/CMakeFiles/bs2_default_library.dir/bs2_default_padded_checksummed.S.o
                0x0000000010000100                __boot2_end__ = .
                0x0000000000000001                ASSERT (((__boot2_end__ - __boot2_start__) == 0x100), ERROR: Pico second stage bootloader must be 256 bytes in size)

.text           0x0000000010000100     0x7b7c
                0x0000000010000100                __logical_binary_start = .
 *(.vectors)
 .vectors       0x0000000010000100       0xd4 CMakeFiles/sn74hc08_test.dir/home/adept/Donovan/pico/pico-sdk/src/rp2_common/pico_crt0/crt0.S.o
                0x0000000010000100                __vectors
                0x0000000010000100                __VECTOR_TABLE
                0x00000000100001c0                isr_irq30
                0x00000000100001c0                __unhandled_user_irq
                0x00000000100001c0                isr_irq13
                0x00000000100001c0                isr_irq27
                0x00000000100001c0                isr_irq31
                0x00000000100001c0                isr_irq5
                0x00000000100001c0                isr_irq11
                0x00000000100001c0                isr_irq23
                0x00000000100001c0                isr_irq18
                0x00000000100001c0                isr_irq28
                0x00000000100001c0                isr_irq19
                0x00000000100001c0                isr_irq0
                0x00000000100001c0                isr_irq6
                0x00000000100001c0                isr_irq22
                0x00000000100001c0                isr_irq17
                0x00000000100001c0                isr_irq14
                0x00000000100001c0                __vectors_end
                0x00000000100001c0                __default_isrs_start
                0x00000000100001c0                isr_irq2
                0x00000000100001c0                isr_irq10
                0x00000000100001c0                isr_irq8
                0x00000000100001c0                isr_irq24
                0x00000000100001c0                isr_irq1
                0x00000000100001c0                isr_irq7
                0x00000000100001c0                isr_irq21
                0x00000000100001c0                isr_irq20
                0x00000000100001c0                isr_irq15
                0x00000000100001c0                isr_irq25
                0x00000000100001c0                isr_irq4
                0x00000000100001c0                isr_irq16
                0x00000000100001c0                isr_irq29
                0x00000000100001c0                isr_irq26
                0x00000000100001c0                isr_irq3
                0x00000000100001c0                isr_irq12
                0x00000000100001c0                isr_irq9
                0x00000000100001c6                unhandled_user_irq_num_in_r0
                0x00000000100001c8                isr_invalid
                0x00000000100001ca                isr_nmi
                0x00000000100001cc                isr_hardfault
                0x00000000100001ce                isr_svcall
                0x00000000100001d0                isr_pendsv
                0x00000000100001d2                isr_systick
                0x00000000100001d4                __default_isrs_end
 *(.binary_info_header)
 .binary_info_header
                0x00000000100001d4       0x14 CMakeFiles/sn74hc08_test.dir/home/adept/Donovan/pico/pico-sdk/src/rp2_common/pico_crt0/crt0.S.o
                0x00000000100001e8                __binary_info_header_end = .
 *(.embedded_block)
                0x00000000100001e8                __embedded_block_end = .
 *(.reset)
 .reset         0x00000000100001e8       0x9c CMakeFiles/sn74hc08_test.dir/home/adept/Donovan/pico/pico-sdk/src/rp2_common/pico_crt0/crt0.S.o
                0x00000000100001e8                _entry_point
 *(.init)
 .init          0x0000000010000284        0x4 /usr/lib/gcc/arm-none-eabi/9.2.1/thumb/v6-m/nofp/crti.o
                0x0000000010000284                _init
 *(EXCLUDE_FILE(*libm.a: *libc.a:*lib_a-mem*.o *libgcc.a:) .text*)
 .text          0x0000000010000288       0x98 /usr/lib/gcc/arm-none-eabi/9.2.1/thumb/v6-m/nofp/crtbegin.o
 .text.startup.main
                0x0000000010000320      0x260 CMakeFiles/sn74hc08_test.dir/src/sn74hc08_test.c.o
                0x0000000010000320                main
 .text.gpio_set_pulls
                0x0000000010000580       0x34 CMakeFiles/sn74hc08_test.dir/home/adept/Donovan/pico/pico-sdk/src/rp2_common/hardware_gpio/gpio.c.o
                0x0000000010000580                gpio_set_pulls
 .text.gpio_init
                0x00000000100005b4       0x40 CMakeFiles/sn74hc08_test.dir/home/adept/Donovan/pico/pico-sdk/src/rp2_common/hardware_gpio/gpio.c.o
                0x00000000100005b4                gpio_init
 .text.rp2040_chip_version
                0x00000000100005f4        0xc CMakeFiles/sn74hc08_test.dir/home/adept/Donovan/pico/pico-sdk/src/rp2040/pico_platform/platform.c.o
                0x00000000100005f4                rp2040_chip_version
 .text.panic    0x0000000010000600       0x30 CMakeFiles/sn74hc08_test.dir/home/adept/Donovan/pico/pico-sdk/src/rp2_common/pico_platform_panic/panic.c.o
                0x0000000010000600                panic
 .text.hw_claim_or_assert
                0x0000000010000630       0x48 CMakeFiles/sn74hc08_test.dir/home/adept/Donovan/pico/pico-sdk/src/common/hardware_claim/claim.c.o
                0x0000000010000630                hw_claim_or_assert
 .text.hw_claim_unused_from_range
                0x0000000010000678       0x9c CMakeFiles/sn74hc08_test.dir/home/adept/Donovan/pico/pico-sdk/src/common/hardware_claim/claim.c.o
                0x0000000010000678                hw_claim_unused_from_range
 .text.next_striped_spin_lock_num
                0x0000000010000714       0x18 CMakeFiles/sn74hc08_test.dir/home/adept/Donovan/pico/pico-sdk/src/rp2_common/hardware_sync/sync.c.o
                0x0000000010000714                next_striped_spin_lock_num
 .text.spin_lock_claim_unused
                0x000000001000072c       0x20 CMakeFiles/sn74hc08_test.dir/home/adept/Donovan/pico/pico-sdk/src/rp2_common/hardware_sync/sync.c.o
                0x000000001000072c                spin_lock_claim_unused
 .text.spin_locks_reset
                0x000000001000074c       0x1c CMakeFiles/sn74hc08_test.dir/home/adept/Donovan/pico/pico-sdk/src/rp2_common/hardware_sync_spin_lock/sync_spin_lock.c.o
                0x000000001000074c                spin_locks_reset
 .text.runtime_init_per_core_irq_priorities
                0x0000000010000768       0x24 CMakeFiles/sn74hc08_test.dir/home/adept/Donovan/pico/pico-sdk/src/rp2_common/hardware_irq/irq.c.o
                0x0000000010000768                runtime_init_per_core_irq_priorities
 .text.irq_set_enabled
                0x000000001000078c       0x24 CMakeFiles/sn74hc08_test.dir/home/adept/Donovan/pico/pico-sdk/src/rp2_common/hardware_irq/irq.c.o
                0x000000001000078c                irq_set_enabled
 .text.irq_is_enabled
                0x00000000100007b0       0x18 CMakeFiles/sn74hc08_test.dir/home/adept/Donovan/pico/pico-sdk/src/rp2_common/hardware_irq/irq.c.o
                0x00000000100007b0                irq_is_enabled
 .text.irq_set_pending
                0x00000000100007c8       0x10 CMakeFiles/sn74hc08_test.dir/home/adept/Donovan/pico/pico-sdk/src/rp2_common/hardware_irq/irq.c.o
                0x00000000100007c8                irq_set_pending
 .text.irq_has_shared_handler
                0x00000000100007d8       0x24 CMakeFiles/sn74hc08_test.dir/home/adept/Donovan/pico/pico-sdk/src/rp2_common/hardware_irq/irq.c.o
                0x00000000100007d8                irq_has_shared_handler
 .text.irq_set_exclusive_handler
                0x00000000100007fc       0x54 CMakeFiles/sn74hc08_test.dir/home/adept/Donovan/pico/pico-sdk/src/rp2_common/hardware_irq/irq.c.o
                0x00000000100007fc                irq_set_exclusive_handler
 .text.irq_add_shared_handler
                0x0000000010000850      0x1c4 CMakeFiles/sn74hc08_test.dir/home/adept/Donovan/pico/pico-sdk/src/rp2_common/hardware_irq/irq.c.o
                0x0000000010000850                irq_add_shared_handler
 .text.irq_add_tail_to_free_list
                0x0000000010000a14       0xb4 CMakeFiles/sn74hc08_test.dir/home/adept/Donovan/pico/pico-sdk/src/rp2_common/hardware_irq/irq.c.o
                0x0000000010000a14                irq_add_tail_to_free_list
 .text.user_irq_claim_unused
                0x0000000010000ac8       0x28 CMakeFiles/sn74hc08_test.dir/home/adept/Donovan/pico/pico-sdk/src/rp2_common/hardware_irq/irq.c.o
                0x0000000010000ac8                user_irq_claim_unused
 .text.lock_init
                0x0000000010000af0       0x10 CMakeFiles/sn74hc08_test.dir/home/adept/Donovan/pico/pico-sdk/src/common/pico_sync/lock_core.c.o
                0x0000000010000af0                lock_init
 .text.runtime_init_mutex
                0x0000000010000b00       0x58 CMakeFiles/sn74hc08_test.dir/home/adept/Donovan/pico/pico-sdk/src/common/pico_sync/mutex.c.o
                0x0000000010000b00                runtime_init_mutex
 .text.mutex_init
                0x0000000010000b58       0x1c CMakeFiles/sn74hc08_test.dir/home/adept/Donovan/pico/pico-sdk/src/common/pico_sync/mutex.c.o
                0x0000000010000b58                mutex_init
 .text.critical_section_init
                0x0000000010000b74       0x1c CMakeFiles/sn74hc08_test.dir/home/adept/Donovan/pico/pico-sdk/src/common/pico_sync/critical_section.c.o
                0x0000000010000b74                critical_section_init
 .text.critical_section_init_with_lock_num
                0x0000000010000b90       0x14 CMakeFiles/sn74hc08_test.dir/home/adept/Donovan/pico/pico-sdk/src/common/pico_sync/critical_section.c.o
                0x0000000010000b90                critical_section_init_with_lock_num
 .text.sleep_until_callback
                0x0000000010000ba4       0x30 CMakeFiles/sn74hc08_test.dir/home/adept/Donovan/pico/pico-sdk/src/common/pico_time/time.c.o
 .text.alarm_pool_irq_handler
                0x0000000010000bd4      0x308 CMakeFiles/sn74hc08_test.dir/home/adept/Donovan/pico/pico-sdk/src/common/pico_time/time.c.o
 .text.runtime_init_default_alarm_pool
                0x0000000010000edc       0xdc CMakeFiles/sn74hc08_test.dir/home/adept/Donovan/pico/pico-sdk/src/common/pico_time/time.c.o
                0x0000000010000edc                runtime_init_default_alarm_pool
 .text.alarm_pool_get_default
                0x0000000010000fb8        0x8 CMakeFiles/sn74hc08_test.dir/home/adept/Donovan/pico/pico-sdk/src/common/pico_time/time.c.o
                0x0000000010000fb8                alarm_pool_get_default
 .text.alarm_pool_add_alarm_at
                0x0000000010000fc0       0xc8 CMakeFiles/sn74hc08_test.dir/home/adept/Donovan/pico/pico-sdk/src/common/pico_time/time.c.o
                0x0000000010000fc0                alarm_pool_add_alarm_at
 .text.alarm_pool_add_alarm_at_force_in_context
                0x0000000010001088       0xa8 CMakeFiles/sn74hc08_test.dir/home/adept/Donovan/pico/pico-sdk/src/common/pico_time/time.c.o
                0x0000000010001088                alarm_pool_add_alarm_at_force_in_context
 .text.alarm_pool_cancel_alarm
                0x0000000010001130       0x7c CMakeFiles/sn74hc08_test.dir/home/adept/Donovan/pico/pico-sdk/src/common/pico_time/time.c.o
                0x0000000010001130                alarm_pool_cancel_alarm
 .text.alarm_pool_core_num
                0x00000000100011ac        0x4 CMakeFiles/sn74hc08_test.dir/home/adept/Donovan/pico/pico-sdk/src/common/pico_time/time.c.o
                0x00000000100011ac                alarm_pool_core_num
 .text.sleep_until
                0x00000000100011b0       0xd0 CMakeFiles/sn74hc08_test.dir/home/adept/Donovan/pico/pico-sdk/src/common/pico_time/time.c.o
                0x00000000100011b0                sleep_until
 .text.sleep_us
                0x0000000010001280       0x24 CMakeFiles/sn74hc08_test.dir/home/adept/Donovan/pico/pico-sdk/src/common/pico_time/time.c.o
                0x0000000010001280                sleep_us
 .text.sleep_ms
                0x00000000100012a4       0x34 CMakeFiles/sn74hc08_test.dir/home/adept/Donovan/pico/pico-sdk/src/common/pico_time/time.c.o
                0x00000000100012a4                sleep_ms
 .text.best_effort_wfe_or_timeout
                0x00000000100012d8       0xfc CMakeFiles/sn74hc08_test.dir/home/adept/Donovan/pico/pico-sdk/src/common/pico_time/time.c.o
                0x00000000100012d8                best_effort_wfe_or_timeout
 .text.timer_hardware_alarm_claim
                0x00000000100013d4       0x14 CMakeFiles/sn74hc08_test.dir/home/adept/Donovan/pico/pico-sdk/src/rp2_common/hardware_timer/timer.c.o
                0x00000000100013d4                timer_hardware_alarm_claim
 .text.timer_time_us_64
                0x00000000100013e8       0x10 CMakeFiles/sn74hc08_test.dir/home/adept/Donovan/pico/pico-sdk/src/rp2_common/hardware_timer/timer.c.o
                0x00000000100013e8                timer_time_us_64
 .text.time_us_64
                0x00000000100013f8       0x14 CMakeFiles/sn74hc08_test.dir/home/adept/Donovan/pico/pico-sdk/src/rp2_common/hardware_timer/timer.c.o
                0x00000000100013f8                time_us_64
 .text.busy_wait_us
                0x000000001000140c       0x54 CMakeFiles/sn74hc08_test.dir/home/adept/Donovan/pico/pico-sdk/src/rp2_common/hardware_timer/timer.c.o
                0x000000001000140c                busy_wait_us
 .text.busy_wait_until
                0x0000000010001460       0x20 CMakeFiles/sn74hc08_test.dir/home/adept/Donovan/pico/pico-sdk/src/rp2_common/hardware_timer/timer.c.o
                0x0000000010001460                busy_wait_until
 .text.clock_configure_int_divider
                0x0000000010001480       0xf4 CMakeFiles/sn74hc08_test.dir/home/adept/Donovan/pico/pico-sdk/src/rp2_common/hardware_clocks/clocks.c.o
                0x0000000010001480                clock_configure_int_divider
 .text.clock_configure_undivided
                0x0000000010001574       0xe4 CMakeFiles/sn74hc08_test.dir/home/adept/Donovan/pico/pico-sdk/src/rp2_common/hardware_clocks/clocks.c.o
                0x0000000010001574                clock_configure_undivided
 .text.clock_get_hz
                0x0000000010001658        0xc CMakeFiles/sn74hc08_test.dir/home/adept/Donovan/pico/pico-sdk/src/rp2_common/hardware_clocks/clocks.c.o
                0x0000000010001658                clock_get_hz
 .text.pll_init
                0x0000000010001664       0xa0 CMakeFiles/sn74hc08_test.dir/home/adept/Donovan/pico/pico-sdk/src/rp2_common/hardware_pll/pll.c.o
                0x0000000010001664                pll_init
 .text.watchdog_reboot
                0x0000000010001704       0x98 CMakeFiles/sn74hc08_test.dir/home/adept/Donovan/pico/pico-sdk/src/rp2_common/hardware_watchdog/watchdog.c.o
                0x0000000010001704                watchdog_reboot
 .text.tick_start
                0x000000001000179c       0x10 CMakeFiles/sn74hc08_test.dir/home/adept/Donovan/pico/pico-sdk/src/rp2_common/hardware_ticks/ticks.c.o
                0x000000001000179c                tick_start
 .text.rom_func_lookup
                0x00000000100017ac       0x10 CMakeFiles/sn74hc08_test.dir/home/adept/Donovan/pico/pico-sdk/src/rp2_common/pico_bootrom/bootrom.c.o
                0x00000000100017ac                rom_func_lookup
 .text.rom_data_lookup
                0x00000000100017bc       0x10 CMakeFiles/sn74hc08_test.dir/home/adept/Donovan/pico/pico-sdk/src/rp2_common/pico_bootrom/bootrom.c.o
                0x00000000100017bc                rom_data_lookup
 .text.rom_funcs_lookup
                0x00000000100017cc       0x3c CMakeFiles/sn74hc08_test.dir/home/adept/Donovan/pico/pico-sdk/src/rp2_common/pico_bootrom/bootrom.c.o
                0x00000000100017cc                rom_funcs_lookup
 .text.rom_reset_usb_boot_extra
                0x0000000010001808       0x28 CMakeFiles/sn74hc08_test.dir/home/adept/Donovan/pico/pico-sdk/src/rp2_common/pico_bootrom/bootrom.c.o
                0x0000000010001808                rom_reset_usb_boot_extra
 .text.xosc_init
                0x0000000010001830       0x28 CMakeFiles/sn74hc08_test.dir/home/adept/Donovan/pico/pico-sdk/src/rp2_common/hardware_xosc/xosc.c.o
                0x0000000010001830                xosc_init
 .text.first_per_core_initializer
                0x0000000010001858        0x4 CMakeFiles/sn74hc08_test.dir/home/adept/Donovan/pico/pico-sdk/src/rp2_common/pico_runtime/runtime.c.o
 .text.hard_assertion_failure
                0x000000001000185c        0xc CMakeFiles/sn74hc08_test.dir/home/adept/Donovan/pico/pico-sdk/src/rp2_common/pico_runtime/runtime.c.o
                0x000000001000185c                hard_assertion_failure
 .text.runtime_run_initializers
                0x0000000010001868       0x28 CMakeFiles/sn74hc08_test.dir/home/adept/Donovan/pico/pico-sdk/src/rp2_common/pico_runtime/runtime.c.o
                0x0000000010001868                runtime_run_initializers
 .text.runtime_init_early_resets
                0x0000000010001890       0x2c CMakeFiles/sn74hc08_test.dir/home/adept/Donovan/pico/pico-sdk/src/rp2_common/pico_runtime_init/runtime_init.c.o
                0x0000000010001890                runtime_init_early_resets
 .text.runtime_init_usb_power_down
                0x00000000100018bc       0x1c CMakeFiles/sn74hc08_test.dir/home/adept/Donovan/pico/pico-sdk/src/rp2_common/pico_runtime_init/runtime_init.c.o
                0x00000000100018bc                runtime_init_usb_power_down
 .text.runtime_init_post_clock_resets
                0x00000000100018d8       0x20 CMakeFiles/sn74hc08_test.dir/home/adept/Donovan/pico/pico-sdk/src/rp2_common/pico_runtime_init/runtime_init.c.o
                0x00000000100018d8                runtime_init_post_clock_resets
 .text.runtime_init_rp2040_gpio_ie_disable
                0x00000000100018f8       0x14 CMakeFiles/sn74hc08_test.dir/home/adept/Donovan/pico/pico-sdk/src/rp2_common/pico_runtime_init/runtime_init.c.o
                0x00000000100018f8                runtime_init_rp2040_gpio_ie_disable
 .text.runtime_init_spin_locks_reset
                0x000000001000190c        0x8 CMakeFiles/sn74hc08_test.dir/home/adept/Donovan/pico/pico-sdk/src/rp2_common/pico_runtime_init/runtime_init.c.o
                0x000000001000190c                runtime_init_spin_locks_reset
 .text.runtime_init_install_ram_vector_table
                0x0000000010001914       0xb8 CMakeFiles/sn74hc08_test.dir/home/adept/Donovan/pico/pico-sdk/src/rp2_common/pico_runtime_init/runtime_init.c.o
                0x0000000010001914                runtime_init_install_ram_vector_table
 .text.runtime_init_clocks
                0x00000000100019cc       0xd8 CMakeFiles/sn74hc08_test.dir/home/adept/Donovan/pico/pico-sdk/src/rp2_common/pico_runtime_init/runtime_init_clocks.c.o
                0x00000000100019cc                runtime_init_clocks
 .text          0x0000000010001aa4       0x10 CMakeFiles/sn74hc08_test.dir/home/adept/Donovan/pico/pico-sdk/src/rp2_common/pico_bit_ops/bit_ops_aeabi.S.o
 .text.__wrap___aeabi_idiv
                0x0000000010001ab4       0x50 CMakeFiles/sn74hc08_test.dir/home/adept/Donovan/pico/pico-sdk/src/rp2_common/pico_divider/divider_hardware.S.o
                0x0000000010001ab4                __wrap___aeabi_idivmod
                0x0000000010001ab4                divmod_s32s32
                0x0000000010001ab4                div_s32s32
                0x0000000010001ab4                __wrap___aeabi_idiv
                0x0000000010001abc                divmod_s32s32_unsafe
                0x0000000010001ae8                divmod_s32s32_savestate
 .text.__wrap___aeabi_uidiv
                0x0000000010001b04       0x4c CMakeFiles/sn74hc08_test.dir/home/adept/Donovan/pico/pico-sdk/src/rp2_common/pico_divider/divider_hardware.S.o
                0x0000000010001b04                __wrap___aeabi_uidiv
                0x0000000010001b04                __wrap___aeabi_uidivmod
                0x0000000010001b04                div_u32u32
                0x0000000010001b04                divmod_u32u32
                0x0000000010001b0c                divmod_u32u32_unsafe
                0x0000000010001b34                divmod_u32u32_savestate
 .text.__wrap___aeabi_ldiv
                0x0000000010001b50      0x424 CMakeFiles/sn74hc08_test.dir/home/adept/Donovan/pico/pico-sdk/src/rp2_common/pico_divider/divider_hardware.S.o
                0x0000000010001b50                div_s64s64
                0x0000000010001b50                divmod_s64s64
                0x0000000010001b50                __wrap___aeabi_ldivmod
                0x0000000010001b80                div_u64u64
                0x0000000010001b80                divmod_u64u64
                0x0000000010001b80                __wrap___aeabi_uldivmod
                0x0000000010001b90                divmod_u64u64_savestate
                0x0000000010001bb0                divmod_s64s64_unsafe
                0x0000000010001c38                divmod_u64u64_unsafe
 .text.__wrap___aeabi_darithmetic
                0x0000000010001f74       0x80 CMakeFiles/sn74hc08_test.dir/home/adept/Donovan/pico/pico-sdk/src/rp2_common/pico_double/double_aeabi_rp2040.S.o
                0x0000000010001f74                __wrap___aeabi_drsub
                0x0000000010001f7a                __wrap___aeabi_dsub
                0x0000000010001f8c                __wrap___aeabi_dadd
                0x0000000010001f9e                __wrap___aeabi_ddiv
                0x0000000010001fda                __wrap___aeabi_dmul
 .text.__wrap___aeabi_cdcmple
                0x0000000010001ff4       0x6c CMakeFiles/sn74hc08_test.dir/home/adept/Donovan/pico/pico-sdk/src/rp2_common/pico_double/double_aeabi_rp2040.S.o
                0x0000000010001ff4                __wrap___aeabi_cdrcmple
                0x0000000010002004                __wrap___aeabi_cdcmple
                0x0000000010002004                __wrap___aeabi_cdcmpeq
 .text.__wrap___aeabi_dcmplt
                0x0000000010002060        0xc CMakeFiles/sn74hc08_test.dir/home/adept/Donovan/pico/pico-sdk/src/rp2_common/pico_double/double_aeabi_rp2040.S.o
                0x0000000010002060                __wrap___aeabi_dcmplt
 .text.__wrap___aeabi_dcmple
                0x000000001000206c       0x10 CMakeFiles/sn74hc08_test.dir/home/adept/Donovan/pico/pico-sdk/src/rp2_common/pico_double/double_aeabi_rp2040.S.o
                0x000000001000206c                __wrap___aeabi_dcmple
 .text.__wrap___aeabi_dcmpge
                0x000000001000207c       0x10 CMakeFiles/sn74hc08_test.dir/home/adept/Donovan/pico/pico-sdk/src/rp2_common/pico_double/double_aeabi_rp2040.S.o
                0x000000001000207c                __wrap___aeabi_dcmpge
 .text.__wrap___aeabi_dcmpgt
                0x000000001000208c        0xa CMakeFiles/sn74hc08_test.dir/home/adept/Donovan/pico/pico-sdk/src/rp2_common/pico_double/double_aeabi_rp2040.S.o
                0x000000001000208c                __wrap___aeabi_dcmpgt
 .text.__wrap___aeabi_dcmpun
                0x0000000010002096       0x18 CMakeFiles/sn74hc08_test.dir/home/adept/Donovan/pico/pico-sdk/src/rp2_common/pico_double/double_aeabi_rp2040.S.o
                0x0000000010002096                __wrap___aeabi_dcmpun
 *fill*         0x00000000100020ae        0x2 
 .text.__wrap___aeabi_i2d
                0x00000000100020b0       0x38 CMakeFiles/sn74hc08_test.dir/home/adept/Donovan/pico/pico-sdk/src/rp2_common/pico_double/double_aeabi_rp2040.S.o
                0x00000000100020b0                __wrap___aeabi_ui2d
                0x00000000100020b0                uint2double
                0x00000000100020b8                __wrap___aeabi_i2d
                0x00000000100020b8                int2double
 .text.__wrap___aeabi_d2iz
                0x00000000100020e8       0x48 CMakeFiles/sn74hc08_test.dir/home/adept/Donovan/pico/pico-sdk/src/rp2_common/pico_double/double_aeabi_rp2040.S.o
                0x00000000100020e8                __wrap___aeabi_d2iz
                0x00000000100020e8                double2int_z
 .text.__wrap___aeabi_d2uiz
                0x0000000010002130       0x18 CMakeFiles/sn74hc08_test.dir/home/adept/Donovan/pico/pico-sdk/src/rp2_common/pico_double/double_aeabi_rp2040.S.o
                0x0000000010002130                double2uint_z
                0x0000000010002130                double2uint
                0x0000000010002130                __wrap___aeabi_d2uiz
 .text.__aeabi_double_init
                0x0000000010002148       0xcc CMakeFiles/sn74hc08_test.dir/home/adept/Donovan/pico/pico-sdk/src/rp2_common/pico_double/double_init_rom_rp2040.c.o
                0x0000000010002148                __aeabi_double_init
 .text.double_table_shim_on_use_helper
                0x0000000010002214       0x2c CMakeFiles/sn74hc08_test.dir/home/adept/Donovan/pico/pico-sdk/src/rp2_common/pico_double/double_v1_rom_shim_rp2040.S.o
                0x0000000010002214                double_table_shim_on_use_helper
 .text.__wrap___aeabi_dsub
                0x0000000010002240       0x10 CMakeFiles/sn74hc08_test.dir/home/adept/Donovan/pico/pico-sdk/src/rp2_common/pico_double/double_v1_rom_shim_rp2040.S.o
                0x0000000010002240                drsub_shim
                0x0000000010002246                dsub_shim
 .text.dadd_shim
                0x0000000010002250      0x15c CMakeFiles/sn74hc08_test.dir/home/adept/Donovan/pico/pico-sdk/src/rp2_common/pico_double/double_v1_rom_shim_rp2040.S.o
                0x0000000010002250                dadd_shim
 .text.dmul_shim
                0x00000000100023ac      0x15c CMakeFiles/sn74hc08_test.dir/home/adept/Donovan/pico/pico-sdk/src/rp2_common/pico_double/double_v1_rom_shim_rp2040.S.o
                0x00000000100023ac                dmul_shim
 .text.ddiv_shim
                0x0000000010002508      0x1b0 CMakeFiles/sn74hc08_test.dir/home/adept/Donovan/pico/pico-sdk/src/rp2_common/pico_double/double_v1_rom_shim_rp2040.S.o
                0x0000000010002508                ddiv_shim
 .text.double2uint_shim
                0x00000000100026b8        0xe CMakeFiles/sn74hc08_test.dir/home/adept/Donovan/pico/pico-sdk/src/rp2_common/pico_double/double_v1_rom_shim_rp2040.S.o
                0x00000000100026b8                double2uint_shim
                0x00000000100026ba                double2ufix_shim
 *fill*         0x00000000100026c6        0x2 
 .text.double2uint64_shim
                0x00000000100026c8       0x70 CMakeFiles/sn74hc08_test.dir/home/adept/Donovan/pico/pico-sdk/src/rp2_common/pico_double/double_v1_rom_shim_rp2040.S.o
                0x00000000100026c8                double2uint64_shim
                0x00000000100026ca                double2ufix64_shim
                0x00000000100026ea                d2fix_a
 .text.dunpacks
                0x0000000010002738       0x3c CMakeFiles/sn74hc08_test.dir/home/adept/Donovan/pico/pico-sdk/src/rp2_common/pico_double/double_v1_rom_shim_rp2040.S.o
                0x0000000010002738                dunpacks
 .text.__aeabi_lmul
                0x0000000010002774       0x32 CMakeFiles/sn74hc08_test.dir/home/adept/Donovan/pico/pico-sdk/src/rp2_common/pico_int64_ops/pico_int64_ops_aeabi.S.o
                0x0000000010002774                __wrap___aeabi_lmul
 *fill*         0x00000000100027a6        0x2 
 .text.__aeabi_float_init
                0x00000000100027a8       0x64 CMakeFiles/sn74hc08_test.dir/home/adept/Donovan/pico/pico-sdk/src/rp2_common/pico_float/float_init_rom_rp2040.c.o
                0x00000000100027a8                __aeabi_float_init
 .text.float_table_shim_on_use_helper
                0x000000001000280c       0x2c CMakeFiles/sn74hc08_test.dir/home/adept/Donovan/pico/pico-sdk/src/rp2_common/pico_float/float_v1_rom_shim_rp2040.S.o
                0x000000001000280c                float_table_shim_on_use_helper
 .text          0x0000000010002838       0x10 CMakeFiles/sn74hc08_test.dir/home/adept/Donovan/pico/pico-sdk/src/rp2_common/pico_mem_ops/mem_ops_aeabi.S.o
                0x0000000010002838                __aeabi_mem_init
 .text.memset   0x0000000010002848        0xc CMakeFiles/sn74hc08_test.dir/home/adept/Donovan/pico/pico-sdk/src/rp2_common/pico_mem_ops/mem_ops_aeabi.S.o
                0x0000000010002848                __wrap_memset
 .text.memcpy   0x0000000010002854        0xc CMakeFiles/sn74hc08_test.dir/home/adept/Donovan/pico/pico-sdk/src/rp2_common/pico_mem_ops/mem_ops_aeabi.S.o
                0x0000000010002854                __wrap___aeabi_memcpy
                0x0000000010002854                __wrap_memcpy
 .text._out_null
                0x0000000010002860        0x4 CMakeFiles/sn74hc08_test.dir/home/adept/Donovan/pico/pico-sdk/src/rp2_common/pico_printf/printf.c.o
 .text._out_rev
                0x0000000010002864       0xd0 CMakeFiles/sn74hc08_test.dir/home/adept/Donovan/pico/pico-sdk/src/rp2_common/pico_printf/printf.c.o
 .text._ntoa_format
                0x0000000010002934      0x1d0 CMakeFiles/sn74hc08_test.dir/home/adept/Donovan/pico/pico-sdk/src/rp2_common/pico_printf/printf.c.o
 .text._out_char
                0x0000000010002b04       0x10 CMakeFiles/sn74hc08_test.dir/home/adept/Donovan/pico/pico-sdk/src/rp2_common/pico_printf/printf.c.o
 .text._out_fct
                0x0000000010002b14       0x10 CMakeFiles/sn74hc08_test.dir/home/adept/Donovan/pico/pico-sdk/src/rp2_common/pico_printf/printf.c.o
 .text._etoa    0x0000000010002b24      0x478 CMakeFiles/sn74hc08_test.dir/home/adept/Donovan/pico/pico-sdk/src/rp2_common/pico_printf/printf.c.o
 .text._ftoa    0x0000000010002f9c      0x3e0 CMakeFiles/sn74hc08_test.dir/home/adept/Donovan/pico/pico-sdk/src/rp2_common/pico_printf/printf.c.o
 .text._vsnprintf
                0x000000001000337c      0xb08 CMakeFiles/sn74hc08_test.dir/home/adept/Donovan/pico/pico-sdk/src/rp2_common/pico_printf/printf.c.o
 .text.vfctprintf
                0x0000000010003e84       0x20 CMakeFiles/sn74hc08_test.dir/home/adept/Donovan/pico/pico-sdk/src/rp2_common/pico_printf/printf.c.o
                0x0000000010003e84                vfctprintf
 .text.weak_raw_vprintf
                0x0000000010003ea4       0x30 CMakeFiles/sn74hc08_test.dir/home/adept/Donovan/pico/pico-sdk/src/rp2_common/pico_printf/printf.c.o
                0x0000000010003ea4                weak_raw_vprintf
 .text._exit    0x0000000010003ed4        0x4 CMakeFiles/sn74hc08_test.dir/home/adept/Donovan/pico/pico-sdk/src/rp2_common/pico_clib_interface/newlib_interface.c.o
                0x0000000010003ed4                _exit
 .text._sbrk    0x0000000010003ed8       0x34 CMakeFiles/sn74hc08_test.dir/home/adept/Donovan/pico/pico-sdk/src/rp2_common/pico_clib_interface/newlib_interface.c.o
                0x0000000010003ed8                _sbrk
 .text._read    0x0000000010003f0c       0x24 CMakeFiles/sn74hc08_test.dir/home/adept/Donovan/pico/pico-sdk/src/rp2_common/pico_clib_interface/newlib_interface.c.o
                0x0000000010003f0c                _read
 .text._write   0x0000000010003f30       0x24 CMakeFiles/sn74hc08_test.dir/home/adept/Donovan/pico/pico-sdk/src/rp2_common/pico_clib_interface/newlib_interface.c.o
                0x0000000010003f30                _write
 .text._close   0x0000000010003f54        0x8 CMakeFiles/sn74hc08_test.dir/home/adept/Donovan/pico/pico-sdk/src/rp2_common/pico_clib_interface/newlib_interface.c.o
                0x0000000010003f54                _close
 .text._lseek   0x0000000010003f5c        0x8 CMakeFiles/sn74hc08_test.dir/home/adept/Donovan/pico/pico-sdk/src/rp2_common/pico_clib_interface/newlib_interface.c.o
                0x0000000010003f5c                _lseek
 .text.exit     0x0000000010003f64        0x8 CMakeFiles/sn74hc08_test.dir/home/adept/Donovan/pico/pico-sdk/src/rp2_common/pico_clib_interface/newlib_interface.c.o
                0x0000000010003f64                exit
 .text.runtime_init
                0x0000000010003f6c       0x2c CMakeFiles/sn74hc08_test.dir/home/adept/Donovan/pico/pico-sdk/src/rp2_common/pico_clib_interface/newlib_interface.c.o
                0x0000000010003f6c                runtime_init
 .text.stdio_out_chars_no_crlf
                0x0000000010003f98       0x10 CMakeFiles/sn74hc08_test.dir/home/adept/Donovan/pico/pico-sdk/src/rp2_common/pico_stdio/stdio.c.o
 .text.stdio_out_chars_crlf
                0x0000000010003fa8       0x94 CMakeFiles/sn74hc08_test.dir/home/adept/Donovan/pico/pico-sdk/src/rp2_common/pico_stdio/stdio.c.o
 .text.stdio_buffered_printer
                0x000000001000403c       0x64 CMakeFiles/sn74hc08_test.dir/home/adept/Donovan/pico/pico-sdk/src/rp2_common/pico_stdio/stdio.c.o
 .text.stdio_put_string
                0x00000000100040a0      0x100 CMakeFiles/sn74hc08_test.dir/home/adept/Donovan/pico/pico-sdk/src/rp2_common/pico_stdio/stdio.c.o
                0x00000000100040a0                stdio_put_string
 .text.stdio_get_until
                0x00000000100041a0       0x84 CMakeFiles/sn74hc08_test.dir/home/adept/Donovan/pico/pico-sdk/src/rp2_common/pico_stdio/stdio.c.o
                0x00000000100041a0                stdio_get_until
 .text.stdio_set_driver_enabled
                0x0000000010004224       0x30 CMakeFiles/sn74hc08_test.dir/home/adept/Donovan/pico/pico-sdk/src/rp2_common/pico_stdio/stdio.c.o
                0x0000000010004224                stdio_set_driver_enabled
 .text.stdio_init_all
                0x0000000010004254        0x8 CMakeFiles/sn74hc08_test.dir/home/adept/Donovan/pico/pico-sdk/src/rp2_common/pico_stdio/stdio.c.o
                0x0000000010004254                stdio_init_all
 .text.__wrap_putchar
                0x000000001000425c       0x98 CMakeFiles/sn74hc08_test.dir/home/adept/Donovan/pico/pico-sdk/src/rp2_common/pico_stdio/stdio.c.o
                0x000000001000425c                stdio_putchar
                0x000000001000425c                __wrap_putchar
 .text.__wrap_puts
                0x00000000100042f4       0x3c CMakeFiles/sn74hc08_test.dir/home/adept/Donovan/pico/pico-sdk/src/rp2_common/pico_stdio/stdio.c.o
                0x00000000100042f4                __wrap_puts
                0x00000000100042f4                stdio_puts
 .text.__wrap_vprintf
                0x0000000010004330       0xd8 CMakeFiles/sn74hc08_test.dir/home/adept/Donovan/pico/pico-sdk/src/rp2_common/pico_stdio/stdio.c.o
                0x0000000010004330                __wrap_vprintf
                0x0000000010004330                stdio_vprintf
 .text.__wrap_printf
                0x0000000010004408       0x18 CMakeFiles/sn74hc08_test.dir/home/adept/Donovan/pico/pico-sdk/src/rp2_common/pico_stdio/stdio.c.o
                0x0000000010004408                stdio_printf
                0x0000000010004408                __wrap_printf
 .text.resetd_init
                0x0000000010004420        0x4 CMakeFiles/sn74hc08_test.dir/home/adept/Donovan/pico/pico-sdk/src/rp2_common/pico_stdio_usb/reset_interface.c.o
 .text.resetd_reset
                0x0000000010004424        0xc CMakeFiles/sn74hc08_test.dir/home/adept/Donovan/pico/pico-sdk/src/rp2_common/pico_stdio_usb/reset_interface.c.o
 .text.resetd_open
                0x0000000010004430       0x28 CMakeFiles/sn74hc08_test.dir/home/adept/Donovan/pico/pico-sdk/src/rp2_common/pico_stdio_usb/reset_interface.c.o
 .text.resetd_xfer_cb
                0x0000000010004458        0x4 CMakeFiles/sn74hc08_test.dir/home/adept/Donovan/pico/pico-sdk/src/rp2_common/pico_stdio_usb/reset_interface.c.o
 .text.resetd_control_xfer_cb
                0x000000001000445c       0x60 CMakeFiles/sn74hc08_test.dir/home/adept/Donovan/pico/pico-sdk/src/rp2_common/pico_stdio_usb/reset_interface.c.o
 .text.tud_descriptor_bos_cb
                0x00000000100044bc        0x8 CMakeFiles/sn74hc08_test.dir/home/adept/Donovan/pico/pico-sdk/src/rp2_common/pico_stdio_usb/reset_interface.c.o
                0x00000000100044bc                tud_descriptor_bos_cb
 .text.tud_vendor_control_xfer_cb
                0x00000000100044c4       0x34 CMakeFiles/sn74hc08_test.dir/home/adept/Donovan/pico/pico-sdk/src/rp2_common/pico_stdio_usb/reset_interface.c.o
                0x00000000100044c4                tud_vendor_control_xfer_cb
 .text.usbd_app_driver_get_cb
                0x00000000100044f8        0xc CMakeFiles/sn74hc08_test.dir/home/adept/Donovan/pico/pico-sdk/src/rp2_common/pico_stdio_usb/reset_interface.c.o
                0x00000000100044f8                usbd_app_driver_get_cb
 .text.tud_cdc_line_coding_cb
                0x0000000010004504       0x2c CMakeFiles/sn74hc08_test.dir/home/adept/Donovan/pico/pico-sdk/src/rp2_common/pico_stdio_usb/reset_interface.c.o
                0x0000000010004504                tud_cdc_line_coding_cb
 .text.stdio_usb_set_chars_available_callback
                0x0000000010004530       0x14 CMakeFiles/sn74hc08_test.dir/home/adept/Donovan/pico/pico-sdk/src/rp2_common/pico_stdio_usb/stdio_usb.c.o
                0x0000000010004530                stdio_usb_set_chars_available_callback
 .text.usb_irq  0x0000000010004544       0x10 CMakeFiles/sn74hc08_test.dir/home/adept/Donovan/pico/pico-sdk/src/rp2_common/pico_stdio_usb/stdio_usb.c.o
 .text.timer_task
                0x0000000010004554       0x64 CMakeFiles/sn74hc08_test.dir/home/adept/Donovan/pico/pico-sdk/src/rp2_common/pico_stdio_usb/stdio_usb.c.o
 .text.stdio_usb_in_chars
                0x00000000100045b8       0x90 CMakeFiles/sn74hc08_test.dir/home/adept/Donovan/pico/pico-sdk/src/rp2_common/pico_stdio_usb/stdio_usb.c.o
                0x00000000100045b8                stdio_usb_in_chars
 .text.stdio_usb_out_flush
                0x0000000010004648       0x50 CMakeFiles/sn74hc08_test.dir/home/adept/Donovan/pico/pico-sdk/src/rp2_common/pico_stdio_usb/stdio_usb.c.o
 .text.stdio_usb_out_chars
                0x0000000010004698      0x100 CMakeFiles/sn74hc08_test.dir/home/adept/Donovan/pico/pico-sdk/src/rp2_common/pico_stdio_usb/stdio_usb.c.o
 .text.low_priority_worker_irq
                0x0000000010004798       0xc8 CMakeFiles/sn74hc08_test.dir/home/adept/Donovan/pico/pico-sdk/src/rp2_common/pico_stdio_usb/stdio_usb.c.o
 .text.stdio_usb_init
                0x0000000010004860       0xe8 CMakeFiles/sn74hc08_test.dir/home/adept/Donovan/pico/pico-sdk/src/rp2_common/pico_stdio_usb/stdio_usb.c.o
                0x0000000010004860                stdio_usb_init
 .text.stdio_usb_connected
                0x0000000010004948        0xc CMakeFiles/sn74hc08_test.dir/home/adept/Donovan/pico/pico-sdk/src/rp2_common/pico_stdio_usb/stdio_usb.c.o
                0x0000000010004948                stdio_usb_connected
 .text.tud_descriptor_device_cb
                0x0000000010004954        0x8 CMakeFiles/sn74hc08_test.dir/home/adept/Donovan/pico/pico-sdk/src/rp2_common/pico_stdio_usb/stdio_usb_descriptors.c.o
                0x0000000010004954                tud_descriptor_device_cb
 .text.tud_descriptor_configuration_cb
                0x000000001000495c        0x8 CMakeFiles/sn74hc08_test.dir/home/adept/Donovan/pico/pico-sdk/src/rp2_common/pico_stdio_usb/stdio_usb_descriptors.c.o
                0x000000001000495c                tud_descriptor_configuration_cb
 .text.tud_descriptor_string_cb
                0x0000000010004964       0x70 CMakeFiles/sn74hc08_test.dir/home/adept/Donovan/pico/pico-sdk/src/rp2_common/pico_stdio_usb/stdio_usb_descriptors.c.o
                0x0000000010004964                tud_descriptor_string_cb
 .text.startup._retrieve_unique_id_on_boot
                0x00000000100049d4       0x10 CMakeFiles/sn74hc08_test.dir/home/adept/Donovan/pico/pico-sdk/src/rp2_common/pico_unique_id/unique_id.c.o
 .text.pico_get_unique_board_id_string
                0x00000000100049e4      0x1bc CMakeFiles/sn74hc08_test.dir/home/adept/Donovan/pico/pico-sdk/src/rp2_common/pico_unique_id/unique_id.c.o
                0x00000000100049e4                pico_get_unique_board_id_string
 .text.flash_get_unique_id
                0x0000000010004ba0       0x40 CMakeFiles/sn74hc08_test.dir/home/adept/Donovan/pico/pico-sdk/src/rp2_common/hardware_flash/flash.c.o
                0x0000000010004ba0                flash_get_unique_id
 .text.dcd_init
                0x0000000010004be0       0x94 CMakeFiles/sn74hc08_test.dir/home/adept/Donovan/pico/pico-sdk/lib/tinyusb/src/portable/raspberrypi/rp2040/dcd_rp2040.c.o
                0x0000000010004be0                dcd_init
 .text.dcd_int_enable
                0x0000000010004c74        0xc CMakeFiles/sn74hc08_test.dir/home/adept/Donovan/pico/pico-sdk/lib/tinyusb/src/portable/raspberrypi/rp2040/dcd_rp2040.c.o
                0x0000000010004c74                dcd_int_enable
 .text.dcd_set_address
                0x0000000010004c80       0x14 CMakeFiles/sn74hc08_test.dir/home/adept/Donovan/pico/pico-sdk/lib/tinyusb/src/portable/raspberrypi/rp2040/dcd_rp2040.c.o
                0x0000000010004c80                dcd_set_address
 .text.dcd_sof_enable
                0x0000000010004c94       0x1c CMakeFiles/sn74hc08_test.dir/home/adept/Donovan/pico/pico-sdk/lib/tinyusb/src/portable/raspberrypi/rp2040/dcd_rp2040.c.o
                0x0000000010004c94                dcd_sof_enable
 .text.dcd_edpt0_status_complete
                0x0000000010004cb0       0x1c CMakeFiles/sn74hc08_test.dir/home/adept/Donovan/pico/pico-sdk/lib/tinyusb/src/portable/raspberrypi/rp2040/dcd_rp2040.c.o
                0x0000000010004cb0                dcd_edpt0_status_complete
 .text.dcd_edpt_open
                0x0000000010004ccc      0x114 CMakeFiles/sn74hc08_test.dir/home/adept/Donovan/pico/pico-sdk/lib/tinyusb/src/portable/raspberrypi/rp2040/dcd_rp2040.c.o
                0x0000000010004ccc                dcd_edpt_open
 .text.dcd_edpt_close_all
                0x0000000010004de0        0x8 CMakeFiles/sn74hc08_test.dir/home/adept/Donovan/pico/pico-sdk/lib/tinyusb/src/portable/raspberrypi/rp2040/dcd_rp2040.c.o
                0x0000000010004de0                dcd_edpt_close_all
 .text.dcd_edpt_xfer
                0x0000000010004de8       0x24 CMakeFiles/sn74hc08_test.dir/home/adept/Donovan/pico/pico-sdk/lib/tinyusb/src/portable/raspberrypi/rp2040/dcd_rp2040.c.o
                0x0000000010004de8                dcd_edpt_xfer
 .text.dcd_edpt_stall
                0x0000000010004e0c       0x38 CMakeFiles/sn74hc08_test.dir/home/adept/Donovan/pico/pico-sdk/lib/tinyusb/src/portable/raspberrypi/rp2040/dcd_rp2040.c.o
                0x0000000010004e0c                dcd_edpt_stall
 .text.dcd_edpt_clear_stall
                0x0000000010004e44       0x30 CMakeFiles/sn74hc08_test.dir/home/adept/Donovan/pico/pico-sdk/lib/tinyusb/src/portable/raspberrypi/rp2040/dcd_rp2040.c.o
                0x0000000010004e44                dcd_edpt_clear_stall
 .text.rp2040_usb_init
                0x0000000010004e74       0x40 CMakeFiles/sn74hc08_test.dir/home/adept/Donovan/pico/pico-sdk/lib/tinyusb/src/portable/raspberrypi/rp2040/rp2040_usb.c.o
                0x0000000010004e74                rp2040_usb_init
 .text.hw_endpoint_xfer_start
                0x0000000010004eb4       0x54 CMakeFiles/sn74hc08_test.dir/home/adept/Donovan/pico/pico-sdk/lib/tinyusb/src/portable/raspberrypi/rp2040/rp2040_usb.c.o
                0x0000000010004eb4                hw_endpoint_xfer_start
 .text.tud_event_hook_cb
                0x0000000010004f08        0x4 CMakeFiles/sn74hc08_test.dir/home/adept/Donovan/pico/pico-sdk/lib/tinyusb/src/device/usbd.c.o
                0x0000000010004f08                tud_event_hook_cb
 .text.tud_sof_cb
                0x0000000010004f0c        0x4 CMakeFiles/sn74hc08_test.dir/home/adept/Donovan/pico/pico-sdk/lib/tinyusb/src/device/usbd.c.o
                0x0000000010004f0c                tud_sof_cb
 .text.tud_descriptor_device_qualifier_cb
                0x0000000010004f10        0x4 CMakeFiles/sn74hc08_test.dir/home/adept/Donovan/pico/pico-sdk/lib/tinyusb/src/device/usbd.c.o
                0x0000000010004f10                tud_descriptor_device_qualifier_cb
 .text.tud_descriptor_other_speed_configuration_cb
                0x0000000010004f14        0x4 CMakeFiles/sn74hc08_test.dir/home/adept/Donovan/pico/pico-sdk/lib/tinyusb/src/device/usbd.c.o
                0x0000000010004f14                tud_descriptor_other_speed_configuration_cb
 .text.tud_mount_cb
                0x0000000010004f18        0x4 CMakeFiles/sn74hc08_test.dir/home/adept/Donovan/pico/pico-sdk/lib/tinyusb/src/device/usbd.c.o
                0x0000000010004f18                tud_mount_cb
 .text.tud_umount_cb
                0x0000000010004f1c        0x4 CMakeFiles/sn74hc08_test.dir/home/adept/Donovan/pico/pico-sdk/lib/tinyusb/src/device/usbd.c.o
                0x0000000010004f1c                tud_umount_cb
 .text.tud_suspend_cb
                0x0000000010004f20        0x4 CMakeFiles/sn74hc08_test.dir/home/adept/Donovan/pico/pico-sdk/lib/tinyusb/src/device/usbd.c.o
                0x0000000010004f20                tud_suspend_cb
 .text.tud_resume_cb
                0x0000000010004f24        0x4 CMakeFiles/sn74hc08_test.dir/home/adept/Donovan/pico/pico-sdk/lib/tinyusb/src/device/usbd.c.o
                0x0000000010004f24                tud_resume_cb
 .text.tud_mounted
                0x0000000010004f28       0x10 CMakeFiles/sn74hc08_test.dir/home/adept/Donovan/pico/pico-sdk/lib/tinyusb/src/device/usbd.c.o
                0x0000000010004f28                tud_mounted
 .text.tud_suspended
                0x0000000010004f38       0x10 CMakeFiles/sn74hc08_test.dir/home/adept/Donovan/pico/pico-sdk/lib/tinyusb/src/device/usbd.c.o
                0x0000000010004f38                tud_suspended
 .text.tud_rhport_init
                0x0000000010004f48       0xf4 CMakeFiles/sn74hc08_test.dir/home/adept/Donovan/pico/pico-sdk/lib/tinyusb/src/device/usbd.c.o
                0x0000000010004f48                tud_rhport_init
 .text.tud_task_ext
                0x000000001000503c      0x7dc CMakeFiles/sn74hc08_test.dir/home/adept/Donovan/pico/pico-sdk/lib/tinyusb/src/device/usbd.c.o
                0x000000001000503c                tud_task_ext
 .text.usbd_open_edpt_pair
                0x0000000010005818       0x9c CMakeFiles/sn74hc08_test.dir/home/adept/Donovan/pico/pico-sdk/lib/tinyusb/src/device/usbd.c.o
                0x0000000010005818                usbd_open_edpt_pair
 .text.usbd_edpt_open
                0x00000000100058b4       0x34 CMakeFiles/sn74hc08_test.dir/home/adept/Donovan/pico/pico-sdk/lib/tinyusb/src/device/usbd.c.o
                0x00000000100058b4                usbd_edpt_open
 .text.usbd_edpt_claim
                0x00000000100058e8       0x28 CMakeFiles/sn74hc08_test.dir/home/adept/Donovan/pico/pico-sdk/lib/tinyusb/src/device/usbd.c.o
                0x00000000100058e8                usbd_edpt_claim
 .text.usbd_edpt_release
                0x0000000010005910       0x28 CMakeFiles/sn74hc08_test.dir/home/adept/Donovan/pico/pico-sdk/lib/tinyusb/src/device/usbd.c.o
                0x0000000010005910                usbd_edpt_release
 .text.usbd_edpt_xfer
                0x0000000010005938       0x4c CMakeFiles/sn74hc08_test.dir/home/adept/Donovan/pico/pico-sdk/lib/tinyusb/src/device/usbd.c.o
                0x0000000010005938                usbd_edpt_xfer
 .text.tud_control_status
                0x0000000010005984       0x30 CMakeFiles/sn74hc08_test.dir/home/adept/Donovan/pico/pico-sdk/lib/tinyusb/src/device/usbd_control.c.o
                0x0000000010005984                tud_control_status
 .text.tud_control_xfer
                0x00000000100059b4       0xb8 CMakeFiles/sn74hc08_test.dir/home/adept/Donovan/pico/pico-sdk/lib/tinyusb/src/device/usbd_control.c.o
                0x00000000100059b4                tud_control_xfer
 .text.usbd_control_reset
                0x0000000010005a6c       0x14 CMakeFiles/sn74hc08_test.dir/home/adept/Donovan/pico/pico-sdk/lib/tinyusb/src/device/usbd_control.c.o
                0x0000000010005a6c                usbd_control_reset
 .text.usbd_control_set_complete_callback
                0x0000000010005a80        0xc CMakeFiles/sn74hc08_test.dir/home/adept/Donovan/pico/pico-sdk/lib/tinyusb/src/device/usbd_control.c.o
                0x0000000010005a80                usbd_control_set_complete_callback
 .text.usbd_control_set_request
                0x0000000010005a8c       0x1c CMakeFiles/sn74hc08_test.dir/home/adept/Donovan/pico/pico-sdk/lib/tinyusb/src/device/usbd_control.c.o
                0x0000000010005a8c                usbd_control_set_request
 .text.usbd_control_xfer_cb
                0x0000000010005aa8       0xf0 CMakeFiles/sn74hc08_test.dir/home/adept/Donovan/pico/pico-sdk/lib/tinyusb/src/device/usbd_control.c.o
                0x0000000010005aa8                usbd_control_xfer_cb
 .text.tud_cdc_n_connected
                0x0000000010005b98       0x2c CMakeFiles/sn74hc08_test.dir/home/adept/Donovan/pico/pico-sdk/lib/tinyusb/src/class/cdc/cdc_device.c.o
                0x0000000010005b98                tud_cdc_n_connected
 .text.tud_cdc_n_available
                0x0000000010005bc4       0x18 CMakeFiles/sn74hc08_test.dir/home/adept/Donovan/pico/pico-sdk/lib/tinyusb/src/class/cdc/cdc_device.c.o
                0x0000000010005bc4                tud_cdc_n_available
 .text.tud_cdc_n_read
                0x0000000010005bdc       0x94 CMakeFiles/sn74hc08_test.dir/home/adept/Donovan/pico/pico-sdk/lib/tinyusb/src/class/cdc/cdc_device.c.o
                0x0000000010005bdc                tud_cdc_n_read
 .text.tud_cdc_n_write_flush
                0x0000000010005c70       0x78 CMakeFiles/sn74hc08_test.dir/home/adept/Donovan/pico/pico-sdk/lib/tinyusb/src/class/cdc/cdc_device.c.o
                0x0000000010005c70                tud_cdc_n_write_flush
 .text.tud_cdc_n_write
                0x0000000010005ce8       0x44 CMakeFiles/sn74hc08_test.dir/home/adept/Donovan/pico/pico-sdk/lib/tinyusb/src/class/cdc/cdc_device.c.o
                0x0000000010005ce8                tud_cdc_n_write
 .text.tud_cdc_n_write_available
                0x0000000010005d2c       0x18 CMakeFiles/sn74hc08_test.dir/home/adept/Donovan/pico/pico-sdk/lib/tinyusb/src/class/cdc/cdc_device.c.o
                0x0000000010005d2c                tud_cdc_n_write_available
 .text.cdcd_init
                0x0000000010005d44       0x74 CMakeFiles/sn74hc08_test.dir/home/adept/Donovan/pico/pico-sdk/lib/tinyusb/src/class/cdc/cdc_device.c.o
                0x0000000010005d44                cdcd_init
 .text.cdcd_deinit
                0x0000000010005db8       0x24 CMakeFiles/sn74hc08_test.dir/home/adept/Donovan/pico/pico-sdk/lib/tinyusb/src/class/cdc/cdc_device.c.o
                0x0000000010005db8                cdcd_deinit
 .text.cdcd_reset
                0x0000000010005ddc       0x4c CMakeFiles/sn74hc08_test.dir/home/adept/Donovan/pico/pico-sdk/lib/tinyusb/src/class/cdc/cdc_device.c.o
                0x0000000010005ddc                cdcd_reset
 .text.cdcd_open
                0x0000000010005e28      0x100 CMakeFiles/sn74hc08_test.dir/home/adept/Donovan/pico/pico-sdk/lib/tinyusb/src/class/cdc/cdc_device.c.o
                0x0000000010005e28                cdcd_open
 .text.cdcd_control_xfer_cb
                0x0000000010005f28       0xe8 CMakeFiles/sn74hc08_test.dir/home/adept/Donovan/pico/pico-sdk/lib/tinyusb/src/class/cdc/cdc_device.c.o
                0x0000000010005f28                cdcd_control_xfer_cb
 .text.cdcd_xfer_cb
                0x0000000010006010      0x1b0 CMakeFiles/sn74hc08_test.dir/home/adept/Donovan/pico/pico-sdk/lib/tinyusb/src/class/cdc/cdc_device.c.o
                0x0000000010006010                cdcd_xfer_cb
 .text.vendord_init
                0x00000000100061c0       0x5c CMakeFiles/sn74hc08_test.dir/home/adept/Donovan/pico/pico-sdk/lib/tinyusb/src/class/vendor/vendor_device.c.o
                0x00000000100061c0                vendord_init
 .text.vendord_deinit
                0x000000001000621c       0x1c CMakeFiles/sn74hc08_test.dir/home/adept/Donovan/pico/pico-sdk/lib/tinyusb/src/class/vendor/vendor_device.c.o
                0x000000001000621c                vendord_deinit
 .text.vendord_reset
                0x0000000010006238       0x28 CMakeFiles/sn74hc08_test.dir/home/adept/Donovan/pico/pico-sdk/lib/tinyusb/src/class/vendor/vendor_device.c.o
                0x0000000010006238                vendord_reset
 .text.vendord_open
                0x0000000010006260      0x128 CMakeFiles/sn74hc08_test.dir/home/adept/Donovan/pico/pico-sdk/lib/tinyusb/src/class/vendor/vendor_device.c.o
                0x0000000010006260                vendord_open
 .text.vendord_xfer_cb
                0x0000000010006388       0x9c CMakeFiles/sn74hc08_test.dir/home/adept/Donovan/pico/pico-sdk/lib/tinyusb/src/class/vendor/vendor_device.c.o
                0x0000000010006388                vendord_xfer_cb
 .text.tusb_rhport_init
                0x0000000010006424       0x48 CMakeFiles/sn74hc08_test.dir/home/adept/Donovan/pico/pico-sdk/lib/tinyusb/src/tusb.c.o
                0x0000000010006424                tusb_rhport_init
 .text.tu_edpt_claim
                0x000000001000646c       0x50 CMakeFiles/sn74hc08_test.dir/home/adept/Donovan/pico/pico-sdk/lib/tinyusb/src/tusb.c.o
                0x000000001000646c                tu_edpt_claim
 .text.tu_edpt_release
                0x00000000100064bc       0x38 CMakeFiles/sn74hc08_test.dir/home/adept/Donovan/pico/pico-sdk/lib/tinyusb/src/tusb.c.o
                0x00000000100064bc                tu_edpt_release
 .text.tu_edpt_validate
                0x00000000100064f4       0x78 CMakeFiles/sn74hc08_test.dir/home/adept/Donovan/pico/pico-sdk/lib/tinyusb/src/tusb.c.o
                0x00000000100064f4                tu_edpt_validate
 .text.tu_edpt_bind_driver
                0x000000001000656c       0x34 CMakeFiles/sn74hc08_test.dir/home/adept/Donovan/pico/pico-sdk/lib/tinyusb/src/tusb.c.o
                0x000000001000656c                tu_edpt_bind_driver
 .text.tu_edpt_stream_init
                0x00000000100065a0       0x6c CMakeFiles/sn74hc08_test.dir/home/adept/Donovan/pico/pico-sdk/lib/tinyusb/src/tusb.c.o
                0x00000000100065a0                tu_edpt_stream_init
 .text.tu_edpt_stream_deinit
                0x000000001000660c        0x4 CMakeFiles/sn74hc08_test.dir/home/adept/Donovan/pico/pico-sdk/lib/tinyusb/src/tusb.c.o
                0x000000001000660c                tu_edpt_stream_deinit
 .text.tu_edpt_stream_write_zlp_if_needed
                0x0000000010006610       0x58 CMakeFiles/sn74hc08_test.dir/home/adept/Donovan/pico/pico-sdk/lib/tinyusb/src/tusb.c.o
                0x0000000010006610                tu_edpt_stream_write_zlp_if_needed
 .text.tu_edpt_stream_write_xfer
                0x0000000010006668       0x64 CMakeFiles/sn74hc08_test.dir/home/adept/Donovan/pico/pico-sdk/lib/tinyusb/src/tusb.c.o
                0x0000000010006668                tu_edpt_stream_write_xfer
 .text.tu_edpt_stream_read_xfer
                0x00000000100066cc       0xdc CMakeFiles/sn74hc08_test.dir/home/adept/Donovan/pico/pico-sdk/lib/tinyusb/src/tusb.c.o
                0x00000000100066cc                tu_edpt_stream_read_xfer
 .text.tu_fifo_config
                0x00000000100067a8       0x70 CMakeFiles/sn74hc08_test.dir/home/adept/Donovan/pico/pico-sdk/lib/tinyusb/src/common/tusb_fifo.c.o
                0x00000000100067a8                tu_fifo_config
 .text.tu_fifo_count
                0x0000000010006818       0x2c CMakeFiles/sn74hc08_test.dir/home/adept/Donovan/pico/pico-sdk/lib/tinyusb/src/common/tusb_fifo.c.o
                0x0000000010006818                tu_fifo_count
 .text.tu_fifo_empty
                0x0000000010006844       0x10 CMakeFiles/sn74hc08_test.dir/home/adept/Donovan/pico/pico-sdk/lib/tinyusb/src/common/tusb_fifo.c.o
                0x0000000010006844                tu_fifo_empty
 .text.tu_fifo_remaining
                0x0000000010006854       0x2c CMakeFiles/sn74hc08_test.dir/home/adept/Donovan/pico/pico-sdk/lib/tinyusb/src/common/tusb_fifo.c.o
                0x0000000010006854                tu_fifo_remaining
 .text.tu_fifo_read
                0x0000000010006880       0x9c CMakeFiles/sn74hc08_test.dir/home/adept/Donovan/pico/pico-sdk/lib/tinyusb/src/common/tusb_fifo.c.o
                0x0000000010006880                tu_fifo_read
 .text.tu_fifo_read_n
                0x000000001000691c       0xf0 CMakeFiles/sn74hc08_test.dir/home/adept/Donovan/pico/pico-sdk/lib/tinyusb/src/common/tusb_fifo.c.o
                0x000000001000691c                tu_fifo_read_n
 .text.tu_fifo_write
                0x0000000010006a0c       0x88 CMakeFiles/sn74hc08_test.dir/home/adept/Donovan/pico/pico-sdk/lib/tinyusb/src/common/tusb_fifo.c.o
                0x0000000010006a0c                tu_fifo_write
 .text.tu_fifo_write_n
                0x0000000010006a94      0x158 CMakeFiles/sn74hc08_test.dir/home/adept/Donovan/pico/pico-sdk/lib/tinyusb/src/common/tusb_fifo.c.o
                0x0000000010006a94                tu_fifo_write_n
 .text.tu_fifo_clear
                0x0000000010006bec       0x40 CMakeFiles/sn74hc08_test.dir/home/adept/Donovan/pico/pico-sdk/lib/tinyusb/src/common/tusb_fifo.c.o
                0x0000000010006bec                tu_fifo_clear
 .text.tu_fifo_set_overwritable
                0x0000000010006c2c       0x48 CMakeFiles/sn74hc08_test.dir/home/adept/Donovan/pico/pico-sdk/lib/tinyusb/src/common/tusb_fifo.c.o
                0x0000000010006c2c                tu_fifo_set_overwritable
 .text          0x0000000010006c74      0x1b4 /usr/lib/gcc/arm-none-eabi/9.2.1/../../../arm-none-eabi/lib/thumb/v6-m/nofp/libg.a(lib_a-fflush.o)
                0x0000000010006c74                __sflush_r
                0x0000000010006dd4                _fflush_r
                0x0000000010006e00                fflush
 .text          0x0000000010006e28      0x220 /usr/lib/gcc/arm-none-eabi/9.2.1/../../../arm-none-eabi/lib/thumb/v6-m/nofp/libg.a(lib_a-findfp.o)
                0x0000000010006e2c                _cleanup_r
                0x0000000010006f28                __sfmoreglue
                0x0000000010006f58                __sfp
                0x0000000010006fe0                _cleanup
                0x0000000010006ff8                __sinit
                0x0000000010007008                __sfp_lock_acquire
                0x000000001000700c                __sfp_lock_release
                0x0000000010007010                __sinit_lock_acquire
                0x0000000010007014                __sinit_lock_release
                0x0000000010007018                __fp_lock_all
                0x0000000010007030                __fp_unlock_all
 .text          0x0000000010007048      0x27c /usr/lib/gcc/arm-none-eabi/9.2.1/../../../arm-none-eabi/lib/thumb/v6-m/nofp/libg.a(lib_a-freer.o)
                0x0000000010007048                _malloc_trim_r
                0x00000000100070e8                _free_r
 .text          0x00000000100072c4       0x90 /usr/lib/gcc/arm-none-eabi/9.2.1/../../../arm-none-eabi/lib/thumb/v6-m/nofp/libg.a(lib_a-fwalk.o)
                0x00000000100072c4                _fwalk
                0x0000000010007308                _fwalk_reent
 .text          0x0000000010007354      0x58c /usr/lib/gcc/arm-none-eabi/9.2.1/../../../arm-none-eabi/lib/thumb/v6-m/nofp/libg.a(lib_a-mallocr.o)
                0x0000000010007354                _malloc_r
 .text          0x00000000100078e0        0x8 /usr/lib/gcc/arm-none-eabi/9.2.1/../../../arm-none-eabi/lib/thumb/v6-m/nofp/libg.a(lib_a-mlock.o)
                0x00000000100078e0                __malloc_lock
                0x00000000100078e4                __malloc_unlock
 .text          0x00000000100078e8       0x24 /usr/lib/gcc/arm-none-eabi/9.2.1/../../../arm-none-eabi/lib/thumb/v6-m/nofp/libg.a(lib_a-sbrkr.o)
                0x00000000100078e8                _sbrk_r
 .text          0x000000001000790c       0xa4 /usr/lib/gcc/arm-none-eabi/9.2.1/../../../arm-none-eabi/lib/thumb/v6-m/nofp/libg.a(lib_a-stdio.o)
                0x000000001000790c                __sread
                0x0000000010007934                __seofread
                0x0000000010007938                __swrite
                0x0000000010007978                __sseek
                0x00000000100079a4                __sclose
 .text          0x00000000100079b0       0x68 /usr/lib/gcc/arm-none-eabi/9.2.1/../../../arm-none-eabi/lib/thumb/v6-m/nofp/libg.a(lib_a-strlen-stub.o)
                0x00000000100079b0                strlen
 .text          0x0000000010007a18       0x28 /usr/lib/gcc/arm-none-eabi/9.2.1/../../../arm-none-eabi/lib/thumb/v6-m/nofp/libg.a(lib_a-writer.o)
                0x0000000010007a18                _write_r
 .text          0x0000000010007a40       0x24 /usr/lib/gcc/arm-none-eabi/9.2.1/../../../arm-none-eabi/lib/thumb/v6-m/nofp/libg.a(lib_a-closer.o)
                0x0000000010007a40                _close_r
 .text          0x0000000010007a64       0xac /usr/lib/gcc/arm-none-eabi/9.2.1/../../../arm-none-eabi/lib/thumb/v6-m/nofp/libg.a(lib_a-fclose.o)
                0x0000000010007a64                _fclose_r
                0x0000000010007afc                fclose
 .text          0x0000000010007b10       0x28 /usr/lib/gcc/arm-none-eabi/9.2.1/../../../arm-none-eabi/lib/thumb/v6-m/nofp/libg.a(lib_a-lseekr.o)
                0x0000000010007b10                _lseek_r
 .text          0x0000000010007b38       0x28 /usr/lib/gcc/arm-none-eabi/9.2.1/../../../arm-none-eabi/lib/thumb/v6-m/nofp/libg.a(lib_a-readr.o)
                0x0000000010007b38                _read_r
 *(.fini)
 .fini          0x0000000010007b60        0x4 /usr/lib/gcc/arm-none-eabi/9.2.1/thumb/v6-m/nofp/crti.o
                0x0000000010007b60                _fini
 *fill*         0x0000000010007b64        0x4 
 .fini.__stub   0x0000000010007b68       0xd0 linker stubs
 *crtbegin.o(.ctors)
 *crtbegin?.o(.ctors)
 *(EXCLUDE_FILE(*crtend.o *crtend?.o) .ctors)
 *(SORT_BY_NAME(.ctors.*))
 *(.ctors)
 *crtbegin.o(.dtors)
 *crtbegin?.o(.dtors)
 *(EXCLUDE_FILE(*crtend.o *crtend?.o) .dtors)
 *(SORT_BY_NAME(.dtors.*))
 *(.dtors)
                0x0000000010007c38                . = ALIGN (0x4)
                0x0000000010007c38                PROVIDE (__preinit_array_start = .)
 *(SORT_BY_NAME(.preinit_array.*))
 .preinit_array.00100
                0x0000000010007c38        0x4 CMakeFiles/sn74hc08_test.dir/home/adept/Donovan/pico/pico-sdk/src/rp2_common/pico_runtime_init/runtime_init.c.o
                0x0000000010007c38                __pre_init_runtime_init_early_resets
 .preinit_array.00101
                0x0000000010007c3c        0x4 CMakeFiles/sn74hc08_test.dir/home/adept/Donovan/pico/pico-sdk/src/rp2_common/pico_runtime_init/runtime_init.c.o
                0x0000000010007c3c                __pre_init_runtime_init_usb_power_down
 .preinit_array.00275
                0x0000000010007c40        0x4 CMakeFiles/sn74hc08_test.dir/home/adept/Donovan/pico/pico-sdk/src/rp2_common/pico_bit_ops/bit_ops_aeabi.S.o
 .preinit_array.00300
                0x0000000010007c44        0x4 CMakeFiles/sn74hc08_test.dir/home/adept/Donovan/pico/pico-sdk/src/rp2_common/pico_mem_ops/mem_ops_aeabi.S.o
 .preinit_array.00350
                0x0000000010007c48        0x4 CMakeFiles/sn74hc08_test.dir/home/adept/Donovan/pico/pico-sdk/src/rp2_common/pico_double/double_aeabi_rp2040.S.o
 .preinit_array.00350
                0x0000000010007c4c        0x4 CMakeFiles/sn74hc08_test.dir/home/adept/Donovan/pico/pico-sdk/src/rp2_common/pico_float/float_aeabi_rp2040.S.o
 .preinit_array.00500
                0x0000000010007c50        0x4 CMakeFiles/sn74hc08_test.dir/home/adept/Donovan/pico/pico-sdk/src/rp2_common/pico_runtime_init/runtime_init.c.o
                0x0000000010007c50                __pre_init_runtime_init_clocks
 .preinit_array.00600
                0x0000000010007c54        0x4 CMakeFiles/sn74hc08_test.dir/home/adept/Donovan/pico/pico-sdk/src/rp2_common/pico_runtime_init/runtime_init.c.o
                0x0000000010007c54                __pre_init_runtime_init_post_clock_resets
 .preinit_array.00700
                0x0000000010007c58        0x4 CMakeFiles/sn74hc08_test.dir/home/adept/Donovan/pico/pico-sdk/src/rp2_common/pico_runtime_init/runtime_init.c.o
                0x0000000010007c58                __pre_init_runtime_init_rp2040_gpio_ie_disable
 .preinit_array.01000
                0x0000000010007c5c        0x4 CMakeFiles/sn74hc08_test.dir/home/adept/Donovan/pico/pico-sdk/src/rp2_common/pico_runtime_init/runtime_init.c.o
                0x0000000010007c5c                __pre_init_runtime_init_spin_locks_reset
 .preinit_array.01100
                0x0000000010007c60        0x4 CMakeFiles/sn74hc08_test.dir/home/adept/Donovan/pico/pico-sdk/src/common/pico_sync/mutex.c.o
                0x0000000010007c60                __pre_init_runtime_init_mutex
 .preinit_array.10080
                0x0000000010007c64        0x4 CMakeFiles/sn74hc08_test.dir/home/adept/Donovan/pico/pico-sdk/src/rp2_common/pico_runtime_init/runtime_init.c.o
                0x0000000010007c64                __pre_init_runtime_init_install_ram_vector_table
 .preinit_array.11000
                0x0000000010007c68        0x4 CMakeFiles/sn74hc08_test.dir/home/adept/Donovan/pico/pico-sdk/src/common/pico_time/time.c.o
                0x0000000010007c68                __pre_init_runtime_init_default_alarm_pool
 .preinit_array.YYYYY
                0x0000000010007c6c        0x4 CMakeFiles/sn74hc08_test.dir/home/adept/Donovan/pico/pico-sdk/src/rp2_common/pico_runtime/runtime.c.o
                0x0000000010007c6c                __pre_init_first_per_core_initializer
 .preinit_array.ZZZZZ.01200
                0x0000000010007c70        0x4 CMakeFiles/sn74hc08_test.dir/home/adept/Donovan/pico/pico-sdk/src/rp2_common/hardware_irq/irq.c.o
                0x0000000010007c70                __pre_init_runtime_init_per_core_irq_priorities
 *(.preinit_array)
                0x0000000010007c74                PROVIDE (__preinit_array_end = .)
                0x0000000010007c74                . = ALIGN (0x4)
                0x0000000010007c74                PROVIDE (__init_array_start = .)
 *(SORT_BY_NAME(.init_array.*))
 .init_array.01000
                0x0000000010007c74        0x4 CMakeFiles/sn74hc08_test.dir/home/adept/Donovan/pico/pico-sdk/src/rp2_common/pico_unique_id/unique_id.c.o
 *(.init_array)
 .init_array    0x0000000010007c78        0x4 /usr/lib/gcc/arm-none-eabi/9.2.1/thumb/v6-m/nofp/crtbegin.o
                0x0000000010007c7c                PROVIDE (__init_array_end = .)
                0x0000000010007c7c                . = ALIGN (0x4)
                0x0000000010007c7c                PROVIDE (__fini_array_start = .)
 *(SORT_BY_NAME(.fini_array.*))
 *(.fini_array)
                0x0000000010007c7c                PROVIDE (__fini_array_end = .)
 *(.eh_frame*)
 .eh_frame      0x0000000010007c7c        0x0 /usr/lib/gcc/arm-none-eabi/9.2.1/thumb/v6-m/nofp/crtbegin.o
                0x0000000010007c7c                . = ALIGN (0x4)

.glue_7         0x0000000010007c7c        0x0
 .glue_7        0x0000000010007c7c        0x0 linker stubs

.glue_7t        0x0000000010007c7c        0x0
 .glue_7t       0x0000000010007c7c        0x0 linker stubs

.vfp11_veneer   0x0000000010007c7c        0x0
 .vfp11_veneer  0x0000000010007c7c        0x0 linker stubs

.v4_bx          0x0000000010007c7c        0x0
 .v4_bx         0x0000000010007c7c        0x0 linker stubs

.iplt           0x0000000010007c7c        0x0
 .iplt          0x0000000010007c7c        0x0 /usr/lib/gcc/arm-none-eabi/9.2.1/thumb/v6-m/nofp/crtbegin.o

.rodata         0x0000000010007c80      0x8a4
 *(EXCLUDE_FILE(*libm.a: *libc.a:*lib_a-mem*.o *libgcc.a:) .rodata*)
 .rodata.main.str1.4
                0x0000000010007c80      0x1cb CMakeFiles/sn74hc08_test.dir/src/sn74hc08_test.c.o
 *fill*         0x0000000010007e4b        0x1 
 .rodata.str1.4
                0x0000000010007e4c       0x1f CMakeFiles/sn74hc08_test.dir/src/sn74hc08_test.c.o
 *fill*         0x0000000010007e6b        0x1 
 .rodata.gates  0x0000000010007e6c       0x50 CMakeFiles/sn74hc08_test.dir/src/sn74hc08_test.c.o
 .rodata.panic.str1.4
                0x0000000010007ebc       0x10 CMakeFiles/sn74hc08_test.dir/home/adept/Donovan/pico/pico-sdk/src/rp2_common/pico_platform_panic/panic.c.o
                                         0x12 (size before relaxing)
 .rodata.spin_lock_claim_unused.str1.4
                0x0000000010007ecc       0x1b CMakeFiles/sn74hc08_test.dir/home/adept/Donovan/pico/pico-sdk/src/rp2_common/hardware_sync/sync.c.o
 *fill*         0x0000000010007ee7        0x1 
 .rodata.user_irq_claim_unused.str1.4
                0x0000000010007ee8       0x1b CMakeFiles/sn74hc08_test.dir/home/adept/Donovan/pico/pico-sdk/src/rp2_common/hardware_irq/irq.c.o
 *fill*         0x0000000010007f03        0x5 
 .rodata.at_the_end_of_time
                0x0000000010007f08        0x8 CMakeFiles/sn74hc08_test.dir/home/adept/Donovan/pico/pico-sdk/src/common/pico_time/time.c.o
                0x0000000010007f08                at_the_end_of_time
 .rodata.timer_hardware_alarm_claim.str1.4
                0x0000000010007f10       0x22 CMakeFiles/sn74hc08_test.dir/home/adept/Donovan/pico/pico-sdk/src/rp2_common/hardware_timer/timer.c.o
 *fill*         0x0000000010007f32        0x2 
 .rodata.hard_assertion_failure.str1.4
                0x0000000010007f34        0xc CMakeFiles/sn74hc08_test.dir/home/adept/Donovan/pico/pico-sdk/src/rp2_common/pico_runtime/runtime.c.o
 .rodata.str1.4
                0x0000000010007f40       0x44 CMakeFiles/sn74hc08_test.dir/home/adept/Donovan/pico/pico-sdk/src/rp2_common/pico_standard_binary_info/standard_binary_info.c.o
 .rodata.__bi_26
                0x0000000010007f84        0xc CMakeFiles/sn74hc08_test.dir/home/adept/Donovan/pico/pico-sdk/src/rp2_common/pico_standard_binary_info/standard_binary_info.c.o
 .rodata.__bi_34
                0x0000000010007f90        0xc CMakeFiles/sn74hc08_test.dir/home/adept/Donovan/pico/pico-sdk/src/rp2_common/pico_standard_binary_info/standard_binary_info.c.o
 .rodata.__bi_42
                0x0000000010007f9c        0xc CMakeFiles/sn74hc08_test.dir/home/adept/Donovan/pico/pico-sdk/src/rp2_common/pico_standard_binary_info/standard_binary_info.c.o
 .rodata.__bi_48
                0x0000000010007fa8        0xc CMakeFiles/sn74hc08_test.dir/home/adept/Donovan/pico/pico-sdk/src/rp2_common/pico_standard_binary_info/standard_binary_info.c.o
 .rodata.__bi_54
                0x0000000010007fb4        0xc CMakeFiles/sn74hc08_test.dir/home/adept/Donovan/pico/pico-sdk/src/rp2_common/pico_standard_binary_info/standard_binary_info.c.o
 .rodata.__bi_78
                0x0000000010007fc0        0xc CMakeFiles/sn74hc08_test.dir/home/adept/Donovan/pico/pico-sdk/src/rp2_common/pico_standard_binary_info/standard_binary_info.c.o
 .rodata.__bi_84
                0x0000000010007fcc        0xc CMakeFiles/sn74hc08_test.dir/home/adept/Donovan/pico/pico-sdk/src/rp2_common/pico_standard_binary_info/standard_binary_info.c.o
 .rodata._ftoa.str1.4
                0x0000000010007fd8       0x15 CMakeFiles/sn74hc08_test.dir/home/adept/Donovan/pico/pico-sdk/src/rp2_common/pico_printf/printf.c.o
 *fill*         0x0000000010007fed        0x3 
 .rodata._vsnprintf
                0x0000000010007ff0      0x1e0 CMakeFiles/sn74hc08_test.dir/home/adept/Donovan/pico/pico-sdk/src/rp2_common/pico_printf/printf.c.o
 .rodata.pow10.5460
                0x00000000100081d0       0x50 CMakeFiles/sn74hc08_test.dir/home/adept/Donovan/pico/pico-sdk/src/rp2_common/pico_printf/printf.c.o
 .rodata.crlf_str.6145
                0x0000000010008220        0x2 CMakeFiles/sn74hc08_test.dir/home/adept/Donovan/pico/pico-sdk/src/rp2_common/pico_stdio/stdio.c.o
 *fill*         0x0000000010008222        0x2 
 .rodata._resetd_driver
                0x0000000010008224       0x20 CMakeFiles/sn74hc08_test.dir/home/adept/Donovan/pico/pico-sdk/src/rp2_common/pico_stdio_usb/reset_interface.c.o
 .rodata.desc_bos
                0x0000000010008244       0x21 CMakeFiles/sn74hc08_test.dir/home/adept/Donovan/pico/pico-sdk/src/rp2_common/pico_stdio_usb/reset_interface.c.o
                0x0000000010008244                desc_bos
 *fill*         0x0000000010008265        0x3 
 .rodata.desc_ms_os_20
                0x0000000010008268       0xa6 CMakeFiles/sn74hc08_test.dir/home/adept/Donovan/pico/pico-sdk/src/rp2_common/pico_stdio_usb/reset_interface.c.o
 *fill*         0x000000001000830e        0x2 
 .rodata.str1.4
                0x0000000010008310       0x13 CMakeFiles/sn74hc08_test.dir/home/adept/Donovan/pico/pico-sdk/src/rp2_common/pico_stdio_usb/stdio_usb.c.o
 *fill*         0x0000000010008323        0x1 
 .rodata.__bi_202.7904
                0x0000000010008324        0xc CMakeFiles/sn74hc08_test.dir/home/adept/Donovan/pico/pico-sdk/src/rp2_common/pico_stdio_usb/stdio_usb.c.o
 .rodata.str1.4
                0x0000000010008330       0x2a CMakeFiles/sn74hc08_test.dir/home/adept/Donovan/pico/pico-sdk/src/rp2_common/pico_stdio_usb/stdio_usb_descriptors.c.o
 *fill*         0x000000001000835a        0x2 
 .rodata.usbd_desc_cfg
                0x000000001000835c       0x54 CMakeFiles/sn74hc08_test.dir/home/adept/Donovan/pico/pico-sdk/src/rp2_common/pico_stdio_usb/stdio_usb_descriptors.c.o
 .rodata.usbd_desc_device
                0x00000000100083b0       0x12 CMakeFiles/sn74hc08_test.dir/home/adept/Donovan/pico/pico-sdk/src/rp2_common/pico_stdio_usb/stdio_usb_descriptors.c.o
 *fill*         0x00000000100083c2        0x2 
 .rodata.usbd_desc_str
                0x00000000100083c4       0x18 CMakeFiles/sn74hc08_test.dir/home/adept/Donovan/pico/pico-sdk/src/rp2_common/pico_stdio_usb/stdio_usb_descriptors.c.o
 .rodata.str1.4
                0x00000000100083dc       0x14 CMakeFiles/sn74hc08_test.dir/home/adept/Donovan/pico/pico-sdk/lib/tinyusb/src/portable/raspberrypi/rp2040/dcd_rp2040.c.o
 .rodata.str1.4
                0x00000000100083f0       0x48 CMakeFiles/sn74hc08_test.dir/home/adept/Donovan/pico/pico-sdk/lib/tinyusb/src/portable/raspberrypi/rp2040/rp2040_usb.c.o
 .rodata.tud_task_ext
                0x0000000010008438       0x8c CMakeFiles/sn74hc08_test.dir/home/adept/Donovan/pico/pico-sdk/lib/tinyusb/src/device/usbd.c.o
 .rodata        0x00000000100084c4       0x1c CMakeFiles/sn74hc08_test.dir/home/adept/Donovan/pico/pico-sdk/lib/tinyusb/src/device/usbd.c.o
 .rodata._usbd_driver
                0x00000000100084e0       0x40 CMakeFiles/sn74hc08_test.dir/home/adept/Donovan/pico/pico-sdk/lib/tinyusb/src/device/usbd.c.o
 .rodata        0x0000000010008520        0x4 /usr/lib/gcc/arm-none-eabi/9.2.1/../../../arm-none-eabi/lib/thumb/v6-m/nofp/libg.a(lib_a-impure.o)
                0x0000000010008520                _global_impure_ptr
                0x0000000010008524                . = ALIGN (0x4)
 *(SORT_BY_ALIGNMENT(SORT_BY_NAME(.flashdata*)))
                0x0000000010008524                . = ALIGN (0x4)

.ARM.extab
 *(.ARM.extab* .gnu.linkonce.armextab.*)
                0x0000000010008524                __exidx_start = .

.ARM.exidx
 *(.ARM.exidx* .gnu.linkonce.armexidx.*)
                0x0000000010008524                __exidx_end = .
                0x0000000010008524                . = ALIGN (0x4)
                0x0000000010008524                __binary_info_start = .

.binary_info    0x0000000010008524       0x20
 *(.binary_info.keep.*)
 .binary_info.keep.__bi_ptr26
                0x0000000010008524        0x4 CMakeFiles/sn74hc08_test.dir/home/adept/Donovan/pico/pico-sdk/src/rp2_common/pico_standard_binary_info/standard_binary_info.c.o
 .binary_info.keep.__bi_ptr34
                0x0000000010008528        0x4 CMakeFiles/sn74hc08_test.dir/home/adept/Donovan/pico/pico-sdk/src/rp2_common/pico_standard_binary_info/standard_binary_info.c.o
 .binary_info.keep.__bi_ptr42
                0x000000001000852c        0x4 CMakeFiles/sn74hc08_test.dir/home/adept/Donovan/pico/pico-sdk/src/rp2_common/pico_standard_binary_info/standard_binary_info.c.o
 .binary_info.keep.__bi_ptr48
                0x0000000010008530        0x4 CMakeFiles/sn74hc08_test.dir/home/adept/Donovan/pico/pico-sdk/src/rp2_common/pico_standard_binary_info/standard_binary_info.c.o
 .binary_info.keep.__bi_ptr54
                0x0000000010008534        0x4 CMakeFiles/sn74hc08_test.dir/home/adept/Donovan/pico/pico-sdk/src/rp2_common/pico_standard_binary_info/standard_binary_info.c.o
 .binary_info.keep.__bi_ptr78
                0x0000000010008538        0x4 CMakeFiles/sn74hc08_test.dir/home/adept/Donovan/pico/pico-sdk/src/rp2_common/pico_standard_binary_info/standard_binary_info.c.o
 .binary_info.keep.__bi_ptr84
                0x000000001000853c        0x4 CMakeFiles/sn74hc08_test.dir/home/adept/Donovan/pico/pico-sdk/src/rp2_common/pico_standard_binary_info/standard_binary_info.c.o
 *(.binary_info.*)
 .binary_info.__bi_ptr202
                0x0000000010008540        0x4 CMakeFiles/sn74hc08_test.dir/home/adept/Donovan/pico/pico-sdk/src/rp2_common/pico_stdio_usb/stdio_usb.c.o
                0x0000000010008544                __binary_info_end = .
                0x0000000010008544                . = ALIGN (0x4)

.ram_vector_table
                0x0000000020000000       0xc0
 *(.ram_vector_table)
 .ram_vector_table
                0x0000000020000000       0xc0 CMakeFiles/sn74hc08_test.dir/home/adept/Donovan/pico/pico-sdk/src/rp2_common/pico_runtime_init/runtime_init.c.o
                0x0000000020000000                ram_vector_table

.uninitialized_data
                0x00000000200000c0        0x0
                0x00000000200000c0                . = ALIGN (0x4)
 *(.uninitialized_data*)

.data           0x00000000200000c0     0x18d0 load address 0x0000000010008544
                0x00000000200000c0                __data_start__ = .
 *(vtable)
 *(.time_critical*)
 .time_critical.mutex_try_enter
                0x00000000200000c0       0x48 CMakeFiles/sn74hc08_test.dir/home/adept/Donovan/pico/pico-sdk/src/common/pico_sync/mutex.c.o
                0x00000000200000c0                mutex_try_enter
 .time_critical.mutex_try_enter_block_until
                0x0000000020000108       0xb0 CMakeFiles/sn74hc08_test.dir/home/adept/Donovan/pico/pico-sdk/src/common/pico_sync/mutex.c.o
                0x0000000020000108                mutex_try_enter_block_until
 .time_critical.mutex_enter_timeout_ms
                0x00000000200001b8       0x90 CMakeFiles/sn74hc08_test.dir/home/adept/Donovan/pico/pico-sdk/src/common/pico_sync/mutex.c.o
                0x00000000200001b8                mutex_enter_timeout_ms
 .time_critical.mutex_exit
                0x0000000020000248       0x28 CMakeFiles/sn74hc08_test.dir/home/adept/Donovan/pico/pico-sdk/src/common/pico_sync/mutex.c.o
                0x0000000020000248                mutex_exit
 .time_critical.flash_init_boot2_copyout
                0x0000000020000270       0x30 CMakeFiles/sn74hc08_test.dir/home/adept/Donovan/pico/pico-sdk/src/rp2_common/hardware_flash/flash.c.o
 .time_critical.flash_enable_xip_via_boot2
                0x00000000200002a0       0x10 CMakeFiles/sn74hc08_test.dir/home/adept/Donovan/pico/pico-sdk/src/rp2_common/hardware_flash/flash.c.o
 .time_critical.flash_save_hardware_state
                0x00000000200002b0       0x28 CMakeFiles/sn74hc08_test.dir/home/adept/Donovan/pico/pico-sdk/src/rp2_common/hardware_flash/flash.c.o
 .time_critical.flash_restore_hardware_state
                0x00000000200002d8       0x28 CMakeFiles/sn74hc08_test.dir/home/adept/Donovan/pico/pico-sdk/src/rp2_common/hardware_flash/flash.c.o
 .time_critical.flash_cs_force
                0x0000000020000300       0x38 CMakeFiles/sn74hc08_test.dir/home/adept/Donovan/pico/pico-sdk/src/rp2_common/hardware_flash/flash.c.o
 .time_critical.flash_do_cmd
                0x0000000020000338       0xd4 CMakeFiles/sn74hc08_test.dir/home/adept/Donovan/pico/pico-sdk/src/rp2_common/hardware_flash/flash.c.o
                0x0000000020000338                flash_do_cmd
 .time_critical.reset_non_control_endpoints
                0x000000002000040c       0xbc CMakeFiles/sn74hc08_test.dir/home/adept/Donovan/pico/pico-sdk/lib/tinyusb/src/portable/raspberrypi/rp2040/dcd_rp2040.c.o
 .time_critical.hw_handle_buff_status
                0x00000000200004c8       0x98 CMakeFiles/sn74hc08_test.dir/home/adept/Donovan/pico/pico-sdk/lib/tinyusb/src/portable/raspberrypi/rp2040/dcd_rp2040.c.o
 .time_critical.dcd_rp2040_irq
                0x0000000020000560      0x564 CMakeFiles/sn74hc08_test.dir/home/adept/Donovan/pico/pico-sdk/lib/tinyusb/src/portable/raspberrypi/rp2040/dcd_rp2040.c.o
 .time_critical.prepare_ep_buffer
                0x0000000020000ac4      0x100 CMakeFiles/sn74hc08_test.dir/home/adept/Donovan/pico/pico-sdk/lib/tinyusb/src/portable/raspberrypi/rp2040/rp2040_usb.c.o
 .time_critical.sync_ep_buffer
                0x0000000020000bc4       0xbc CMakeFiles/sn74hc08_test.dir/home/adept/Donovan/pico/pico-sdk/lib/tinyusb/src/portable/raspberrypi/rp2040/rp2040_usb.c.o
 .time_critical._hw_endpoint_xfer_sync
                0x0000000020000c80       0x28 CMakeFiles/sn74hc08_test.dir/home/adept/Donovan/pico/pico-sdk/lib/tinyusb/src/portable/raspberrypi/rp2040/rp2040_usb.c.o
 .time_critical.e15_is_bulkin_ep
                0x0000000020000ca8       0x28 CMakeFiles/sn74hc08_test.dir/home/adept/Donovan/pico/pico-sdk/lib/tinyusb/src/portable/raspberrypi/rp2040/rp2040_usb.c.o
 .time_critical.e15_is_critical_frame_period
                0x0000000020000cd0       0x38 CMakeFiles/sn74hc08_test.dir/home/adept/Donovan/pico/pico-sdk/lib/tinyusb/src/portable/raspberrypi/rp2040/rp2040_usb.c.o
 .time_critical.hw_endpoint_reset_transfer
                0x0000000020000d08        0xc CMakeFiles/sn74hc08_test.dir/home/adept/Donovan/pico/pico-sdk/lib/tinyusb/src/portable/raspberrypi/rp2040/rp2040_usb.c.o
                0x0000000020000d08                hw_endpoint_reset_transfer
 .time_critical._hw_endpoint_buffer_control_update32
                0x0000000020000d14       0x50 CMakeFiles/sn74hc08_test.dir/home/adept/Donovan/pico/pico-sdk/lib/tinyusb/src/portable/raspberrypi/rp2040/rp2040_usb.c.o
                0x0000000020000d14                _hw_endpoint_buffer_control_update32
 .time_critical.hw_endpoint_start_next_buffer
                0x0000000020000d64       0x6c CMakeFiles/sn74hc08_test.dir/home/adept/Donovan/pico/pico-sdk/lib/tinyusb/src/portable/raspberrypi/rp2040/rp2040_usb.c.o
                0x0000000020000d64                hw_endpoint_start_next_buffer
 .time_critical.hw_endpoint_xfer_continue
                0x0000000020000dd0       0x40 CMakeFiles/sn74hc08_test.dir/home/adept/Donovan/pico/pico-sdk/lib/tinyusb/src/portable/raspberrypi/rp2040/rp2040_usb.c.o
                0x0000000020000dd0                hw_endpoint_xfer_continue
 .time_critical.tinyusb
                0x0000000020000e10      0x1f0 CMakeFiles/sn74hc08_test.dir/home/adept/Donovan/pico/pico-sdk/lib/tinyusb/src/device/usbd.c.o
                0x0000000020000e10                dcd_event_handler
 *(.text*)
 .text          0x0000000020001000        0x4 /usr/lib/gcc/arm-none-eabi/9.2.1/thumb/v6-m/nofp/libgcc.a(_dvmd_tls.o)
                0x0000000020001000                __aeabi_ldiv0
                0x0000000020001000                __aeabi_idiv0
 *fill*         0x0000000020001004        0x4 
 .text.__stub   0x0000000020001008       0x80 linker stubs
                0x0000000020001088                . = ALIGN (0x4)
 *(.rodata*)
                0x0000000020001088                . = ALIGN (0x4)
 *(.data*)
 .data.striped_spin_lock_num
                0x0000000020001088        0x1 CMakeFiles/sn74hc08_test.dir/home/adept/Donovan/pico/pico-sdk/src/rp2_common/hardware_sync/sync.c.o
 *fill*         0x0000000020001089        0x3 
 .data          0x000000002000108c       0x48 CMakeFiles/sn74hc08_test.dir/home/adept/Donovan/pico/pico-sdk/src/rp2_common/hardware_irq/irq_handler_chain.S.o
                0x000000002000108c                irq_handler_chain_slots
                0x00000000200010bc                irq_handler_chain_first_slot
                0x00000000200010c6                irq_handler_chain_remove_tail
 .data.default_alarm_pool
                0x00000000200010d4       0x18 CMakeFiles/sn74hc08_test.dir/home/adept/Donovan/pico/pico-sdk/src/common/pico_time/time.c.o
 *fill*         0x00000000200010ec        0x4 
 .data.aeabi_bits_funcs
                0x00000000200010f0       0x10 CMakeFiles/sn74hc08_test.dir/home/adept/Donovan/pico/pico-sdk/src/rp2_common/pico_bit_ops/bit_ops_aeabi.S.o
                0x00000000200010f0                aeabi_bits_funcs
                0x0000000020001100                aeabi_bits_funcs_end
 .data.aeabi_mem_funcs
                0x0000000020001100       0x10 CMakeFiles/sn74hc08_test.dir/home/adept/Donovan/pico/pico-sdk/src/rp2_common/pico_mem_ops/mem_ops_aeabi.S.o
                0x0000000020001100                aeabi_mem_funcs
                0x0000000020001110                aeabi_mem_funcs_end
 .data.stdio_usb
                0x0000000020001110       0x18 CMakeFiles/sn74hc08_test.dir/home/adept/Donovan/pico/pico-sdk/src/rp2_common/pico_stdio_usb/stdio_usb.c.o
                0x0000000020001110                stdio_usb
 .data._usbd_qdef
                0x0000000020001128       0x1c CMakeFiles/sn74hc08_test.dir/home/adept/Donovan/pico/pico-sdk/lib/tinyusb/src/device/usbd.c.o
                0x0000000020001128                _usbd_qdef
 .data._usbd_rhport
                0x0000000020001144        0x1 CMakeFiles/sn74hc08_test.dir/home/adept/Donovan/pico/pico-sdk/lib/tinyusb/src/device/usbd.c.o
 *fill*         0x0000000020001145        0x3 
 .data          0x0000000020001148      0x430 /usr/lib/gcc/arm-none-eabi/9.2.1/../../../arm-none-eabi/lib/thumb/v6-m/nofp/libg.a(lib_a-impure.o)
                0x0000000020001148                _impure_ptr
 .data          0x0000000020001578      0x410 /usr/lib/gcc/arm-none-eabi/9.2.1/../../../arm-none-eabi/lib/thumb/v6-m/nofp/libg.a(lib_a-mallocr.o)
                0x0000000020001578                __malloc_sbrk_base
                0x000000002000157c                __malloc_trim_threshold
                0x0000000020001580                __malloc_av_
                0x0000000020001988                . = ALIGN (0x4)
 *(.after_data.*)
                0x0000000020001988                . = ALIGN (0x4)
                0x0000000020001988                PROVIDE (__mutex_array_start = .)
 *(SORT_BY_NAME(.mutex_array.*))
 *(.mutex_array)
 .mutex_array   0x0000000020001988        0x8 CMakeFiles/sn74hc08_test.dir/home/adept/Donovan/pico/pico-sdk/src/rp2_common/pico_stdio/stdio.c.o
                0x0000000020001990                PROVIDE (__mutex_array_end = .)
                0x0000000020001990                . = ALIGN (0x4)
 *(.jcr)
                0x0000000020001990                . = ALIGN (0x4)

.tm_clone_table
                0x0000000020001990        0x0 load address 0x0000000010009e14
 .tm_clone_table
                0x0000000020001990        0x0 /usr/lib/gcc/arm-none-eabi/9.2.1/thumb/v6-m/nofp/crtbegin.o
 .tm_clone_table
                0x0000000020001990        0x0 /usr/lib/gcc/arm-none-eabi/9.2.1/thumb/v6-m/nofp/crtend.o

.igot.plt       0x0000000020001990        0x0 load address 0x0000000010009e14
 .igot.plt      0x0000000020001990        0x0 /usr/lib/gcc/arm-none-eabi/9.2.1/thumb/v6-m/nofp/crtbegin.o

.tdata          0x0000000020001990        0x0 load address 0x0000000010009e14
                0x0000000020001990                . = ALIGN (0x4)
 *(.tdata .tdata.* .gnu.linkonce.td.*)
                0x0000000020001990                __tdata_end = .
                0x0000000020001990                PROVIDE (__data_end__ = .)
                0x0000000010008544                __etext = LOADADDR (.data)

.tbss           0x0000000020001990        0x0 load address 0x0000000010009e14
                0x0000000020001990                . = ALIGN (0x4)
                0x0000000020001990                __bss_start__ = .
                0x0000000020001990                __tls_base = .
 *(.tbss .tbss.* .gnu.linkonce.tb.*)
 *(.tcommon)
                0x0000000020001990                __tls_end = .

.bss            0x0000000020001990      0xf3c load address 0x0000000010009e14
                0x0000000020001990                . = ALIGN (0x4)
                0x0000000020001990                __tbss_end = .
 *(SORT_BY_ALIGNMENT(SORT_BY_NAME(.bss*)))
 .bss.default_alarm_pool_entries
                0x0000000020001990      0x180 CMakeFiles/sn74hc08_test.dir/home/adept/Donovan/pico/pico-sdk/src/common/pico_time/time.c.o
 .bss.last_avail_time.7872
                0x0000000020001b10        0x8 CMakeFiles/sn74hc08_test.dir/home/adept/Donovan/pico/pico-sdk/src/rp2_common/pico_stdio_usb/stdio_usb.c.o
 .bss           0x0000000020001b18       0x1c /usr/lib/gcc/arm-none-eabi/9.2.1/thumb/v6-m/nofp/crtbegin.o
 .bss           0x0000000020001b34       0x34 /usr/lib/gcc/arm-none-eabi/9.2.1/../../../arm-none-eabi/lib/thumb/v6-m/nofp/libg.a(lib_a-mallocr.o)
                0x0000000020001b34                __malloc_top_pad
                0x0000000020001b38                __malloc_current_mallinfo
                0x0000000020001b60                __malloc_max_sbrked_mem
                0x0000000020001b64                __malloc_max_total_mem
 .bss._app_driver
                0x0000000020001b68        0x4 CMakeFiles/sn74hc08_test.dir/home/adept/Donovan/pico/pico-sdk/lib/tinyusb/src/device/usbd.c.o
 .bss._cdcd_epbuf
                0x0000000020001b6c       0x80 CMakeFiles/sn74hc08_test.dir/home/adept/Donovan/pico/pico-sdk/lib/tinyusb/src/class/cdc/cdc_device.c.o
 .bss._cdcd_fifo_cfg
                0x0000000020001bec        0x1 CMakeFiles/sn74hc08_test.dir/home/adept/Donovan/pico/pico-sdk/lib/tinyusb/src/class/cdc/cdc_device.c.o
 *fill*         0x0000000020001bed        0x3 
 .bss._cdcd_itf
                0x0000000020001bf0       0xc8 CMakeFiles/sn74hc08_test.dir/home/adept/Donovan/pico/pico-sdk/lib/tinyusb/src/class/cdc/cdc_device.c.o
 .bss._ctrl_epbuf
                0x0000000020001cb8       0x40 CMakeFiles/sn74hc08_test.dir/home/adept/Donovan/pico/pico-sdk/lib/tinyusb/src/device/usbd_control.c.o
 .bss._ctrl_xfer
                0x0000000020001cf8       0x14 CMakeFiles/sn74hc08_test.dir/home/adept/Donovan/pico/pico-sdk/lib/tinyusb/src/device/usbd_control.c.o
 .bss._tusb_rhport_role
                0x0000000020001d0c        0x2 CMakeFiles/sn74hc08_test.dir/home/adept/Donovan/pico/pico-sdk/lib/tinyusb/src/tusb.c.o
                0x0000000020001d0c                _tusb_rhport_role
 *fill*         0x0000000020001d0e        0x2 
 .bss._ubsd_mutexdef
                0x0000000020001d10        0x8 CMakeFiles/sn74hc08_test.dir/home/adept/Donovan/pico/pico-sdk/lib/tinyusb/src/device/usbd.c.o
 .bss._usbd_dev
                0x0000000020001d18       0x54 CMakeFiles/sn74hc08_test.dir/home/adept/Donovan/pico/pico-sdk/lib/tinyusb/src/device/usbd.c.o
 .bss._usbd_mutex
                0x0000000020001d6c        0x4 CMakeFiles/sn74hc08_test.dir/home/adept/Donovan/pico/pico-sdk/lib/tinyusb/src/device/usbd.c.o
 .bss._usbd_q   0x0000000020001d70        0x4 CMakeFiles/sn74hc08_test.dir/home/adept/Donovan/pico/pico-sdk/lib/tinyusb/src/device/usbd.c.o
 .bss._vendord_epbuf
                0x0000000020001d74       0x80 CMakeFiles/sn74hc08_test.dir/home/adept/Donovan/pico/pico-sdk/lib/tinyusb/src/class/vendor/vendor_device.c.o
 .bss._vendord_itf
                0x0000000020001df4      0x24c CMakeFiles/sn74hc08_test.dir/home/adept/Donovan/pico/pico-sdk/lib/tinyusb/src/class/vendor/vendor_device.c.o
 .bss.boot2_copyout
                0x0000000020002040      0x100 CMakeFiles/sn74hc08_test.dir/home/adept/Donovan/pico/pico-sdk/src/rp2_common/hardware_flash/flash.c.o
 .bss.chars_available_callback
                0x0000000020002140        0x4 CMakeFiles/sn74hc08_test.dir/home/adept/Donovan/pico/pico-sdk/src/rp2_common/pico_stdio_usb/stdio_usb.c.o
 .bss.chars_available_param
                0x0000000020002144        0x4 CMakeFiles/sn74hc08_test.dir/home/adept/Donovan/pico/pico-sdk/src/rp2_common/pico_stdio_usb/stdio_usb.c.o
 .bss.claimed   0x0000000020002148        0x4 CMakeFiles/sn74hc08_test.dir/home/adept/Donovan/pico/pico-sdk/src/rp2_common/hardware_sync/sync.c.o
 .bss.claimed   0x000000002000214c        0x1 CMakeFiles/sn74hc08_test.dir/home/adept/Donovan/pico/pico-sdk/src/rp2_common/hardware_timer/timer.c.o
 *fill*         0x000000002000214d        0x3 
 .bss.configured_freq
                0x0000000020002150       0x28 CMakeFiles/sn74hc08_test.dir/home/adept/Donovan/pico/pico-sdk/src/rp2_common/hardware_clocks/clocks.c.o
 .bss.desc_str.7467
                0x0000000020002178       0x28 CMakeFiles/sn74hc08_test.dir/home/adept/Donovan/pico/pico-sdk/src/rp2_common/pico_stdio_usb/stdio_usb_descriptors.c.o
 .bss.drivers   0x00000000200021a0        0x4 CMakeFiles/sn74hc08_test.dir/home/adept/Donovan/pico/pico-sdk/src/rp2_common/pico_stdio/stdio.c.o
 .bss.e15_last_sof
                0x00000000200021a4        0x4 CMakeFiles/sn74hc08_test.dir/home/adept/Donovan/pico/pico-sdk/lib/tinyusb/src/portable/raspberrypi/rp2040/rp2040_usb.c.o
                0x00000000200021a4                e15_last_sof
 .bss.filter    0x00000000200021a8        0x4 CMakeFiles/sn74hc08_test.dir/home/adept/Donovan/pico/pico-sdk/src/rp2_common/pico_stdio/stdio.c.o
 .bss.heap_end.6375
                0x00000000200021ac        0x4 CMakeFiles/sn74hc08_test.dir/home/adept/Donovan/pico/pico-sdk/src/rp2_common/pico_clib_interface/newlib_interface.c.o
 .bss.hw_endpoints
                0x00000000200021b0      0x400 CMakeFiles/sn74hc08_test.dir/home/adept/Donovan/pico/pico-sdk/lib/tinyusb/src/portable/raspberrypi/rp2040/dcd_rp2040.c.o
 .bss.lazy_vsnprintf